Component: ARM Compiler 5.05 (build 41) Tool: armlink [4d0eb9]

==============================================================================

Section Cross References

    ames_matrix.o(.text) refers to fmul.o(.text) for __aeabi_fmul
    ames_matrix.o(.text) refers to fadd.o(.text) for __aeabi_fadd
    ames_matrix.o(.text) refers to fdiv.o(.text) for __aeabi_fdiv
    delta.o(.text) refers to fmul.o(.text) for __aeabi_fmul
    delta.o(.text) refers to f2d.o(.text) for __aeabi_f2d
    delta.o(.text) refers to cos.o(i.cos) for cos
    delta.o(.text) refers to dmul.o(.text) for __aeabi_dmul
    delta.o(.text) refers to dadd.o(.text) for __aeabi_dsub
    delta.o(.text) refers to d2f.o(.text) for __aeabi_d2f
    delta.o(.text) refers to sin.o(i.sin) for sin
    delta.o(.text) refers to dscalb.o(.text) for __ARM_scalbn
    delta.o(.text) refers to fadd.o(.text) for __aeabi_fsub
    delta.o(.text) refers to fscalb.o(.text) for __ARM_scalbnf
    delta.o(.text) refers to sqrt.o(i.sqrt) for sqrt
    delta.o(.text) refers to ddiv.o(.text) for __aeabi_ddiv
    delta.o(.text) refers to fdiv.o(.text) for __aeabi_fdiv
    delta.o(.text) refers to cfrcmple.o(.text) for __aeabi_cfrcmple
    delta.o(.text) refers to atan.o(i.atan) for atan
    hardware.o(.text) refers to stm32f10x_rcc.o(.text) for RCC_APB2PeriphClockCmd
    hardware.o(.text) refers to stm32f10x_gpio.o(.text) for GPIO_Init
    jacobian.o(.text) refers to fmul.o(.text) for __aeabi_fmul
    jacobian.o(.text) refers to fdiv.o(.text) for __aeabi_fdiv
    jacobian.o(.text) refers to f2d.o(.text) for __aeabi_f2d
    jacobian.o(.text) refers to sin.o(i.sin) for sin
    jacobian.o(.text) refers to dmul.o(.text) for __aeabi_dmul
    jacobian.o(.text) refers to cos.o(i.cos) for cos
    jacobian.o(.text) refers to dadd.o(.text) for __aeabi_dsub
    jacobian.o(.text) refers to d2f.o(.text) for __aeabi_d2f
    jacobian.o(.text) refers to pow.o(i.pow) for pow
    jacobian.o(.text) refers to sqrt.o(i.sqrt) for sqrt
    jacobian.o(.text) refers to ffixi.o(.text) for __aeabi_f2iz
    jacobian.o(.text) refers to fflti.o(.text) for __aeabi_i2f
    jacobian.o(.text) refers to acos.o(i.acos) for acos
    jacobian.o(.text) refers to dscalb.o(.text) for __ARM_scalbn
    jacobian.o(.text) refers to ddiv.o(.text) for __aeabi_ddiv
    jacobian.o(.text) refers to fadd.o(.text) for __aeabi_fadd
    jacobian.o(.text) refers to ames_matrix.o(.text) for Inv
    main.o(.text) refers to xtask.o(.text) for Application_Init
    xtask.o(.text) refers to ames_clock.o(.text) for TSVN_FOSC_Init
    xtask.o(.text) refers to ames_led.o(.text) for TSVN_Led_Init
    xtask.o(.text) refers to ames_acs712.o(.text) for TSVN_ACS712_Init
    xtask.o(.text) refers to ames_qei.o(.text) for TSVN_QEI_TIM1_Init
    xtask.o(.text) refers to ames_can.o(.text) for TSVN_CAN_Init
    xtask.o(.text) refers to ames_usart.o(.text) for TSVN_USART_Init
    xtask.o(.text) refers to ames_fir.o(.text) for FIR_Init
    xtask.o(.text) refers to ames_pwm.o(.text) for TSVN_PWM_TIM5_Init
    xtask.o(.text) refers to hardware.o(.text) for DIR_Init
    xtask.o(.text) refers to ames_pid.o(.text) for PID_Mem_Create
    xtask.o(.text) refers to ffltui.o(.text) for __aeabi_ui2f
    xtask.o(.text) refers to ames_timer.o(.text) for TSVN_TIM6_Init
    xtask.o(.text) refers to queue.o(.text) for xQueueGenericCreate
    xtask.o(.text) refers to fadd.o(.text) for __aeabi_fadd
    xtask.o(.text) refers to fflti.o(.text) for __aeabi_i2f
    xtask.o(.text) refers to f2d.o(.text) for __aeabi_f2d
    xtask.o(.text) refers to dmul.o(.text) for __aeabi_dmul
    xtask.o(.text) refers to ddiv.o(.text) for __aeabi_ddiv
    xtask.o(.text) refers to d2f.o(.text) for __aeabi_d2f
    xtask.o(.text) refers to delta.o(.text) for Delta_CalcForward
    xtask.o(.text) refers to jacobian.o(.text) for MomentCalculate
    xtask.o(.text) refers to cdrcmple.o(.text) for __aeabi_cdrcmple
    xtask.o(.text) refers to tasks.o(.text) for vTaskDelay
    xtask.o(.text) refers to strcmp.o(.text) for strcmp
    xtask.o(.text) refers to dadd.o(.text) for __aeabi_dadd
    xtask.o(.text) refers to xtask.o(.constdata) for .constdata
    xtask.o(.text) refers to xtask.o(.data) for .data
    xtask.o(.text) refers to fdiv.o(.text) for __aeabi_fdiv
    xtask.o(.text) refers to printfa.o(i.__0printf) for __2printf
    xtask.o(.text) refers to atof.o(i.atof) for atof
    xtask.o(.text) refers to ffixui.o(.text) for __aeabi_f2uiz
    xtask.o(.text) refers to stm32f10x_can.o(.text) for CAN_Transmit
    xtask.o(.text) refers to stm32f10x_usart.o(.text) for USART_GetITStatus
    xtask.o(.text) refers to stm32f10x_tim.o(.text) for TIM_GetITStatus
    xtask.o(.text) refers to xtask.o(.bss) for .bss
    queue.o(.text) refers to port.o(.text) for vPortEnterCritical
    queue.o(.text) refers to list.o(.text) for vListInitialise
    queue.o(.text) refers to tasks.o(.text) for xTaskRemoveFromEventList
    queue.o(.text) refers to heap_2.o(.text) for pvPortMalloc
[...]
    xYieldPending                            0x20000048   Data           4  tasks.o(.data)
    xNumOfOverflows                          0x2000004c   Data           4  tasks.o(.data)
    uxTaskNumber                             0x20000050   Data           4  tasks.o(.data)
    xNextTaskUnblockTime                     0x20000054   Data           4  tasks.o(.data)
    uxSchedulerSuspended                     0x20000058   Data           4  tasks.o(.data)
    pxDelayedTaskList                        0x2000005c   Data           4  tasks.o(.data)
    pxOverflowDelayedTaskList                0x20000060   Data           4  tasks.o(.data)
    .data                                    0x20000064   Section       24  heap_2.o(.data)
    xFreeBytesRemaining                      0x20000064   Data           4  heap_2.o(.data)
    xHeapHasBeenInitialised                  0x20000068   Data           4  heap_2.o(.data)
    xStart                                   0x2000006c   Data           8  heap_2.o(.data)
    xEnd                                     0x20000074   Data           8  heap_2.o(.data)
    .data                                    0x2000007c   Section        4  port.o(.data)
    uxCriticalNesting                        0x2000007c   Data           4  port.o(.data)
    .data                                    0x20000080   Section       24  ames_acs712.o(.data)
    Voltage                                  0x20000080   Data           8  ames_acs712.o(.data)
    Amps                                     0x20000088   Data           8  ames_acs712.o(.data)
    .data                                    0x20000098   Section        4  ames_led.o(.data)
    .data                                    0x2000009c   Section       32  ames_pid.o(.data)
    .data                                    0x200000bc   Section        8  ames_pwm.o(.data)
    .data                                    0x200000c4   Section       32  ames_qei.o(.data)
    .data                                    0x200000e4   Section        8  ames_timer.o(.data)
    .data                                    0x200000ec   Section       16  ames_usart.o(.data)
    ReturnValue                              0x200000ec   Data           4  ames_usart.o(.data)
    .data                                    0x200000fc   Section       20  stm32f10x_rcc.o(.data)
    ADCPrescTable                            0x200000fc   Data           4  stm32f10x_rcc.o(.data)
    APBAHBPrescTable                         0x20000100   Data          16  stm32f10x_rcc.o(.data)
    .data                                    0x20000110   Section       20  system_stm32f10x.o(.data)
    .data                                    0x20000124   Section        4  stdout.o(.data)
    .data                                    0x20000128   Section        4  mvars.o(.data)
    .data                                    0x2000012c   Section        4  mvars.o(.data)
    .data                                    0x20000130   Section        4  errno.o(.data)
    _errno                                   0x20000130   Data           4  errno.o(.data)
    .bss                                     0x20000134   Section       48  xtask.o(.bss)
    CurentValue_MOTOR                        0x20000134   Data          12  xtask.o(.bss)
    Moment                                   0x20000140   Data          12  xtask.o(.bss)
    Moments                                  0x2000014c   Data          12  xtask.o(.bss)
    PWM_MOTOR                                0x20000158   Data          12  xtask.o(.bss)
    .bss                                     0x20000164   Section      200  tasks.o(.bss)
    pxReadyTasksLists                        0x20000164   Data         100  tasks.o(.bss)
    xDelayedTaskList1                        0x200001c8   Data          20  tasks.o(.bss)
    xDelayedTaskList2                        0x200001dc   Data          20  tasks.o(.bss)
    xPendingReadyList                        0x200001f0   Data          20  tasks.o(.bss)
    xTasksWaitingTermination                 0x20000204   Data          20  tasks.o(.bss)
    xSuspendedTaskList                       0x20000218   Data          20  tasks.o(.bss)
    .bss                                     0x2000022c   Section    20480  heap_2.o(.bss)
    ucHeap                                   0x2000022c   Data       20480  heap_2.o(.bss)
    .bss                                     0x20005230   Section     2576  ames_fir.o(.bss)
    HEAP                                     0x20005c40   Section      512  startup_stm32f10x_cl.o(HEAP)
    STACK                                    0x20005e40   Section     1024  startup_stm32f10x_cl.o(STACK)

    Global Symbols

    Symbol Name                              Value     Ov Type        Size  Object(Section)

    BuildAttributes$$THM_ISAv4$P$D$K$B$S$PE$A:L22UL41UL21$X:L11$S22US41US21$IEEE1$IW$USESV6$~STKCKD$USESV7$~SHL$OTIME$ROPI$IEEEX$EBA8$MICROLIB$REQ8$PRES8$EABIv2 0x00000000   Number         0  anon$$obj.o ABSOLUTE
    __ARM_use_no_argv                        0x00000000   Number         0  main.o ABSOLUTE
    _printf_a                                0x00000000   Number         0  stubs.o ABSOLUTE
    _printf_c                                0x00000000   Number         0  stubs.o ABSOLUTE
    _printf_charcount                        0x00000000   Number         0  stubs.o ABSOLUTE
    _printf_d                                0x00000000   Number         0  stubs.o ABSOLUTE
    _printf_e                                0x00000000   Number         0  stubs.o ABSOLUTE
    _printf_f                                0x00000000   Number         0  stubs.o ABSOLUTE
    _printf_flags                            0x00000000   Number         0  stubs.o ABSOLUTE
    _printf_fp_dec                           0x00000000   Number         0  stubs.o ABSOLUTE
    _printf_fp_hex                           0x00000000   Number         0  stubs.o ABSOLUTE
    _printf_g                                0x00000000   Number         0  stubs.o ABSOLUTE
    _printf_i                                0x00000000   Number         0  stubs.o ABSOLUTE
    _printf_int_dec                          0x00000000   Number         0  stubs.o ABSOLUTE
    _printf_l                                0x00000000   Number         0  stubs.o ABSOLUTE
    _printf_lc                               0x00000000   Number         0  stubs.o ABSOLUTE
    _printf_ll                               0x00000000   Number         0  stubs.o ABSOLUTE
    _printf_lld                              0x00000000   Number         0  stubs.o ABSOLUTE
    _printf_lli                              0x00000000   Number         0  stubs.o ABSOLUTE
    _printf_llo                              0x00000000   Number         0  stubs.o ABSOLUTE
    _printf_llu                              0x00000000   Number         0  stubs.o ABSOLUTE
    _printf_llx                              0x00000000   Number         0  stubs.o ABSOLUTE
    _printf_longlong_dec                     0x00000000   Number         0  stubs.o ABSOLUTE
    _printf_longlong_hex                     0x00000000   Number         0  stubs.o ABSOLUTE
    _printf_longlong_oct                     0x00000000   Number         0  stubs.o ABSOLUTE
    _printf_ls                               0x00000000   Number         0  stubs.o ABSOLUTE
    _printf_mbtowc                           0x00000000   Number         0  stubs.o ABSOLUTE
    _printf_n                                0x00000000   Number         0  stubs.o ABSOLUTE
    _printf_o                                0x00000000   Number         0  stubs.o ABSOLUTE
    _printf_p                                0x00000000   Number         0  stubs.o ABSOLUTE
    _printf_percent                          0x00000000   Number         0  stubs.o ABSOLUTE
    _printf_pre_padding                      0x00000000   Number         0  stubs.o ABSOLUTE
    _printf_return_value                     0x00000000   Number         0  stubs.o ABSOLUTE
    _printf_s                                0x00000000   Number         0  stubs.o ABSOLUTE
    _printf_sizespec                         0x00000000   Number         0  stubs.o ABSOLUTE
    _printf_str                              0x00000000   Number         0  stubs.o ABSOLUTE
    _printf_truncate_signed                  0x00000000   Number         0  stubs.o ABSOLUTE
    _printf_truncate_unsigned                0x00000000   Number         0  stubs.o ABSOLUTE
    _printf_u                                0x00000000   Number         0  stubs.o ABSOLUTE
    _printf_wc                               0x00000000   Number         0  stubs.o ABSOLUTE
    _printf_wctomb                           0x00000000   Number         0  stubs.o ABSOLUTE
    _printf_widthprec                        0x00000000   Number         0  stubs.o ABSOLUTE
    _printf_x                                0x00000000   Number         0  stubs.o ABSOLUTE
    __cpp_initialize__aeabi_                  - Undefined Weak Reference
    __cxa_finalize                            - Undefined Weak Reference
    _clock_init                               - Undefined Weak Reference
    _microlib_exit                            - Undefined Weak Reference
    __Vectors_Size                           0x00000150   Number         0  startup_stm32f10x_cl.o ABSOLUTE
    __Vectors                                0x08000000   Data           4  startup_stm32f10x_cl.o(RESET)
    __Vectors_End                            0x08000150   Data           0  startup_stm32f10x_cl.o(RESET)
    __main                                   0x08000151   Thumb Code     0  entry.o(.ARM.Collect$$$$00000000)
    _main_stk                                0x08000151   Thumb Code     0  entry2.o(.ARM.Collect$$$$00000001)
    _main_scatterload                        0x08000155   Thumb Code     0  entry5.o(.ARM.Collect$$$$00000004)
    __main_after_scatterload                 0x08000159   Thumb Code     0  entry5.o(.ARM.Collect$$$$00000004)
    _main_clock                              0x08000159   Thumb Code     0  entry7b.o(.ARM.Collect$$$$00000008)
    _main_cpp_init                           0x08000159   Thumb Code     0  entry8b.o(.ARM.Collect$$$$0000000A)
    _main_init                               0x08000159   Thumb Code     0  entry9a.o(.ARM.Collect$$$$0000000B)
    __rt_final_cpp                           0x08000161   Thumb Code     0  entry10a.o(.ARM.Collect$$$$0000000D)
    __rt_final_exit                          0x08000161   Thumb Code     0  entry11a.o(.ARM.Collect$$$$0000000F)
    SVC_Handler                              0x08000165   Thumb Code    32  port.o(.emb_text)
    __asm___6_port_c_39a90d8d__prvStartFirstTask 0x08000189   Thumb Code    28  port.o(.emb_text)
    PendSV_Handler                           0x080001a9   Thumb Code    64  port.o(.emb_text)
    ulPortSetInterruptMask                   0x080001ed   Thumb Code    14  port.o(.emb_text)
    vPortClearInterruptMask                  0x080001fb   Thumb Code     6  port.o(.emb_text)
    vPortGetIPSR                             0x08000201   Thumb Code     6  port.o(.emb_text)
    Det                                      0x08000209   Thumb Code   168  ames_matrix.o(.text)
    MultiplyMax                              0x080002b1   Thumb Code   502  ames_matrix.o(.text)
    Turn                                     0x080004a7   Thumb Code    38  ames_matrix.o(.text)
    Inv                                      0x080004cd   Thumb Code   488  ames_matrix.o(.text)
    Delta_CalcForward                        0x080006bd   Thumb Code   918  delta.o(.text)
    Delta_CalcAngleYZ                        0x08000a53   Thumb Code   428  delta.o(.text)
    Delta_CalcInverse                        0x08000bff   Thumb Code   146  delta.o(.text)
    DIR_Init                                 0x08000ca1   Thumb Code    66  hardware.o(.text)
    DIR_Change                               0x08000ce3   Thumb Code    68  hardware.o(.text)
    JacobianCalAngle                         0x08000d2d   Thumb Code   576  jacobian.o(.text)
    MomentCalculate                          0x08000f6d   Thumb Code  1392  jacobian.o(.text)
    main                                     0x080014e1   Thumb Code    14  main.o(.text)
    Application_Init                         0x080014f1   Thumb Code   286  xtask.o(.text)
    MOMENT_TASK                              0x0800160f   Thumb Code   504  xtask.o(.text)
    TRANSFER_TASK                            0x08001807   Thumb Code   836  xtask.o(.text)
    POS_TASK                                 0x08001b4b   Thumb Code   326  xtask.o(.text)
    Application_Run                          0x08001c91   Thumb Code    84  xtask.o(.text)
    CAN1_RX0_IRQHandler                      0x08001ce5   Thumb Code    82  xtask.o(.text)
    USART1_IRQHandler                        0x08001d37   Thumb Code   262  xtask.o(.text)
    TIM6_IRQHandler                          0x08001e3d   Thumb Code   446  xtask.o(.text)
    vListInitialise                          0x0800200d   Thumb Code    22  list.o(.text)
    vListInitialiseItem                      0x08002023   Thumb Code     6  list.o(.text)
    vListInsertEnd                           0x08002029   Thumb Code    24  list.o(.text)
    vListInsert                              0x08002041   Thumb Code    58  list.o(.text)
    uxListRemove                             0x0800207b   Thumb Code    36  list.o(.text)
    xQueueGenericReset                       0x0800209f   Thumb Code    96  queue.o(.text)
    xQueueGenericCreate                      0x080020ff   Thumb Code   110  queue.o(.text)
    xQueueCreateCountingSemaphore            0x0800216d   Thumb Code   104  queue.o(.text)
    xQueueGenericSend                        0x080021d5   Thumb Code   580  queue.o(.text)
    xQueueGenericSendFromISR                 0x08002419   Thumb Code   174  queue.o(.text)
    xQueueGiveFromISR                        0x080024c7   Thumb Code    82  queue.o(.text)
    xQueueGenericReceive                     0x08002519   Thumb Code   542  queue.o(.text)
    xQueueReceiveFromISR                     0x08002737   Thumb Code   114  queue.o(.text)
    xQueuePeekFromISR                        0x080027a9   Thumb Code    68  queue.o(.text)
    uxQueueMessagesWaiting                   0x080027ed   Thumb Code    18  queue.o(.text)
    uxQueueSpacesAvailable                   0x080027ff   Thumb Code    22  queue.o(.text)
    uxQueueMessagesWaitingFromISR            0x08002815   Thumb Code     4  queue.o(.text)
    vQueueDelete                             0x08002819   Thumb Code     4  queue.o(.text)
    xQueueIsQueueEmptyFromISR                0x0800281d   Thumb Code    12  queue.o(.text)
    xQueueIsQueueFullFromISR                 0x08002829   Thumb Code    14  queue.o(.text)
    xTaskGenericCreate                       0x08002839   Thumb Code   328  tasks.o(.text)
    vTaskDelete                              0x08002981   Thumb Code   148  tasks.o(.text)
    xTaskIncrementTick                       0x08002a15   Thumb Code   206  tasks.o(.text)
    xTaskResumeAll                           0x08002ae3   Thumb Code   360  tasks.o(.text)
    vTaskSuspendAll                          0x08002c4b   Thumb Code    10  tasks.o(.text)
    vTaskDelayUntil                          0x08002c55   Thumb Code   128  tasks.o(.text)
    vTaskDelay                               0x08002cd5   Thumb Code    70  tasks.o(.text)
    uxTaskPriorityGet                        0x08002d1b   Thumb Code    26  tasks.o(.text)
    uxTaskPriorityGetFromISR                 0x08002d35   Thumb Code    26  tasks.o(.text)
    vTaskPrioritySet                         0x08002d4f   Thumb Code   160  tasks.o(.text)
    vTaskSwitchContext                       0x08002def   Thumb Code    62  tasks.o(.text)
    vTaskSuspend                             0x08002e2d   Thumb Code   218  tasks.o(.text)
    vTaskResume                              0x08002f07   Thumb Code    96  tasks.o(.text)
    xTaskResumeFromISR                       0x08002f67   Thumb Code   108  tasks.o(.text)
    vTaskStartScheduler                      0x0800302f   Thumb Code    56  tasks.o(.text)
    vTaskEndScheduler                        0x08003067   Thumb Code    20  tasks.o(.text)
    xTaskGetTickCount                        0x0800307b   Thumb Code     6  tasks.o(.text)
    xTaskGetTickCountFromISR                 0x08003081   Thumb Code     6  tasks.o(.text)
    uxTaskGetNumberOfTasks                   0x08003087   Thumb Code     6  tasks.o(.text)
    vTaskPlaceOnEventList                    0x0800308d   Thumb Code   112  tasks.o(.text)
    vTaskPlaceOnUnorderedEventList           0x080030fd   Thumb Code    84  tasks.o(.text)
    xTaskRemoveFromEventList                 0x08003151   Thumb Code    86  tasks.o(.text)
    xTaskRemoveFromUnorderedEventList        0x080031a7   Thumb Code    70  tasks.o(.text)
    vTaskSetTimeOutState                     0x080031ed   Thumb Code    12  tasks.o(.text)
    xTaskCheckForTimeOut                     0x080031f9   Thumb Code    76  tasks.o(.text)
    vTaskMissedYield                         0x08003245   Thumb Code     8  tasks.o(.text)
    uxTaskResetEventItemValue                0x0800324d   Thumb Code    20  tasks.o(.text)
    ulTaskNotifyTake                         0x08003261   Thumb Code   138  tasks.o(.text)
    xTaskNotifyWait                          0x080032eb   Thumb Code   168  tasks.o(.text)
    xTaskGenericNotify                       0x08003393   Thumb Code   140  tasks.o(.text)
    xTaskNotifyFromISR                       0x0800341f   Thumb Code   160  tasks.o(.text)
    vTaskNotifyGiveFromISR                   0x080034bf   Thumb Code   136  tasks.o(.text)
    pvPortMalloc                             0x08003581   Thumb Code   190  heap_2.o(.text)
    vPortFree                                0x0800363f   Thumb Code    54  heap_2.o(.text)
    xPortGetFreeHeapSize                     0x08003675   Thumb Code     6  heap_2.o(.text)
    vPortInitialiseBlocks                    0x0800367b   Thumb Code     2  heap_2.o(.text)
    pxPortInitialiseStack                    0x0800368f   Thumb Code    26  port.o(.text)
    vPortSetupTimerInterrupt                 0x080036a9   Thumb Code    14  port.o(.text)
    xPortStartScheduler                      0x080036b7   Thumb Code    46  port.o(.text)
    vPortEndScheduler                        0x080036e5   Thumb Code     2  port.o(.text)
    vPortYield                               0x080036e7   Thumb Code    18  port.o(.text)
    vPortEnterCritical                       0x080036f9   Thumb Code    24  port.o(.text)
    vPortExitCritical                        0x08003711   Thumb Code    18  port.o(.text)
    SysTick_Handler                          0x08003723   Thumb Code    30  port.o(.text)
    __DMA_Init                               0x08003755   Thumb Code    80  ames_acs712.o(.text)
    TSVN_ACS712_Init                         0x080037a5   Thumb Code   276  ames_acs712.o(.text)
    TSVN_ACS712_Read_ADC                     0x080038b9   Thumb Code    42  ames_acs712.o(.text)
    TSVN_ACS712_Read                         0x080038e3   Thumb Code   274  ames_acs712.o(.text)
    TSVN_CAN_Init                            0x08003a1d   Thumb Code   232  ames_can.o(.text)
    TSVN_CAN_Deinit                          0x08003b05   Thumb Code     6  ames_can.o(.text)
    TSVN_FOSC_Init                           0x08003b15   Thumb Code   164  ames_clock.o(.text)
    FIR_Init                                 0x08003bc1   Thumb Code    22  ames_fir.o(.text)
    Median_Filter                            0x08003bd7   Thumb Code   276  ames_fir.o(.text)
    FIR_Filter                               0x08003ceb   Thumb Code   142  ames_fir.o(.text)
    FIR_CollectData                          0x08003d79   Thumb Code    38  ames_fir.o(.text)
    AMES_Filter                              0x08003d9f   Thumb Code    72  ames_fir.o(.text)
    TSVN_Led_Init                            0x08003df9   Thumb Code    82  ames_led.o(.text)
    TSVN_Led_On                              0x08003e4b   Thumb Code    50  ames_led.o(.text)
    TSVN_Led_Off                             0x08003e7d   Thumb Code    50  ames_led.o(.text)
    TSVN_Led_Toggle                          0x08003eaf   Thumb Code   130  ames_led.o(.text)
    TSVN_Led_Deinit                          0x08003f31   Thumb Code     8  ames_led.o(.text)
    PID_Mem_Create                           0x08003f41   Thumb Code   134  ames_pid.o(.text)
    PID_Free_Mem                             0x08003fc7   Thumb Code    50  ames_pid.o(.text)
    PID_Reset                                0x08003ff9   Thumb Code    48  ames_pid.o(.text)
    PID_Init                                 0x08004029   Thumb Code    52  ames_pid.o(.text)
    PID_WindUp_Init                          0x0800405d   Thumb Code    22  ames_pid.o(.text)
    PID_Calculate                            0x08004073   Thumb Code   280  ames_pid.o(.text)
    TSVN_PWM_TIM5_Init                       0x08004191   Thumb Code   308  ames_pwm.o(.text)
    TSVN_PWM_TIM5_Set_Duty                   0x080042c5   Thumb Code   112  ames_pwm.o(.text)
    TSVN_PWM_TIM5_Start                      0x08004335   Thumb Code     8  ames_pwm.o(.text)
    TSVN_PWM_TIM5_Stop                       0x0800433d   Thumb Code     8  ames_pwm.o(.text)
    TSVN_QEI_TIM1_Init                       0x08004355   Thumb Code   190  ames_qei.o(.text)
    TSVN_QEI_TIM1_Deinit                     0x08004413   Thumb Code    30  ames_qei.o(.text)
    TIM1_UP_IRQHandler                       0x08004431   Thumb Code    48  ames_qei.o(.text)
    TSVN_QEI_TIM1_Value                      0x08004461   Thumb Code    20  ames_qei.o(.text)
    TSVN_QEI_TIM2_Init                       0x08004475   Thumb Code   174  ames_qei.o(.text)
    TSVN_QEI_TIM2_Deinit                     0x08004523   Thumb Code    28  ames_qei.o(.text)
    TIM2_IRQHandler                          0x0800453f   Thumb Code    50  ames_qei.o(.text)
    TSVN_QEI_TIM2_Value                      0x08004571   Thumb Code    22  ames_qei.o(.text)
    TSVN_QEI_TIM3_Init                       0x08004587   Thumb Code   184  ames_qei.o(.text)
    TSVN_QEI_TIM3_Deinit                     0x0800463f   Thumb Code    28  ames_qei.o(.text)
    TIM3_IRQHandler                          0x0800465b   Thumb Code    48  ames_qei.o(.text)
    TSVN_QEI_TIM3_Value                      0x0800468b   Thumb Code    20  ames_qei.o(.text)
    TSVN_QEI_TIM4_Init                       0x0800469f   Thumb Code   226  ames_qei.o(.text)
    TSVN_QEI_TIM4_Deinit                     0x08004781   Thumb Code    28  ames_qei.o(.text)
    TIM4_IRQHandler                          0x0800479d   Thumb Code    48  ames_qei.o(.text)
    TSVN_QEI_TIM4_Value                      0x080047cd   Thumb Code    20  ames_qei.o(.text)
    TSVN_TIM6_Init                           0x080047ed   Thumb Code   244  ames_timer.o(.text)
    TSVN_TIM7_Init                           0x080048e1   Thumb Code   244  ames_timer.o(.text)
    TSVN_USART_Init                          0x080049e9   Thumb Code   244  ames_usart.o(.text)
    TSVN_USART_Deinit                        0x08004add   Thumb Code    34  ames_usart.o(.text)
    TSVN_USART_Create_Frame                  0x08004aff   Thumb Code    84  ames_usart.o(.text)
    TSVN_USART_Get_Frame                     0x08004b53   Thumb Code    16  ames_usart.o(.text)
    TSVN_Find                                0x08004b63   Thumb Code    60  ames_usart.o(.text)
    TSVN_Get_Parameters                      0x08004b9f   Thumb Code   298  ames_usart.o(.text)
    fputc                                    0x08004cc9   Thumb Code    30  ames_usart.o(.text)
    NVIC_PriorityGroupConfig                 0x08004d01   Thumb Code    14  misc.o(.text)
    NVIC_Init                                0x08004d0f   Thumb Code   112  misc.o(.text)
    NVIC_SetVectorTable                      0x08004d7f   Thumb Code    16  misc.o(.text)
    NVIC_SystemLPConfig                      0x08004d8f   Thumb Code    18  misc.o(.text)
    SysTick_CLKSourceConfig                  0x08004da1   Thumb Code    22  misc.o(.text)
    ADC_DeInit                               0x08004dc5   Thumb Code    92  stm32f10x_adc.o(.text)
    ADC_Init                                 0x08004e21   Thumb Code    70  stm32f10x_adc.o(.text)
    ADC_StructInit                           0x08004e67   Thumb Code    18  stm32f10x_adc.o(.text)
    ADC_Cmd                                  0x08004e79   Thumb Code    18  stm32f10x_adc.o(.text)
    ADC_DMACmd                               0x08004e8b   Thumb Code    18  stm32f10x_adc.o(.text)
    ADC_ITConfig                             0x08004e9d   Thumb Code    18  stm32f10x_adc.o(.text)
    ADC_ResetCalibration                     0x08004eaf   Thumb Code    10  stm32f10x_adc.o(.text)
    ADC_GetResetCalibrationStatus            0x08004eb9   Thumb Code    16  stm32f10x_adc.o(.text)
    ADC_StartCalibration                     0x08004ec9   Thumb Code    10  stm32f10x_adc.o(.text)
    ADC_GetCalibrationStatus                 0x08004ed3   Thumb Code    16  stm32f10x_adc.o(.text)
    ADC_SoftwareStartConvCmd                 0x08004ee3   Thumb Code    18  stm32f10x_adc.o(.text)
    ADC_GetSoftwareStartConvStatus           0x08004ef5   Thumb Code    16  stm32f10x_adc.o(.text)
    ADC_DiscModeChannelCountConfig           0x08004f05   Thumb Code    16  stm32f10x_adc.o(.text)
    ADC_DiscModeCmd                          0x08004f15   Thumb Code    18  stm32f10x_adc.o(.text)
    ADC_RegularChannelConfig                 0x08004f27   Thumb Code   146  stm32f10x_adc.o(.text)
    ADC_ExternalTrigConvCmd                  0x08004fb9   Thumb Code    18  stm32f10x_adc.o(.text)
    ADC_GetConversionValue                   0x08004fcb   Thumb Code     6  stm32f10x_adc.o(.text)
    ADC_GetDualModeConversionValue           0x08004fd1   Thumb Code     6  stm32f10x_adc.o(.text)
    ADC_AutoInjectedConvCmd                  0x08004fd7   Thumb Code    18  stm32f10x_adc.o(.text)
    ADC_InjectedDiscModeCmd                  0x08004fe9   Thumb Code    18  stm32f10x_adc.o(.text)
    ADC_ExternalTrigInjectedConvConfig       0x08004ffb   Thumb Code    12  stm32f10x_adc.o(.text)
    ADC_ExternalTrigInjectedConvCmd          0x08005007   Thumb Code    18  stm32f10x_adc.o(.text)
    ADC_SoftwareStartInjectedConvCmd         0x08005019   Thumb Code    18  stm32f10x_adc.o(.text)
    ADC_GetSoftwareStartInjectedConvCmdStatus 0x0800502b   Thumb Code    16  stm32f10x_adc.o(.text)
    ADC_InjectedChannelConfig                0x0800503b   Thumb Code    96  stm32f10x_adc.o(.text)
    ADC_InjectedSequencerLengthConfig        0x0800509b   Thumb Code    16  stm32f10x_adc.o(.text)
    ADC_SetInjectedOffset                    0x080050ab   Thumb Code    12  stm32f10x_adc.o(.text)
    ADC_GetInjectedConversionValue           0x080050b7   Thumb Code    16  stm32f10x_adc.o(.text)
    ADC_AnalogWatchdogCmd                    0x080050c7   Thumb Code    16  stm32f10x_adc.o(.text)
    ADC_AnalogWatchdogThresholdsConfig       0x080050d7   Thumb Code     6  stm32f10x_adc.o(.text)
    ADC_AnalogWatchdogSingleChannelConfig    0x080050dd   Thumb Code    12  stm32f10x_adc.o(.text)
    ADC_TempSensorVrefintCmd                 0x080050e9   Thumb Code    20  stm32f10x_adc.o(.text)
    ADC_GetFlagStatus                        0x080050fd   Thumb Code    14  stm32f10x_adc.o(.text)
    ADC_ClearFlag                            0x0800510b   Thumb Code     6  stm32f10x_adc.o(.text)
    ADC_GetITStatus                          0x08005111   Thumb Code    28  stm32f10x_adc.o(.text)
    ADC_ClearITPendingBit                    0x0800512d   Thumb Code     8  stm32f10x_adc.o(.text)
    CAN_DeInit                               0x08005141   Thumb Code    58  stm32f10x_can.o(.text)
    CAN_Init                                 0x0800517b   Thumb Code   232  stm32f10x_can.o(.text)
    CAN_FilterInit                           0x08005263   Thumb Code   218  stm32f10x_can.o(.text)
    CAN_StructInit                           0x0800533d   Thumb Code    32  stm32f10x_can.o(.text)
    CAN_SlaveStartBank                       0x0800535d   Thumb Code    40  stm32f10x_can.o(.text)
    CAN_DBGFreeze                            0x08005385   Thumb Code    18  stm32f10x_can.o(.text)
    CAN_TTComModeCmd                         0x08005397   Thumb Code    90  stm32f10x_can.o(.text)
    CAN_Transmit                             0x080053f1   Thumb Code   194  stm32f10x_can.o(.text)
    CAN_TransmitStatus                       0x080054b3   Thumb Code   106  stm32f10x_can.o(.text)
    CAN_CancelTransmit                       0x0800551d   Thumb Code    40  stm32f10x_can.o(.text)
    CAN_Receive                              0x08005545   Thumb Code   180  stm32f10x_can.o(.text)
    CAN_FIFORelease                          0x080055f9   Thumb Code    22  stm32f10x_can.o(.text)
    CAN_MessagePending                       0x0800560f   Thumb Code    26  stm32f10x_can.o(.text)
    CAN_OperatingModeRequest                 0x08005629   Thumb Code   176  stm32f10x_can.o(.text)
    CAN_Sleep                                0x080056d9   Thumb Code    30  stm32f10x_can.o(.text)
    CAN_WakeUp                               0x080056f7   Thumb Code    42  stm32f10x_can.o(.text)
    CAN_GetLastErrorCode                     0x08005721   Thumb Code    10  stm32f10x_can.o(.text)
    CAN_GetReceiveErrorCounter               0x0800572b   Thumb Code     6  stm32f10x_can.o(.text)
    CAN_GetLSBTransmitErrorCounter           0x08005731   Thumb Code     8  stm32f10x_can.o(.text)
    CAN_ITConfig                             0x08005739   Thumb Code    16  stm32f10x_can.o(.text)
    CAN_GetFlagStatus                        0x08005749   Thumb Code    82  stm32f10x_can.o(.text)
    CAN_ClearFlag                            0x0800579b   Thumb Code    48  stm32f10x_can.o(.text)
    CAN_GetITStatus                          0x080057cb   Thumb Code   268  stm32f10x_can.o(.text)
    CAN_ClearITPendingBit                    0x080058d7   Thumb Code   152  stm32f10x_can.o(.text)
    DMA_DeInit                               0x08005979   Thumb Code   206  stm32f10x_dma.o(.text)
    DMA_Init                                 0x08005a47   Thumb Code    82  stm32f10x_dma.o(.text)
    DMA_StructInit                           0x08005a99   Thumb Code    26  stm32f10x_dma.o(.text)
    DMA_Cmd                                  0x08005ab3   Thumb Code    20  stm32f10x_dma.o(.text)
    DMA_ITConfig                             0x08005ac7   Thumb Code    16  stm32f10x_dma.o(.text)
    DMA_SetCurrDataCounter                   0x08005ad7   Thumb Code     4  stm32f10x_dma.o(.text)
    DMA_GetCurrDataCounter                   0x08005adb   Thumb Code     6  stm32f10x_dma.o(.text)
    DMA_GetFlagStatus                        0x08005ae1   Thumb Code    24  stm32f10x_dma.o(.text)
    DMA_ClearFlag                            0x08005af9   Thumb Code    16  stm32f10x_dma.o(.text)
    DMA_GetITStatus                          0x08005b09   Thumb Code    24  stm32f10x_dma.o(.text)
    DMA_ClearITPendingBit                    0x08005b21   Thumb Code    16  stm32f10x_dma.o(.text)
    GPIO_DeInit                              0x08005b6d   Thumb Code   192  stm32f10x_gpio.o(.text)
    GPIO_AFIODeInit                          0x08005c2d   Thumb Code    22  stm32f10x_gpio.o(.text)
    GPIO_Init                                0x08005c43   Thumb Code   186  stm32f10x_gpio.o(.text)
    GPIO_StructInit                          0x08005cfd   Thumb Code    16  stm32f10x_gpio.o(.text)
    GPIO_ReadInputDataBit                    0x08005d0d   Thumb Code    14  stm32f10x_gpio.o(.text)
    GPIO_ReadInputData                       0x08005d1b   Thumb Code     6  stm32f10x_gpio.o(.text)
    GPIO_ReadOutputDataBit                   0x08005d21   Thumb Code    14  stm32f10x_gpio.o(.text)
    GPIO_ReadOutputData                      0x08005d2f   Thumb Code     6  stm32f10x_gpio.o(.text)
    GPIO_SetBits                             0x08005d35   Thumb Code     4  stm32f10x_gpio.o(.text)
    GPIO_ResetBits                           0x08005d39   Thumb Code     4  stm32f10x_gpio.o(.text)
    GPIO_WriteBit                            0x08005d3d   Thumb Code    10  stm32f10x_gpio.o(.text)
    GPIO_Write                               0x08005d47   Thumb Code     4  stm32f10x_gpio.o(.text)
    GPIO_PinLockConfig                       0x08005d4b   Thumb Code    16  stm32f10x_gpio.o(.text)
    GPIO_EventOutputConfig                   0x08005d5b   Thumb Code    22  stm32f10x_gpio.o(.text)
    GPIO_EventOutputCmd                      0x08005d71   Thumb Code     6  stm32f10x_gpio.o(.text)
    GPIO_PinRemapConfig                      0x08005d77   Thumb Code   102  stm32f10x_gpio.o(.text)
    GPIO_EXTILineConfig                      0x08005ddd   Thumb Code    40  stm32f10x_gpio.o(.text)
    GPIO_ETH_MediaInterfaceConfig            0x08005e05   Thumb Code     8  stm32f10x_gpio.o(.text)
    RCC_DeInit                               0x08005e15   Thumb Code    66  stm32f10x_rcc.o(.text)
    RCC_HSEConfig                            0x08005e57   Thumb Code    50  stm32f10x_rcc.o(.text)
    RCC_GetFlagStatus                        0x08005e89   Thumb Code    42  stm32f10x_rcc.o(.text)
    RCC_WaitForHSEStartUp                    0x08005eb3   Thumb Code    50  stm32f10x_rcc.o(.text)
    RCC_AdjustHSICalibrationValue            0x08005ee5   Thumb Code    16  stm32f10x_rcc.o(.text)
    RCC_HSICmd                               0x08005ef5   Thumb Code     6  stm32f10x_rcc.o(.text)
    RCC_PLLConfig                            0x08005efb   Thumb Code    16  stm32f10x_rcc.o(.text)
    RCC_PLLCmd                               0x08005f0b   Thumb Code     6  stm32f10x_rcc.o(.text)
    RCC_PREDIV1Config                        0x08005f11   Thumb Code    20  stm32f10x_rcc.o(.text)
    RCC_PREDIV2Config                        0x08005f25   Thumb Code    14  stm32f10x_rcc.o(.text)
    RCC_PLL2Config                           0x08005f33   Thumb Code    14  stm32f10x_rcc.o(.text)
    RCC_PLL2Cmd                              0x08005f41   Thumb Code     6  stm32f10x_rcc.o(.text)
    RCC_PLL3Config                           0x08005f47   Thumb Code    14  stm32f10x_rcc.o(.text)
    RCC_PLL3Cmd                              0x08005f55   Thumb Code     6  stm32f10x_rcc.o(.text)
    RCC_SYSCLKConfig                         0x08005f5b   Thumb Code    14  stm32f10x_rcc.o(.text)
    RCC_GetSYSCLKSource                      0x08005f69   Thumb Code    10  stm32f10x_rcc.o(.text)
    RCC_HCLKConfig                           0x08005f73   Thumb Code    14  stm32f10x_rcc.o(.text)
    RCC_PCLK1Config                          0x08005f81   Thumb Code    14  stm32f10x_rcc.o(.text)
    RCC_PCLK2Config                          0x08005f8f   Thumb Code    16  stm32f10x_rcc.o(.text)
    RCC_ITConfig                             0x08005f9f   Thumb Code    18  stm32f10x_rcc.o(.text)
    RCC_OTGFSCLKConfig                       0x08005fb1   Thumb Code     8  stm32f10x_rcc.o(.text)
    RCC_ADCCLKConfig                         0x08005fb9   Thumb Code    14  stm32f10x_rcc.o(.text)
    RCC_I2S2CLKConfig                        0x08005fc7   Thumb Code     6  stm32f10x_rcc.o(.text)
    RCC_I2S3CLKConfig                        0x08005fcd   Thumb Code     6  stm32f10x_rcc.o(.text)
    RCC_LSEConfig                            0x08005fd3   Thumb Code    30  stm32f10x_rcc.o(.text)
    RCC_LSICmd                               0x08005ff1   Thumb Code     6  stm32f10x_rcc.o(.text)
    RCC_RTCCLKConfig                         0x08005ff7   Thumb Code    10  stm32f10x_rcc.o(.text)
    RCC_RTCCLKCmd                            0x08006001   Thumb Code     6  stm32f10x_rcc.o(.text)
    RCC_GetClocksFreq                        0x08006007   Thumb Code   196  stm32f10x_rcc.o(.text)
    RCC_AHBPeriphClockCmd                    0x080060cb   Thumb Code    18  stm32f10x_rcc.o(.text)
    RCC_APB2PeriphClockCmd                   0x080060dd   Thumb Code    18  stm32f10x_rcc.o(.text)
    RCC_APB1PeriphClockCmd                   0x080060ef   Thumb Code    18  stm32f10x_rcc.o(.text)
    RCC_AHBPeriphResetCmd                    0x08006101   Thumb Code    18  stm32f10x_rcc.o(.text)
    RCC_APB2PeriphResetCmd                   0x08006113   Thumb Code    18  stm32f10x_rcc.o(.text)
    RCC_APB1PeriphResetCmd                   0x08006125   Thumb Code    18  stm32f10x_rcc.o(.text)
    RCC_BackupResetCmd                       0x08006137   Thumb Code     6  stm32f10x_rcc.o(.text)
    RCC_ClockSecuritySystemCmd               0x0800613d   Thumb Code     6  stm32f10x_rcc.o(.text)
    RCC_MCOConfig                            0x08006143   Thumb Code     6  stm32f10x_rcc.o(.text)
    RCC_ClearFlag                            0x08006149   Thumb Code    12  stm32f10x_rcc.o(.text)
    RCC_GetITStatus                          0x08006155   Thumb Code    16  stm32f10x_rcc.o(.text)
    RCC_ClearITPendingBit                    0x08006165   Thumb Code     6  stm32f10x_rcc.o(.text)
    USART_DeInit                             0x0800619d   Thumb Code   148  stm32f10x_usart.o(.text)
    USART_Init                               0x08006231   Thumb Code   174  stm32f10x_usart.o(.text)
    USART_StructInit                         0x080062df   Thumb Code    22  stm32f10x_usart.o(.text)
    USART_ClockInit                          0x080062f5   Thumb Code    36  stm32f10x_usart.o(.text)
    USART_ClockStructInit                    0x08006319   Thumb Code    12  stm32f10x_usart.o(.text)
    USART_Cmd                                0x08006325   Thumb Code    18  stm32f10x_usart.o(.text)
    USART_ITConfig                           0x08006337   Thumb Code    48  stm32f10x_usart.o(.text)
    USART_DMACmd                             0x08006367   Thumb Code    16  stm32f10x_usart.o(.text)
    USART_SetAddress                         0x08006377   Thumb Code    16  stm32f10x_usart.o(.text)
    USART_WakeUpConfig                       0x08006387   Thumb Code    16  stm32f10x_usart.o(.text)
    USART_ReceiverWakeUpCmd                  0x08006397   Thumb Code    18  stm32f10x_usart.o(.text)
    USART_LINBreakDetectLengthConfig         0x080063a9   Thumb Code    16  stm32f10x_usart.o(.text)
    USART_LINCmd                             0x080063b9   Thumb Code    18  stm32f10x_usart.o(.text)
    USART_SendData                           0x080063cb   Thumb Code     8  stm32f10x_usart.o(.text)
    USART_ReceiveData                        0x080063d3   Thumb Code     8  stm32f10x_usart.o(.text)
    USART_SendBreak                          0x080063db   Thumb Code    10  stm32f10x_usart.o(.text)
    USART_SetGuardTime                       0x080063e5   Thumb Code    16  stm32f10x_usart.o(.text)
    USART_SetPrescaler                       0x080063f5   Thumb Code    16  stm32f10x_usart.o(.text)
    USART_SmartCardCmd                       0x08006405   Thumb Code    18  stm32f10x_usart.o(.text)
    USART_SmartCardNACKCmd                   0x08006417   Thumb Code    18  stm32f10x_usart.o(.text)
    USART_HalfDuplexCmd                      0x08006429   Thumb Code    18  stm32f10x_usart.o(.text)
    USART_OverSampling8Cmd                   0x0800643b   Thumb Code    18  stm32f10x_usart.o(.text)
    USART_OneBitMethodCmd                    0x0800644d   Thumb Code    18  stm32f10x_usart.o(.text)
    USART_IrDAConfig                         0x0800645f   Thumb Code    16  stm32f10x_usart.o(.text)
    USART_IrDACmd                            0x0800646f   Thumb Code    18  stm32f10x_usart.o(.text)
    USART_GetFlagStatus                      0x08006481   Thumb Code    14  stm32f10x_usart.o(.text)
    USART_ClearFlag                          0x0800648f   Thumb Code     6  stm32f10x_usart.o(.text)
    USART_GetITStatus                        0x08006495   Thumb Code    76  stm32f10x_usart.o(.text)
    USART_ClearITPendingBit                  0x080064e1   Thumb Code    14  stm32f10x_usart.o(.text)
    TIM_DeInit                               0x080064f5   Thumb Code   482  stm32f10x_tim.o(.text)
    TIM_TimeBaseInit                         0x080066d7   Thumb Code   148  stm32f10x_tim.o(.text)
    TIM_OC1Init                              0x0800676b   Thumb Code   132  stm32f10x_tim.o(.text)
    TIM_OC2Init                              0x080067ef   Thumb Code   138  stm32f10x_tim.o(.text)
    TIM_OC3Init                              0x08006879   Thumb Code   140  stm32f10x_tim.o(.text)
    TIM_OC4Init                              0x08006905   Thumb Code   104  stm32f10x_tim.o(.text)
    TIM_SetIC4Prescaler                      0x0800696d   Thumb Code    24  stm32f10x_tim.o(.text)
    TIM_SetIC3Prescaler                      0x08006985   Thumb Code    16  stm32f10x_tim.o(.text)
    TIM_SetIC2Prescaler                      0x08006995   Thumb Code    24  stm32f10x_tim.o(.text)
    TIM_SetIC1Prescaler                      0x080069ad   Thumb Code    16  stm32f10x_tim.o(.text)
    TIM_ICInit                               0x080069bd   Thumb Code   428  stm32f10x_tim.o(.text)
    TIM_PWMIConfig                           0x08006b69   Thumb Code   332  stm32f10x_tim.o(.text)
    TIM_BDTRConfig                           0x08006cb5   Thumb Code    36  stm32f10x_tim.o(.text)
    TIM_TimeBaseStructInit                   0x08006cd9   Thumb Code    18  stm32f10x_tim.o(.text)
    TIM_OCStructInit                         0x08006ceb   Thumb Code    20  stm32f10x_tim.o(.text)
    TIM_ICStructInit                         0x08006cff   Thumb Code    16  stm32f10x_tim.o(.text)
    TIM_BDTRStructInit                       0x08006d0f   Thumb Code    18  stm32f10x_tim.o(.text)
    TIM_Cmd                                  0x08006d21   Thumb Code    18  stm32f10x_tim.o(.text)
    TIM_CtrlPWMOutputs                       0x08006d33   Thumb Code    22  stm32f10x_tim.o(.text)
    TIM_ITConfig                             0x08006d49   Thumb Code    16  stm32f10x_tim.o(.text)
    TIM_GenerateEvent                        0x08006d59   Thumb Code     4  stm32f10x_tim.o(.text)
    TIM_DMAConfig                            0x08006d5d   Thumb Code     8  stm32f10x_tim.o(.text)
    TIM_DMACmd                               0x08006d65   Thumb Code    16  stm32f10x_tim.o(.text)
    TIM_InternalClockConfig                  0x08006d75   Thumb Code    10  stm32f10x_tim.o(.text)
    TIM_SelectInputTrigger                   0x08006d7f   Thumb Code    12  stm32f10x_tim.o(.text)
    TIM_ITRxExternalClockConfig              0x08006d8b   Thumb Code    20  stm32f10x_tim.o(.text)
    TIM_TIxExternalClockConfig               0x08006d9f   Thumb Code   158  stm32f10x_tim.o(.text)
    TIM_ETRConfig                            0x08006e3d   Thumb Code    32  stm32f10x_tim.o(.text)
    TIM_ETRClockMode1Config                  0x08006e5d   Thumb Code    40  stm32f10x_tim.o(.text)
    TIM_ETRClockMode2Config                  0x08006e85   Thumb Code    40  stm32f10x_tim.o(.text)
    TIM_PrescalerConfig                      0x08006ead   Thumb Code     6  stm32f10x_tim.o(.text)
    TIM_CounterModeConfig                    0x08006eb3   Thumb Code    12  stm32f10x_tim.o(.text)
    TIM_EncoderInterfaceConfig               0x08006ebf   Thumb Code    60  stm32f10x_tim.o(.text)
    TIM_ForcedOC1Config                      0x08006efb   Thumb Code    12  stm32f10x_tim.o(.text)
    TIM_ForcedOC2Config                      0x08006f07   Thumb Code    20  stm32f10x_tim.o(.text)
    TIM_ForcedOC3Config                      0x08006f1b   Thumb Code    12  stm32f10x_tim.o(.text)
    TIM_ForcedOC4Config                      0x08006f27   Thumb Code    20  stm32f10x_tim.o(.text)
    TIM_ARRPreloadConfig                     0x08006f3b   Thumb Code    18  stm32f10x_tim.o(.text)
    TIM_SelectCOM                            0x08006f4d   Thumb Code    18  stm32f10x_tim.o(.text)
    TIM_SelectCCDMA                          0x08006f5f   Thumb Code    18  stm32f10x_tim.o(.text)
    TIM_CCPreloadControl                     0x08006f71   Thumb Code    18  stm32f10x_tim.o(.text)
    TIM_OC1PreloadConfig                     0x08006f83   Thumb Code    12  stm32f10x_tim.o(.text)
    TIM_OC2PreloadConfig                     0x08006f8f   Thumb Code    20  stm32f10x_tim.o(.text)
    TIM_OC3PreloadConfig                     0x08006fa3   Thumb Code    12  stm32f10x_tim.o(.text)
    TIM_OC4PreloadConfig                     0x08006faf   Thumb Code    20  stm32f10x_tim.o(.text)
    TIM_OC1FastConfig                        0x08006fc3   Thumb Code    12  stm32f10x_tim.o(.text)
    TIM_OC2FastConfig                        0x08006fcf   Thumb Code    20  stm32f10x_tim.o(.text)
    TIM_OC3FastConfig                        0x08006fe3   Thumb Code    12  stm32f10x_tim.o(.text)
    TIM_OC4FastConfig                        0x08006fef   Thumb Code    20  stm32f10x_tim.o(.text)
    TIM_ClearOC1Ref                          0x08007003   Thumb Code    12  stm32f10x_tim.o(.text)
    TIM_ClearOC2Ref                          0x0800700f   Thumb Code    20  stm32f10x_tim.o(.text)
    TIM_ClearOC3Ref                          0x08007023   Thumb Code    12  stm32f10x_tim.o(.text)
    TIM_ClearOC4Ref                          0x0800702f   Thumb Code    20  stm32f10x_tim.o(.text)
    TIM_OC1PolarityConfig                    0x08007043   Thumb Code    12  stm32f10x_tim.o(.text)
    TIM_OC1NPolarityConfig                   0x0800704f   Thumb Code    12  stm32f10x_tim.o(.text)
    TIM_OC2PolarityConfig                    0x0800705b   Thumb Code    20  stm32f10x_tim.o(.text)
    TIM_OC2NPolarityConfig                   0x0800706f   Thumb Code    20  stm32f10x_tim.o(.text)
    TIM_OC3PolarityConfig                    0x08007083   Thumb Code    20  stm32f10x_tim.o(.text)
    TIM_OC3NPolarityConfig                   0x08007097   Thumb Code    20  stm32f10x_tim.o(.text)
    TIM_OC4PolarityConfig                    0x080070ab   Thumb Code    20  stm32f10x_tim.o(.text)
    TIM_CCxCmd                               0x080070bf   Thumb Code    26  stm32f10x_tim.o(.text)
    TIM_CCxNCmd                              0x080070d9   Thumb Code    26  stm32f10x_tim.o(.text)
    TIM_SelectOCxM                           0x080070f3   Thumb Code    88  stm32f10x_tim.o(.text)
    TIM_UpdateDisableConfig                  0x0800714b   Thumb Code    18  stm32f10x_tim.o(.text)
    TIM_UpdateRequestConfig                  0x0800715d   Thumb Code    18  stm32f10x_tim.o(.text)
    TIM_SelectHallSensor                     0x0800716f   Thumb Code    18  stm32f10x_tim.o(.text)
    TIM_SelectOnePulseMode                   0x08007181   Thumb Code    16  stm32f10x_tim.o(.text)
    TIM_SelectOutputTrigger                  0x08007191   Thumb Code    16  stm32f10x_tim.o(.text)
    TIM_SelectSlaveMode                      0x080071a1   Thumb Code    16  stm32f10x_tim.o(.text)
    TIM_SelectMasterSlaveMode                0x080071b1   Thumb Code    16  stm32f10x_tim.o(.text)
    TIM_SetCounter                           0x080071c1   Thumb Code     4  stm32f10x_tim.o(.text)
    TIM_SetAutoreload                        0x080071c5   Thumb Code     4  stm32f10x_tim.o(.text)
    TIM_SetCompare1                          0x080071c9   Thumb Code     4  stm32f10x_tim.o(.text)
    TIM_SetCompare2                          0x080071cd   Thumb Code     4  stm32f10x_tim.o(.text)
    TIM_SetCompare3                          0x080071d1   Thumb Code     4  stm32f10x_tim.o(.text)
    TIM_SetCompare4                          0x080071d5   Thumb Code     6  stm32f10x_tim.o(.text)
    TIM_SetClockDivision                     0x080071db   Thumb Code    16  stm32f10x_tim.o(.text)
    TIM_GetCapture1                          0x080071eb   Thumb Code     4  stm32f10x_tim.o(.text)
    TIM_GetCapture2                          0x080071ef   Thumb Code     4  stm32f10x_tim.o(.text)
    TIM_GetCapture3                          0x080071f3   Thumb Code     4  stm32f10x_tim.o(.text)
    TIM_GetCapture4                          0x080071f7   Thumb Code     6  stm32f10x_tim.o(.text)
    TIM_GetCounter                           0x080071fd   Thumb Code     4  stm32f10x_tim.o(.text)
    TIM_GetPrescaler                         0x08007201   Thumb Code     4  stm32f10x_tim.o(.text)
    TIM_GetFlagStatus                        0x08007205   Thumb Code    14  stm32f10x_tim.o(.text)
    TIM_ClearFlag                            0x08007213   Thumb Code     6  stm32f10x_tim.o(.text)
    TIM_GetITStatus                          0x08007219   Thumb Code    22  stm32f10x_tim.o(.text)
    TIM_ClearITPendingBit                    0x0800722f   Thumb Code     6  stm32f10x_tim.o(.text)
    SystemInit                               0x080072bd   Thumb Code   268  system_stm32f10x.o(.text)
    SystemCoreClockUpdate                    0x080073c9   Thumb Code   134  system_stm32f10x.o(.text)
    Reset_Handler                            0x08007475   Thumb Code     8  startup_stm32f10x_cl.o(.text)
    NMI_Handler                              0x0800747d   Thumb Code     2  startup_stm32f10x_cl.o(.text)
    HardFault_Handler                        0x0800747f   Thumb Code     2  startup_stm32f10x_cl.o(.text)
    MemManage_Handler                        0x08007481   Thumb Code     2  startup_stm32f10x_cl.o(.text)
    BusFault_Handler                         0x08007483   Thumb Code     2  startup_stm32f10x_cl.o(.text)
    UsageFault_Handler                       0x08007485   Thumb Code     2  startup_stm32f10x_cl.o(.text)
    DebugMon_Handler                         0x08007489   Thumb Code     2  startup_stm32f10x_cl.o(.text)
    ADC1_2_IRQHandler                        0x0800748f   Thumb Code     0  startup_stm32f10x_cl.o(.text)
    CAN1_RX1_IRQHandler                      0x0800748f   Thumb Code     0  startup_stm32f10x_cl.o(.text)
    CAN1_SCE_IRQHandler                      0x0800748f   Thumb Code     0  startup_stm32f10x_cl.o(.text)
    CAN1_TX_IRQHandler                       0x0800748f   Thumb Code     0  startup_stm32f10x_cl.o(.text)
    CAN2_RX0_IRQHandler                      0x0800748f   Thumb Code     0  startup_stm32f10x_cl.o(.text)
    CAN2_RX1_IRQHandler                      0x0800748f   Thumb Code     0  startup_stm32f10x_cl.o(.text)
    CAN2_SCE_IRQHandler                      0x0800748f   Thumb Code     0  startup_stm32f10x_cl.o(.text)
    CAN2_TX_IRQHandler                       0x0800748f   Thumb Code     0  startup_stm32f10x_cl.o(.text)
    DMA1_Channel1_IRQHandler                 0x0800748f   Thumb Code     0  startup_stm32f10x_cl.o(.text)
    DMA1_Channel2_IRQHandler                 0x0800748f   Thumb Code     0  startup_stm32f10x_cl.o(.text)
    DMA1_Channel3_IRQHandler                 0x0800748f   Thumb Code     0  startup_stm32f10x_cl.o(.text)
    DMA1_Channel4_IRQHandler                 0x0800748f   Thumb Code     0  startup_stm32f10x_cl.o(.text)
    DMA1_Channel5_IRQHandler                 0x0800748f   Thumb Code     0  startup_stm32f10x_cl.o(.text)
    DMA1_Channel6_IRQHandler                 0x0800748f   Thumb Code     0  startup_stm32f10x_cl.o(.text)
    DMA1_Channel7_IRQHandler                 0x0800748f   Thumb Code     0  startup_stm32f10x_cl.o(.text)
    DMA2_Channel1_IRQHandler                 0x0800748f   Thumb Code     0  startup_stm32f10x_cl.o(.text)
    DMA2_Channel2_IRQHandler                 0x0800748f   Thumb Code     0  startup_stm32f10x_cl.o(.text)
    DMA2_Channel3_IRQHandler                 0x0800748f   Thumb Code     0  startup_stm32f10x_cl.o(.text)
    DMA2_Channel4_IRQHandler                 0x0800748f   Thumb Code     0  startup_stm32f10x_cl.o(.text)
    DMA2_Channel5_IRQHandler                 0x0800748f   Thumb Code     0  startup_stm32f10x_cl.o(.text)
    ETH_IRQHandler                           0x0800748f   Thumb Code     0  startup_stm32f10x_cl.o(.text)
    ETH_WKUP_IRQHandler                      0x0800748f   Thumb Code     0  startup_stm32f10x_cl.o(.text)
    EXTI0_IRQHandler                         0x0800748f   Thumb Code     0  startup_stm32f10x_cl.o(.text)
    EXTI15_10_IRQHandler                     0x0800748f   Thumb Code     0  startup_stm32f10x_cl.o(.text)
    EXTI1_IRQHandler                         0x0800748f   Thumb Code     0  startup_stm32f10x_cl.o(.text)
    EXTI2_IRQHandler                         0x0800748f   Thumb Code     0  startup_stm32f10x_cl.o(.text)
    EXTI3_IRQHandler                         0x0800748f   Thumb Code     0  startup_stm32f10x_cl.o(.text)
    EXTI4_IRQHandler                         0x0800748f   Thumb Code     0  startup_stm32f10x_cl.o(.text)
    EXTI9_5_IRQHandler                       0x0800748f   Thumb Code     0  startup_stm32f10x_cl.o(.text)
    FLASH_IRQHandler                         0x0800748f   Thumb Code     0  startup_stm32f10x_cl.o(.text)
    I2C1_ER_IRQHandler                       0x0800748f   Thumb Code     0  startup_stm32f10x_cl.o(.text)
    I2C1_EV_IRQHandler                       0x0800748f   Thumb Code     0  startup_stm32f10x_cl.o(.text)
    I2C2_ER_IRQHandler                       0x0800748f   Thumb Code     0  startup_stm32f10x_cl.o(.text)
    I2C2_EV_IRQHandler                       0x0800748f   Thumb Code     0  startup_stm32f10x_cl.o(.text)
    OTG_FS_IRQHandler                        0x0800748f   Thumb Code     0  startup_stm32f10x_cl.o(.text)
    OTG_FS_WKUP_IRQHandler                   0x0800748f   Thumb Code     0  startup_stm32f10x_cl.o(.text)
    PVD_IRQHandler                           0x0800748f   Thumb Code     0  startup_stm32f10x_cl.o(.text)
    RCC_IRQHandler                           0x0800748f   Thumb Code     0  startup_stm32f10x_cl.o(.text)
    RTCAlarm_IRQHandler                      0x0800748f   Thumb Code     0  startup_stm32f10x_cl.o(.text)
    RTC_IRQHandler                           0x0800748f   Thumb Code     0  startup_stm32f10x_cl.o(.text)
    SPI1_IRQHandler                          0x0800748f   Thumb Code     0  startup_stm32f10x_cl.o(.text)
    SPI2_IRQHandler                          0x0800748f   Thumb Code     0  startup_stm32f10x_cl.o(.text)
    SPI3_IRQHandler                          0x0800748f   Thumb Code     0  startup_stm32f10x_cl.o(.text)
    TAMPER_IRQHandler                        0x0800748f   Thumb Code     0  startup_stm32f10x_cl.o(.text)
    TIM1_BRK_IRQHandler                      0x0800748f   Thumb Code     0  startup_stm32f10x_cl.o(.text)
    TIM1_CC_IRQHandler                       0x0800748f   Thumb Code     0  startup_stm32f10x_cl.o(.text)
    TIM1_TRG_COM_IRQHandler                  0x0800748f   Thumb Code     0  startup_stm32f10x_cl.o(.text)
    TIM5_IRQHandler                          0x0800748f   Thumb Code     0  startup_stm32f10x_cl.o(.text)
    TIM7_IRQHandler                          0x0800748f   Thumb Code     0  startup_stm32f10x_cl.o(.text)
    UART4_IRQHandler                         0x0800748f   Thumb Code     0  startup_stm32f10x_cl.o(.text)
    UART5_IRQHandler                         0x0800748f   Thumb Code     0  startup_stm32f10x_cl.o(.text)
    USART2_IRQHandler                        0x0800748f   Thumb Code     0  startup_stm32f10x_cl.o(.text)
    USART3_IRQHandler                        0x0800748f   Thumb Code     0  startup_stm32f10x_cl.o(.text)
    WWDG_IRQHandler                          0x0800748f   Thumb Code     0  startup_stm32f10x_cl.o(.text)
    ___aeabi_memcpy8$move                    0x08007499   Thumb Code     0  memmovea.o(.text)
    __aeabi_memcpy                           0x08007499   Thumb Code    64  memmovea.o(.text)
    __aeabi_memcpy4                          0x08007499   Thumb Code     0  memmovea.o(.text)
    __aeabi_memmove                          0x08007499   Thumb Code     0  memmovea.o(.text)
    __aeabi_memmove4                         0x08007499   Thumb Code     0  memmovea.o(.text)
    __aeabi_memmove8                         0x08007499   Thumb Code     0  memmovea.o(.text)
    __aeabi_memset                           0x080074d9   Thumb Code    14  memseta.o(.text)
    __aeabi_memset4                          0x080074d9   Thumb Code     0  memseta.o(.text)
    __aeabi_memset8                          0x080074d9   Thumb Code     0  memseta.o(.text)
    __aeabi_memclr                           0x080074e7   Thumb Code     4  memseta.o(.text)
    __aeabi_memclr4                          0x080074e7   Thumb Code     0  memseta.o(.text)
    __aeabi_memclr8                          0x080074e7   Thumb Code     0  memseta.o(.text)
    _memset$wrapper                          0x080074eb   Thumb Code    18  memseta.o(.text)
    strlen                                   0x080074fd   Thumb Code    14  strlen.o(.text)
    strcmp                                   0x0800750b   Thumb Code    28  strcmp.o(.text)
    calloc                                   0x08007527   Thumb Code    28  calloc.o(.text)
    __aeabi_fadd                             0x08007543   Thumb Code   164  fadd.o(.text)
    __aeabi_fsub                             0x080075e7   Thumb Code     6  fadd.o(.text)
    __aeabi_frsub                            0x080075ed   Thumb Code     6  fadd.o(.text)
    __aeabi_fmul                             0x080075f3   Thumb Code   100  fmul.o(.text)
    __aeabi_fdiv                             0x08007657   Thumb Code   124  fdiv.o(.text)
    __ARM_scalbnf                            0x080076d3   Thumb Code    24  fscalb.o(.text)
    scalbnf                                  0x080076d3   Thumb Code     0  fscalb.o(.text)
    __aeabi_dadd                             0x080076eb   Thumb Code   322  dadd.o(.text)
    __aeabi_dsub                             0x0800782d   Thumb Code     6  dadd.o(.text)
    __aeabi_drsub                            0x08007833   Thumb Code     6  dadd.o(.text)
    __aeabi_dmul                             0x08007839   Thumb Code   228  dmul.o(.text)
    __aeabi_ddiv                             0x0800791d   Thumb Code   222  ddiv.o(.text)
    __ARM_scalbn                             0x080079fb   Thumb Code    46  dscalb.o(.text)
    scalbn                                   0x080079fb   Thumb Code     0  dscalb.o(.text)
    __aeabi_i2f                              0x08007a29   Thumb Code    18  fflti.o(.text)
    __aeabi_ui2f                             0x08007a3b   Thumb Code    10  ffltui.o(.text)
    __aeabi_ui2d                             0x08007a45   Thumb Code    26  dfltui.o(.text)
    __aeabi_f2iz                             0x08007a5f   Thumb Code    50  ffixi.o(.text)
    __aeabi_f2uiz                            0x08007a91   Thumb Code    40  ffixui.o(.text)
    __aeabi_f2d                              0x08007ab9   Thumb Code    38  f2d.o(.text)
    __aeabi_cdcmpeq                          0x08007ae1   Thumb Code     0  cdcmple.o(.text)
    __aeabi_cdcmple                          0x08007ae1   Thumb Code    48  cdcmple.o(.text)
    __aeabi_cdrcmple                         0x08007b11   Thumb Code    48  cdrcmple.o(.text)
    __aeabi_d2f                              0x08007b41   Thumb Code    56  d2f.o(.text)
    __aeabi_cfcmpeq                          0x08007b79   Thumb Code     0  cfcmple.o(.text)
    __aeabi_cfcmple                          0x08007b79   Thumb Code    20  cfcmple.o(.text)
    __aeabi_cfrcmple                         0x08007b8d   Thumb Code    20  cfrcmple.o(.text)
    __aeabi_uidiv                            0x08007ba1   Thumb Code     0  uidiv.o(.text)
    __aeabi_uidivmod                         0x08007ba1   Thumb Code    44  uidiv.o(.text)
    __aeabi_uldivmod                         0x08007bcd   Thumb Code    98  uldiv.o(.text)
    __aeabi_llsl                             0x08007c2f   Thumb Code    30  llshl.o(.text)
    _ll_shift_l                              0x08007c2f   Thumb Code     0  llshl.o(.text)
    __aeabi_lasr                             0x08007c4d   Thumb Code    36  llsshr.o(.text)
    _ll_sshift_r                             0x08007c4d   Thumb Code     0  llsshr.o(.text)
    __strtod_int                             0x08007ca7   Thumb Code    88  strtod.o(.text)
    __I$use$fp                               0x08007d0d   Thumb Code     0  iusefp.o(.text)
    _float_round                             0x08007d0d   Thumb Code    18  fepilogue.o(.text)
    _float_epilogue                          0x08007d1f   Thumb Code    92  fepilogue.o(.text)
    _double_round                            0x08007d7b   Thumb Code    30  depilogue.o(.text)
    _double_epilogue                         0x08007d99   Thumb Code   156  depilogue.o(.text)
    _dsqrt                                   0x08007e35   Thumb Code   162  dsqrt.o(.text)
    __aeabi_i2d                              0x08007ed7   Thumb Code    34  dflti.o(.text)
    __aeabi_d2ulz                            0x08007ef9   Thumb Code    48  dfixul.o(.text)
    __scatterload                            0x08007f29   Thumb Code    28  init.o(.text)
    __scatterload_rt2                        0x08007f29   Thumb Code     0  init.o(.text)
    __aeabi_llsr                             0x08007f4d   Thumb Code    32  llushr.o(.text)
    _ll_ushift_r                             0x08007f4d   Thumb Code     0  llushr.o(.text)
    isspace                                  0x08007f6d   Thumb Code    10  isspace_c.o(.text)
    _scanf_real                              0x08008079   Thumb Code     0  scanf_fp.o(.text)
    _scanf_really_real                       0x08008079   Thumb Code   556  scanf_fp.o(.text)
    _sgetc                                   0x080082b1   Thumb Code    30  _sgetc.o(.text)
    _sbackspace                              0x080082cf   Thumb Code    34  _sgetc.o(.text)
    __aeabi_d2iz                             0x080082f1   Thumb Code    62  dfixi.o(.text)
    __ctype_lookup                           0x08008331   Thumb Code    34  ctype_c.o(.text)
    __aeabi_ul2d                             0x08008359   Thumb Code    24  dfltul.o(.text)
    __decompress                             0x08008371   Thumb Code     0  __dczerorl2.o(.text)
    __decompress1                            0x08008371   Thumb Code    86  __dczerorl2.o(.text)
    __0printf                                0x080083c9   Thumb Code    22  printfa.o(i.__0printf)
    __1printf                                0x080083c9   Thumb Code     0  printfa.o(i.__0printf)
    __2printf                                0x080083c9   Thumb Code     0  printfa.o(i.__0printf)
    __c89printf                              0x080083c9   Thumb Code     0  printfa.o(i.__0printf)
    printf                                   0x080083c9   Thumb Code     0  printfa.o(i.__0printf)
    __ARM_fpclassify                         0x080083e9   Thumb Code    40  fpclassify.o(i.__ARM_fpclassify)
    __ieee754_rem_pio2                       0x08008411   Thumb Code   828  rred.o(i.__ieee754_rem_pio2)
    __kernel_cos                             0x08008799   Thumb Code   230  cos_i.o(i.__kernel_cos)
    __kernel_poly                            0x08008895   Thumb Code   170  poly.o(i.__kernel_poly)
    __kernel_sin                             0x08008941   Thumb Code   224  sin_i.o(i.__kernel_sin)
    __mathlib_dbl_divzero                    0x08008a2d   Thumb Code    12  dunder.o(i.__mathlib_dbl_divzero)
    __mathlib_dbl_infnan                     0x08008a3d   Thumb Code     6  dunder.o(i.__mathlib_dbl_infnan)
    __mathlib_dbl_infnan2                    0x08008a43   Thumb Code     4  dunder.o(i.__mathlib_dbl_infnan2)
    __mathlib_dbl_invalid                    0x08008a47   Thumb Code    12  dunder.o(i.__mathlib_dbl_invalid)
    __mathlib_dbl_overflow                   0x08008a53   Thumb Code    14  dunder.o(i.__mathlib_dbl_overflow)
    __mathlib_dbl_underflow                  0x08008a61   Thumb Code    10  dunder.o(i.__mathlib_dbl_underflow)
    __read_errno                             0x08008a71   Thumb Code     6  errno.o(i.__read_errno)
    __scatterload_copy                       0x08008a7d   Thumb Code    14  handlers.o(i.__scatterload_copy)
    __scatterload_null                       0x08008a8b   Thumb Code     2  handlers.o(i.__scatterload_null)
    __scatterload_zeroinit                   0x08008a8d   Thumb Code    14  handlers.o(i.__scatterload_zeroinit)
    __set_errno                              0x08008a9d   Thumb Code     6  errno.o(i.__set_errno)
    _is_digit                                0x08008c0d   Thumb Code    14  scanf_fp.o(i._is_digit)
    acos                                     0x0800934d   Thumb Code   574  acos.o(i.acos)
    atan                                     0x080095c9   Thumb Code   474  atan.o(i.atan)
    atof                                     0x080097e9   Thumb Code    42  atof.o(i.atof)
    cos                                      0x08009815   Thumb Code   148  cos.o(i.cos)
    free                                     0x080098b1   Thumb Code    76  malloc.o(i.free)
    malloc                                   0x08009901   Thumb Code    92  malloc.o(i.malloc)
    pow                                      0x0800996d   Thumb Code  2478  pow.o(i.pow)
    sin                                      0x0800a325   Thumb Code   150  sin.o(i.sin)
    sqrt                                     0x0800a3c5   Thumb Code    76  sqrt.o(i.sqrt)
    __mathlib_zero                           0x0800a5c0   Data           8  qnan.o(.constdata)
    __ctype_categories                       0x0800a6b8   Data          64  ctype_c.o(.constdata)
    Region$$Table$$Base                      0x0800a6f8   Number         0  anon$$obj.o(Region$$Table)
    Region$$Table$$Limit                     0x0800a718   Number         0  anon$$obj.o(Region$$Table)
    ACS1_CALIB                               0x20000000   Data           4  xtask.o(.data)
    ACS2_CALIB                               0x20000004   Data           4  xtask.o(.data)
    ACS3_CALIB                               0x20000008   Data           4  xtask.o(.data)
    Pos_Queue                                0x20000018   Data           4  xtask.o(.data)
    CanRxQueue                               0x2000001c   Data           4  xtask.o(.data)
    RxQueue                                  0x20000020   Data           4  xtask.o(.data)
    Moment_Queue                             0x20000024   Data           4  xtask.o(.data)
    UART_xCountingSemaphore                  0x20000028   Data           4  xtask.o(.data)
    pxCurrentTCB                             0x2000002c   Data           4  tasks.o(.data)
    ADC_Value                                0x20000090   Data           8  ames_acs712.o(.data)
    Toggle                                   0x20000098   Data           4  ames_led.o(.data)
    PID_Kp                                   0x2000009c   Data           4  ames_pid.o(.data)
    PID_Ki                                   0x200000a0   Data           4  ames_pid.o(.data)
    PID_Kd                                   0x200000a4   Data           4  ames_pid.o(.data)
    PID_MinOut                               0x200000a8   Data           4  ames_pid.o(.data)
    PID_MaxOut                               0x200000ac   Data           4  ames_pid.o(.data)
    PID_Integrated                           0x200000b0   Data           4  ames_pid.o(.data)
    PID_Prev_Input                           0x200000b4   Data           4  ames_pid.o(.data)
    Result                                   0x200000b8   Data           4  ames_pid.o(.data)
    TimerPeriod                              0x200000bc   Data           4  ames_pwm.o(.data)
    PrescaleValue                            0x200000c0   Data           4  ames_pwm.o(.data)
    TIM1_MAXCNT                              0x200000c4   Data           4  ames_qei.o(.data)
    TIM1_Over_Load                           0x200000c8   Data           4  ames_qei.o(.data)
    TIM2_MAXCNT                              0x200000cc   Data           4  ames_qei.o(.data)
    TIM2_Over_Load                           0x200000d0   Data           4  ames_qei.o(.data)
    TIM3_MAXCNT                              0x200000d4   Data           4  ames_qei.o(.data)
    TIM3_Over_Load                           0x200000d8   Data           4  ames_qei.o(.data)
    TIM4_MAXCNT                              0x200000dc   Data           4  ames_qei.o(.data)
    TIM4_Over_Load                           0x200000e0   Data           4  ames_qei.o(.data)
    Period                                   0x200000e4   Data           4  ames_timer.o(.data)
    Prescale                                 0x200000e8   Data           4  ames_timer.o(.data)
    Command                                  0x200000f0   Data           4  ames_usart.o(.data)
    Index                                    0x200000f4   Data           4  ames_usart.o(.data)
    EndCmd                                   0x200000f8   Data           4  ames_usart.o(.data)
    SystemCoreClock                          0x20000110   Data           4  system_stm32f10x.o(.data)
    AHBPrescTable                            0x20000114   Data          16  system_stm32f10x.o(.data)
    __stdout                                 0x20000124   Data           4  stdout.o(.data)
    __microlib_freelist                      0x20000128   Data           4  mvars.o(.data)
    __microlib_freelist_initialised          0x2000012c   Data           4  mvars.o(.data)
    Input_SEN                                0x20005230   Data         960  ames_fir.o(.bss)
    Output                                   0x200055f0   Data         320  ames_fir.o(.bss)
    InputSample                              0x20005730   Data        1296  ames_fir.o(.bss)
    __heap_base                              0x20005c40   Data           0  startup_stm32f10x_cl.o(HEAP)
    __heap_limit                             0x20005e40   Data           0  startup_stm32f10x_cl.o(HEAP)
    __initial_sp                             0x20006240   Data           0  startup_stm32f10x_cl.o(STACK)



==============================================================================

Memory Map of the image

  Image Entry point : 0x08000151

  Load Region LR_IROM1 (Base: 0x08000000, Size: 0x0000a84c, Max: 0x00040000, ABSOLUTE, COMPRESSED[0x0000a748])

    Execution Region ER_IROM1 (Base: 0x08000000, Size: 0x0000a718, Max: 0x00040000, ABSOLUTE)

    Base Addr    Size         Type   Attr      Idx    E Section Name        Object

    0x08000000   0x00000150   Data   RO          739    RESET               startup_stm32f10x_cl.o
    0x08000150   0x00000000   Code   RO          802  * .ARM.Collect$$$$00000000  mc_w.l(entry.o)
    0x08000150   0x00000004   Code   RO         1181    .ARM.Collect$$$$00000001  mc_w.l(entry2.o)
    0x08000154   0x00000004   Code   RO         1184    .ARM.Collect$$$$00000004  mc_w.l(entry5.o)
    0x08000158   0x00000000   Code   RO         1186    .ARM.Collect$$$$00000008  mc_w.l(entry7b.o)
    0x08000158   0x00000000   Code   RO         1188    .ARM.Collect$$$$0000000A  mc_w.l(entry8b.o)
    0x08000158   0x00000008   Code   RO         1189    .ARM.Collect$$$$0000000B  mc_w.l(entry9a.o)
    0x08000160   0x00000000   Code   RO         1191    .ARM.Collect$$$$0000000D  mc_w.l(entry10a.o)
    0x08000160   0x00000000   Code   RO         1193    .ARM.Collect$$$$0000000F  mc_w.l(entry11a.o)
    0x08000160   0x00000004   Code   RO         1182    .ARM.Collect$$$$00002712  mc_w.l(entry2.o)
    0x08000164   0x000000a2   Code   RO          373    .emb_text           port.o
    0x08000206   0x00000002   PAD
    0x08000208   0x000004b4   Code   RO            1    .text               ames_matrix.o
    0x080006bc   0x000005e4   Code   RO           26    .text               delta.o
    0x08000ca0   0x0000008c   Code   RO           54    .text               hardware.o
    0x08000d2c   0x000007b4   Code   RO          155    .text               jacobian.o
    0x080014e0   0x0000000e   Code   RO          177    .text               main.o
    0x080014ee   0x00000002   PAD
    0x080014f0   0x00000b1c   Code   RO          280    .text               xtask.o
    0x0800200c   0x00000092   Code   RO          298    .text               list.o
    0x0800209e   0x00000798   Code   RO          316    .text               queue.o
    0x08002836   0x00000002   PAD
    0x08002838   0x00000d48   Code   RO          335    .text               tasks.o
    0x08003580   0x00000108   Code   RO          358    .text               heap_2.o
    0x08003688   0x000000cc   Code   RO          374    .text               port.o
    0x08003754   0x000002c8   Code   RO          393    .text               ames_acs712.o
    0x08003a1c   0x000000f8   Code   RO          412    .text               ames_can.o
    0x08003b14   0x000000ac   Code   RO          428    .text               ames_clock.o
    0x08003bc0   0x00000238   Code   RO          444    .text               ames_fir.o
    0x08003df8   0x00000148   Code   RO          471    .text               ames_led.o
    0x08003f40   0x00000250   Code   RO          487    .text               ames_pid.o
    0x08004190   0x000001c4   Code   RO          502    .text               ames_pwm.o
    0x08004354   0x00000498   Code   RO          517    .text               ames_qei.o
    0x080047ec   0x000001fc   Code   RO          532    .text               ames_timer.o
    0x080049e8   0x00000318   Code   RO          550    .text               ames_usart.o
    0x08004d00   0x000000c4   Code   RO          566    .text               misc.o
    0x08004dc4   0x0000037c   Code   RO          578    .text               stm32f10x_adc.o
    0x08005140   0x00000838   Code   RO          590    .text               stm32f10x_can.o
    0x08005978   0x000001f4   Code   RO          602    .text               stm32f10x_dma.o
    0x08005b6c   0x000002a8   Code   RO          614    .text               stm32f10x_gpio.o
    0x08005e14   0x00000388   Code   RO          650    .text               stm32f10x_rcc.o
    0x0800619c   0x00000358   Code   RO          665    .text               stm32f10x_usart.o
    0x080064f4   0x00000dc8   Code   RO          677    .text               stm32f10x_tim.o
    0x080072bc   0x000001b8   Code   RO          700    .text               system_stm32f10x.o
    0x08007474   0x00000024   Code   RO          740    .text               startup_stm32f10x_cl.o
    0x08007498   0x00000040   Code   RO          807    .text               mc_w.l(memmovea.o)
    0x080074d8   0x00000024   Code   RO          809    .text               mc_w.l(memseta.o)
    0x080074fc   0x0000000e   Code   RO          811    .text               mc_w.l(strlen.o)
    0x0800750a   0x0000001c   Code   RO          813    .text               mc_w.l(strcmp.o)
    0x08007526   0x0000001c   Code   RO         1108    .text               mc_w.l(calloc.o)
    0x08007542   0x000000b0   Code   RO         1110    .text               mf_w.l(fadd.o)
    0x080075f2   0x00000064   Code   RO         1112    .text               mf_w.l(fmul.o)
    0x08007656   0x0000007c   Code   RO         1114    .text               mf_w.l(fdiv.o)
    0x080076d2   0x00000018   Code   RO         1116    .text               mf_w.l(fscalb.o)
    0x080076ea   0x0000014e   Code   RO         1118    .text               mf_w.l(dadd.o)
    0x08007838   0x000000e4   Code   RO         1120    .text               mf_w.l(dmul.o)
    0x0800791c   0x000000de   Code   RO         1122    .text               mf_w.l(ddiv.o)
    0x080079fa   0x0000002e   Code   RO         1124    .text               mf_w.l(dscalb.o)
    0x08007a28   0x00000012   Code   RO         1126    .text               mf_w.l(fflti.o)
    0x08007a3a   0x0000000a   Code   RO         1128    .text               mf_w.l(ffltui.o)
    0x08007a44   0x0000001a   Code   RO         1130    .text               mf_w.l(dfltui.o)
    0x08007a5e   0x00000032   Code   RO         1132    .text               mf_w.l(ffixi.o)
    0x08007a90   0x00000028   Code   RO         1134    .text               mf_w.l(ffixui.o)
    0x08007ab8   0x00000026   Code   RO         1136    .text               mf_w.l(f2d.o)
    0x08007ade   0x00000002   PAD
    0x08007ae0   0x00000030   Code   RO         1138    .text               mf_w.l(cdcmple.o)
    0x08007b10   0x00000030   Code   RO         1140    .text               mf_w.l(cdrcmple.o)
    0x08007b40   0x00000038   Code   RO         1142    .text               mf_w.l(d2f.o)
    0x08007b78   0x00000014   Code   RO         1144    .text               mf_w.l(cfcmple.o)
    0x08007b8c   0x00000014   Code   RO         1146    .text               mf_w.l(cfrcmple.o)
    0x08007ba0   0x0000002c   Code   RO         1196    .text               mc_w.l(uidiv.o)
    0x08007bcc   0x00000062   Code   RO         1198    .text               mc_w.l(uldiv.o)
    0x08007c2e   0x0000001e   Code   RO         1200    .text               mc_w.l(llshl.o)
    0x08007c4c   0x00000024   Code   RO         1202    .text               mc_w.l(llsshr.o)
    0x08007c70   0x0000009c   Code   RO         1213    .text               mc_w.l(strtod.o)
    0x08007d0c   0x00000000   Code   RO         1215    .text               mc_w.l(iusefp.o)
    0x08007d0c   0x0000006e   Code   RO         1216    .text               mf_w.l(fepilogue.o)
    0x08007d7a   0x000000ba   Code   RO         1218    .text               mf_w.l(depilogue.o)
    0x08007e34   0x000000a2   Code   RO         1220    .text               mf_w.l(dsqrt.o)
    0x08007ed6   0x00000022   Code   RO         1222    .text               mf_w.l(dflti.o)
    0x08007ef8   0x00000030   Code   RO         1224    .text               mf_w.l(dfixul.o)
    0x08007f28   0x00000024   Code   RO         1226    .text               mc_w.l(init.o)
    0x08007f4c   0x00000020   Code   RO         1228    .text               mc_w.l(llushr.o)
    0x08007f6c   0x0000000a   Code   RO         1230    .text               mc_w.l(isspace_c.o)
    0x08007f76   0x00000002   PAD
    0x08007f78   0x00000338   Code   RO         1232    .text               mc_w.l(scanf_fp.o)
    0x080082b0   0x00000040   Code   RO         1236    .text               mc_w.l(_sgetc.o)
    0x080082f0   0x0000003e   Code   RO         1238    .text               mf_w.l(dfixi.o)
    0x0800832e   0x00000002   PAD
    0x08008330   0x00000028   Code   RO         1240    .text               mc_w.l(ctype_c.o)
    0x08008358   0x00000018   Code   RO         1243    .text               mf_w.l(dfltul.o)
    0x08008370   0x00000056   Code   RO         1253    .text               mc_w.l(__dczerorl2.o)
    0x080083c6   0x00000002   PAD
    0x080083c8   0x00000020   Code   RO         1052    i.__0printf         mc_w.l(printfa.o)
    0x080083e8   0x00000028   Code   RO         1165    i.__ARM_fpclassify  m_ws.l(fpclassify.o)
    0x08008410   0x00000388   Code   RO         1170    i.__ieee754_rem_pio2  m_ws.l(rred.o)
    0x08008798   0x000000fc   Code   RO         1148    i.__kernel_cos      m_ws.l(cos_i.o)
    0x08008894   0x000000aa   Code   RO         1167    i.__kernel_poly     m_ws.l(poly.o)
    0x0800893e   0x00000002   PAD
    0x08008940   0x000000ec   Code   RO         1175    i.__kernel_sin      m_ws.l(sin_i.o)
    0x08008a2c   0x00000010   Code   RO         1151    i.__mathlib_dbl_divzero  m_ws.l(dunder.o)
    0x08008a3c   0x00000006   Code   RO         1152    i.__mathlib_dbl_infnan  m_ws.l(dunder.o)
    0x08008a42   0x00000004   Code   RO         1153    i.__mathlib_dbl_infnan2  m_ws.l(dunder.o)
    0x08008a46   0x0000000c   Code   RO         1154    i.__mathlib_dbl_invalid  m_ws.l(dunder.o)
    0x08008a52   0x0000000e   Code   RO         1155    i.__mathlib_dbl_overflow  m_ws.l(dunder.o)
    0x08008a60   0x00000010   Code   RO         1157    i.__mathlib_dbl_underflow  m_ws.l(dunder.o)
    0x08008a70   0x0000000c   Code   RO         1207    i.__read_errno      mc_w.l(errno.o)
    0x08008a7c   0x0000000e   Code   RO         1247    i.__scatterload_copy  mc_w.l(handlers.o)
    0x08008a8a   0x00000002   Code   RO         1248    i.__scatterload_null  mc_w.l(handlers.o)
    0x08008a8c   0x0000000e   Code   RO         1249    i.__scatterload_zeroinit  mc_w.l(handlers.o)
    0x08008a9a   0x00000002   PAD
    0x08008a9c   0x0000000c   Code   RO         1208    i.__set_errno       mc_w.l(errno.o)
    0x08008aa8   0x00000164   Code   RO         1059    i._fp_digits        mc_w.l(printfa.o)
    0x08008c0c   0x0000000e   Code   RO         1234    i._is_digit         mc_w.l(scanf_fp.o)
    0x08008c1a   0x00000002   PAD
    0x08008c1c   0x000006dc   Code   RO         1060    i._printf_core      mc_w.l(printfa.o)
    0x080092f8   0x00000024   Code   RO         1061    i._printf_post_padding  mc_w.l(printfa.o)
    0x0800931c   0x0000002e   Code   RO         1062    i._printf_pre_padding  mc_w.l(printfa.o)
    0x0800934a   0x00000002   PAD
    0x0800934c   0x0000027c   Code   RO          745    i.acos              m_ws.l(acos.o)
    0x080095c8   0x00000220   Code   RO          755    i.atan              m_ws.l(atan.o)
    0x080097e8   0x0000002a   Code   RO          765    i.atof              m_ws.l(atof.o)
    0x08009812   0x00000002   PAD
    0x08009814   0x0000009c   Code   RO          769    i.cos               m_ws.l(cos.o)
    0x080098b0   0x00000050   Code   RO         1080    i.free              mc_w.l(malloc.o)
    0x08009900   0x0000006c   Code   RO         1081    i.malloc            mc_w.l(malloc.o)
    0x0800996c   0x000009b8   Code   RO          777    i.pow               m_ws.l(pow.o)
    0x0800a324   0x000000a0   Code   RO          787    i.sin               m_ws.l(sin.o)
    0x0800a3c4   0x0000004c   Code   RO          795    i.sqrt              m_ws.l(sqrt.o)
    0x0800a410   0x0000000c   Data   RO          283    .constdata          xtask.o
    0x0800a41c   0x00000004   PAD
    0x0800a420   0x00000050   Data   RO          746    .constdata          m_ws.l(acos.o)
    0x0800a470   0x00000098   Data   RO          756    .constdata          m_ws.l(atan.o)
    0x0800a508   0x00000088   Data   RO          778    .constdata          m_ws.l(pow.o)
    0x0800a590   0x00000030   Data   RO         1149    .constdata          m_ws.l(cos_i.o)
    0x0800a5c0   0x00000008   Data   RO         1169    .constdata          m_ws.l(qnan.o)
    0x0800a5c8   0x000000c8   Data   RO         1172    .constdata          m_ws.l(rred.o)
    0x0800a690   0x00000028   Data   RO         1176    .constdata          m_ws.l(sin_i.o)
    0x0800a6b8   0x00000040   Data   RO         1241    .constdata          mc_w.l(ctype_c.o)
    0x0800a6f8   0x00000020   Data   RO         1245    Region$$Table       anon$$obj.o


    Execution Region RW_IRAM1 (Base: 0x20000000, Size: 0x00006240, Max: 0x00010000, ABSOLUTE, COMPRESSED[0x00000030])

    Base Addr    Size         Type   Attr      Idx    E Section Name        Object

    0x20000000   0x0000002c   Data   RW          284    .data               xtask.o
    0x2000002c   0x00000038   Data   RW          337    .data               tasks.o
    0x20000064   0x00000018   Data   RW          360    .data               heap_2.o
    0x2000007c   0x00000004   Data   RW          375    .data               port.o
    0x20000080   0x00000018   Data   RW          397    .data               ames_acs712.o
    0x20000098   0x00000004   Data   RW          472    .data               ames_led.o
    0x2000009c   0x00000020   Data   RW          488    .data               ames_pid.o
    0x200000bc   0x00000008   Data   RW          503    .data               ames_pwm.o
    0x200000c4   0x00000020   Data   RW          518    .data               ames_qei.o
    0x200000e4   0x00000008   Data   RW          533    .data               ames_timer.o
    0x200000ec   0x00000010   Data   RW          551    .data               ames_usart.o
    0x200000fc   0x00000014   Data   RW          651    .data               stm32f10x_rcc.o
    0x20000110   0x00000014   Data   RW          701    .data               system_stm32f10x.o
    0x20000124   0x00000004   Data   RW         1195    .data               mc_w.l(stdout.o)
    0x20000128   0x00000004   Data   RW         1204    .data               mc_w.l(mvars.o)
    0x2000012c   0x00000004   Data   RW         1205    .data               mc_w.l(mvars.o)
    0x20000130   0x00000004   Data   RW         1209    .data               mc_w.l(errno.o)
    0x20000134   0x00000030   Zero   RW          281    .bss                xtask.o
    0x20000164   0x000000c8   Zero   RW          336    .bss                tasks.o
    0x2000022c   0x00005000   Zero   RW          359    .bss                heap_2.o
    0x2000522c   0x00000004   PAD
    0x20005230   0x00000a10   Zero   RW          445    .bss                ames_fir.o
    0x20005c40   0x00000200   Zero   RW          738    HEAP                startup_stm32f10x_cl.o
    0x20005e40   0x00000400   Zero   RW          737    STACK               startup_stm32f10x_cl.o


==============================================================================

Image component sizes


      Code (inc. data)   RO Data    RW Data    ZI Data      Debug   Object Name

       712         40          0         24          0       2367   ames_acs712.o
       248         10          0          0          0       2060   ames_can.o
       172          8          0          0          0      15720   ames_clock.o
       568         18          0          0       2576       2396   ames_fir.o
       328         38          0          4          0       1680   ames_led.o
      1204          8          0          0          0       4909   ames_matrix.o
       592          6          0         32          0       2009   ames_pid.o
       452         16          0          8          0       2091   ames_pwm.o
      1176         62          0         32          0       4179   ames_qei.o
       508         20          0          8          0       1774   ames_timer.o
       792         26          0         16          0       3238   ames_usart.o
      1508         68          0          0          0       1584   delta.o
       140          6          0          0          0     300642   hardware.o
       264         12          0         24      20480       2844   heap_2.o
      1972         52          0          0          0       1339   jacobian.o
       146          0          0          0          0       1618   list.o
        14          0          0          0          0      15707   main.o
       196         14          0          0          0       1745   misc.o
       366         32          0          4          0       4249   port.o
      1944          0          0          0          0      11986   queue.o
        36          8        336          0       1536        856   startup_stm32f10x_cl.o
       892         12          0          0          0       9441   stm32f10x_adc.o
      2104         48          0          0          0       8872   stm32f10x_can.o
       500         60          0          0          0       4158   stm32f10x_dma.o
       680          8          0          0          0       5169   stm32f10x_gpio.o
       904         50          0         20          0      10392   stm32f10x_rcc.o
      3528         32          0          0          0      19694   stm32f10x_tim.o
       856          6          0          0          0       7188   stm32f10x_usart.o
       440         38          0         20          0       2055   system_stm32f10x.o
      3400        100          0         56        200      15777   tasks.o
      2844        296         12         44         48       3984   xtask.o

    ----------------------------------------------------------------------
     29492       1094        384        292      24844     471723   Object Totals
         0          0         32          0          0          0   (incl. Generated)
         6          0          4          0          4          0   (incl. Padding)

    ----------------------------------------------------------------------

      Code (inc. data)   RO Data    RW Data    ZI Data      Debug   Library Member Name

       636         62         80          0          0        188   acos.o
       544         70        152          0          0        124   atan.o
        42          0          0          0          0         84   atof.o
       156          8          0          0          0        104   cos.o
       252         22         48          0          0        124   cos_i.o
        68         10          0          0          0        408   dunder.o
        40          0          0          0          0         68   fpclassify.o
       170          0          0          0          0         96   poly.o
      2488        190        136          0          0        300   pow.o
         0          0          8          0          0          0   qnan.o
       904         76        200          0          0        140   rred.o
       160         10          0          0          0        108   sin.o
       236         12         40          0          0        128   sin_i.o
        76          0          0          0          0         84   sqrt.o
        86          0          0          0          0          0   __dczerorl2.o
        64          0          0          0          0         84   _sgetc.o
        28          0          0          0          0         76   calloc.o
        40          6         64          0          0         68   ctype_c.o
         0          0          0          0          0          0   entry.o
         0          0          0          0          0          0   entry10a.o
         0          0          0          0          0          0   entry11a.o
         8          4          0          0          0          0   entry2.o
         4          0          0          0          0          0   entry5.o
         0          0          0          0          0          0   entry7b.o
         0          0          0          0          0          0   entry8b.o
         8          4          0          0          0          0   entry9a.o
        24         12          0          4          0        136   errno.o
        30          0          0          0          0          0   handlers.o
        36          8          0          0          0         68   init.o
        10          0          0          0          0         68   isspace_c.o
         0          0          0          0          0          0   iusefp.o
        30          0          0          0          0         68   llshl.o
        36          0          0          0          0         68   llsshr.o
        32          0          0          0          0         68   llushr.o
       188         20          0          0          0        160   malloc.o
        64          0          0          0          0         76   memmovea.o
        36          0          0          0          0        108   memseta.o
         0          0          0          8          0          0   mvars.o
      2226         90          0          0          0        444   printfa.o
       838         12          0          0          0        216   scanf_fp.o
         0          0          0          4          0          0   stdout.o
        28          0          0          0          0         76   strcmp.o
        14          0          0          0          0         68   strlen.o
       156         14          0          0          0        120   strtod.o
        44          0          0          0          0         80   uidiv.o
        98          0          0          0          0         92   uldiv.o
        48          0          0          0          0         68   cdcmple.o
        48          0          0          0          0         68   cdrcmple.o
        20          0          0          0          0         68   cfcmple.o
        20          0          0          0          0         68   cfrcmple.o
        56          0          0          0          0         88   d2f.o
       334          0          0          0          0        148   dadd.o
       222          0          0          0          0        100   ddiv.o
       186          0          0          0          0        176   depilogue.o
        62          0          0          0          0         80   dfixi.o
        48          0          0          0          0         68   dfixul.o
        34          0          0          0          0         76   dflti.o
        26          0          0          0          0         76   dfltui.o
        24          0          0          0          0         76   dfltul.o
       228          0          0          0          0         96   dmul.o
        46          0          0          0          0         80   dscalb.o
       162          0          0          0          0        100   dsqrt.o
        38          0          0          0          0         68   f2d.o
       176          0          0          0          0        140   fadd.o
       124          0          0          0          0         88   fdiv.o
       110          0          0          0          0        168   fepilogue.o
        50          0          0          0          0         68   ffixi.o
        40          0          0          0          0         68   ffixui.o
        18          0          0          0          0         68   fflti.o
        10          0          0          0          0         68   ffltui.o
       100          0          0          0          0         76   fmul.o
        24          0          0          0          0         68   fscalb.o

    ----------------------------------------------------------------------
     12172        630        728         16          0       6416   Library Totals
        18          0          0          0          0          0   (incl. Padding)

    ----------------------------------------------------------------------

      Code (inc. data)   RO Data    RW Data    ZI Data      Debug   Library Name

      5772        460        664          0          0       1956   m_ws.l
      4128        170         64         16          0       2144   mc_w.l
      2254          0          0          0          0       2316   mf_w.l

    ----------------------------------------------------------------------
     12172        630        728         16          0       6416   Library Totals

    ----------------------------------------------------------------------

==============================================================================


      Code (inc. data)   RO Data    RW Data    ZI Data      Debug   

     41664       1724       1112        308      24844     471039   Grand Totals
     41664       1724       1112         48      24844     471039   ELF Image Totals (compressed)
     41664       1724       1112         48          0          0   ROM Totals

==============================================================================

    Total RO  Size (Code + RO Data)                42776 (  41.77kB)
    Total RW  Size (RW Data + ZI Data)             25152 (  24.56kB)
    Total ROM Size (Code + RO Data + RW Data)      42824 (  41.82kB)

==============================================================================

