Component: ARM Compiler 5.05 (build 41) Tool: armlink [4d0eb9]

==============================================================================

Section Cross References

    ames_matrix.o(.text) refers to fmul.o(.text) for __aeabi_fmul
    ames_matrix.o(.text) refers to fadd.o(.text) for __aeabi_fadd
    ames_matrix.o(.text) refers to fdiv.o(.text) for __aeabi_fdiv
    delta.o(.text) refers to fmul.o(.text) for __aeabi_fmul
    delta.o(.text) refers to f2d.o(.text) for __aeabi_f2d
    delta.o(.text) refers to cos.o(i.cos) for cos
    delta.o(.text) refers to dmul.o(.text) for __aeabi_dmul
    delta.o(.text) refers to dadd.o(.text) for __aeabi_dsub
    delta.o(.text) refers to d2f.o(.text) for __aeabi_d2f
    delta.o(.text) refers to sin.o(i.sin) for sin
    delta.o(.text) refers to dscalb.o(.text) for __ARM_scalbn
    delta.o(.text) refers to fadd.o(.text) for __aeabi_fsub
    delta.o(.text) refers to fscalb.o(.text) for __ARM_scalbnf
    delta.o(.text) refers to sqrt.o(i.sqrt) for sqrt
    delta.o(.text) refers to ddiv.o(.text) for __aeabi_ddiv
    delta.o(.text) refers to fdiv.o(.text) for __aeabi_fdiv
    delta.o(.text) refers to cfrcmple.o(.text) for __aeabi_cfrcmple
    delta.o(.text) refers to atan.o(i.atan) for atan
    hardware.o(.text) refers to stm32f10x_rcc.o(.text) for RCC_APB2PeriphClockCmd
    hardware.o(.text) refers to stm32f10x_gpio.o(.text) for GPIO_Init
    jacobian.o(.text) refers to fmul.o(.text) for __aeabi_fmul
    jacobian.o(.text) refers to fdiv.o(.text) for __aeabi_fdiv
    jacobian.o(.text) refers to f2d.o(.text) for __aeabi_f2d
    jacobian.o(.text) refers to sin.o(i.sin) for sin
    jacobian.o(.text) refers to dmul.o(.text) for __aeabi_dmul
    jacobian.o(.text) refers to cos.o(i.cos) for cos
    jacobian.o(.text) refers to dadd.o(.text) for __aeabi_dsub
    jacobian.o(.text) refers to d2f.o(.text) for __aeabi_d2f
    jacobian.o(.text) refers to pow.o(i.pow) for pow
    jacobian.o(.text) refers to sqrt.o(i.sqrt) for sqrt
    jacobian.o(.text) refers to ffixi.o(.text) for __aeabi_f2iz
    jacobian.o(.text) refers to fflti.o(.text) for __aeabi_i2f
    jacobian.o(.text) refers to acos.o(i.acos) for acos
    jacobian.o(.text) refers to dscalb.o(.text) for __ARM_scalbn
    jacobian.o(.text) refers to ddiv.o(.text) for __aeabi_ddiv
    jacobian.o(.text) refers to fadd.o(.text) for __aeabi_fadd
    jacobian.o(.text) refers to ames_matrix.o(.text) for Inv
    main.o(.text) refers to xtask.o(.text) for Application_Init
    xtask.o(.text) refers to ames_clock.o(.text) for TSVN_FOSC_Init
    xtask.o(.text) refers to ames_led.o(.text) for TSVN_Led_Init
    xtask.o(.text) refers to ames_acs712.o(.text) for TSVN_ACS712_Init
    xtask.o(.text) refers to ames_qei.o(.text) for TSVN_QEI_TIM1_Init
    xtask.o(.text) refers to ames_can.o(.text) for TSVN_CAN_Init
    xtask.o(.text) refers to ames_usart.o(.text) for TSVN_USART_Init
    xtask.o(.text) refers to ames_timer.o(.text) for TSVN_TIM6_Init
    xtask.o(.text) refers to ames_fir.o(.text) for FIR_Init
    xtask.o(.text) refers to ames_pwm.o(.text) for TSVN_PWM_TIM5_Init
    xtask.o(.text) refers to hardware.o(.text) for DIR_Init
    xtask.o(.text) refers to ames_pid.o(.text) for PID_Mem_Create
    xtask.o(.text) refers to ffltui.o(.text) for __aeabi_ui2f
    xtask.o(.text) refers to queue.o(.text) for xQueueGenericCreate
    xtask.o(.text) refers to fadd.o(.text) for __aeabi_fadd
    xtask.o(.text) refers to fflti.o(.text) for __aeabi_i2f
    xtask.o(.text) refers to f2d.o(.text) for __aeabi_f2d
    xtask.o(.text) refers to dmul.o(.text) for __aeabi_dmul
    xtask.o(.text) refers to ddiv.o(.text) for __aeabi_ddiv
    xtask.o(.text) refers to d2f.o(.text) for __aeabi_d2f
    xtask.o(.text) refers to delta.o(.text) for Delta_CalcForward
    xtask.o(.text) refers to jacobian.o(.text) for MomentCalculate
    xtask.o(.text) refers to fmul.o(.text) for __aeabi_fmul
    xtask.o(.text) refers to tasks.o(.text) for vTaskDelay
    xtask.o(.text) refers to strcmp.o(.text) for strcmp
    xtask.o(.text) refers to atof.o(i.atof) for atof
    xtask.o(.text) refers to printfa.o(i.__0printf) for __2printf
    xtask.o(.text) refers to xtask.o(.data) for .data
    xtask.o(.text) refers to xtask.o(.constdata) for .constdata
    xtask.o(.text) refers to ffixui.o(.text) for __aeabi_f2uiz
    xtask.o(.text) refers to stm32f10x_can.o(.text) for CAN_Transmit
    xtask.o(.text) refers to stm32f10x_usart.o(.text) for USART_GetITStatus
    xtask.o(.text) refers to stm32f10x_tim.o(.text) for TIM_GetITStatus
    xtask.o(.text) refers to dadd.o(.text) for __aeabi_dsub
    xtask.o(.text) refers to xtask.o(.bss) for .bss
    queue.o(.text) refers to port.o(.text) for vPortEnterCritical
    queue.o(.text) refers to list.o(.text) for vListInitialise
    queue.o(.text) refers to tasks.o(.text) for xTaskRemoveFromEventList
    queue.o(.text) refers to heap_2.o(.text) for pvPortMalloc
    queue.o(.text) refers to memmovea.o(.text) for __aeabi_memcpy
[...]
    uxTopReadyPriority                       0x20000030   Data           4  tasks.o(.data)
    xSchedulerRunning                        0x20000034   Data           4  tasks.o(.data)
    uxPendedTicks                            0x20000038   Data           4  tasks.o(.data)
    xYieldPending                            0x2000003c   Data           4  tasks.o(.data)
    xNumOfOverflows                          0x20000040   Data           4  tasks.o(.data)
    uxTaskNumber                             0x20000044   Data           4  tasks.o(.data)
    xNextTaskUnblockTime                     0x20000048   Data           4  tasks.o(.data)
    uxSchedulerSuspended                     0x2000004c   Data           4  tasks.o(.data)
    pxDelayedTaskList                        0x20000050   Data           4  tasks.o(.data)
    pxOverflowDelayedTaskList                0x20000054   Data           4  tasks.o(.data)
    .data                                    0x20000058   Section       24  heap_2.o(.data)
    xFreeBytesRemaining                      0x20000058   Data           4  heap_2.o(.data)
    xHeapHasBeenInitialised                  0x2000005c   Data           4  heap_2.o(.data)
    xStart                                   0x20000060   Data           8  heap_2.o(.data)
    xEnd                                     0x20000068   Data           8  heap_2.o(.data)
    .data                                    0x20000070   Section        4  port.o(.data)
    uxCriticalNesting                        0x20000070   Data           4  port.o(.data)
    .data                                    0x20000078   Section       24  ames_acs712.o(.data)
    Voltage                                  0x20000078   Data           8  ames_acs712.o(.data)
    Amps                                     0x20000080   Data           8  ames_acs712.o(.data)
    .data                                    0x20000090   Section        4  ames_led.o(.data)
    .data                                    0x20000094   Section       32  ames_pid.o(.data)
    .data                                    0x200000b4   Section        8  ames_pwm.o(.data)
    .data                                    0x200000bc   Section       32  ames_qei.o(.data)
    .data                                    0x200000dc   Section        8  ames_timer.o(.data)
    .data                                    0x200000e4   Section       16  ames_usart.o(.data)
    ReturnValue                              0x200000e4   Data           4  ames_usart.o(.data)
    .data                                    0x200000f4   Section       20  stm32f10x_rcc.o(.data)
    ADCPrescTable                            0x200000f4   Data           4  stm32f10x_rcc.o(.data)
    APBAHBPrescTable                         0x200000f8   Data          16  stm32f10x_rcc.o(.data)
    .data                                    0x20000108   Section       20  system_stm32f10x.o(.data)
    .data                                    0x2000011c   Section        4  stdout.o(.data)
    .data                                    0x20000120   Section        4  mvars.o(.data)
    .data                                    0x20000124   Section        4  mvars.o(.data)
    .data                                    0x20000128   Section        4  errno.o(.data)
    _errno                                   0x20000128   Data           4  errno.o(.data)
    .bss                                     0x2000012c   Section       48  xtask.o(.bss)
    CurentValue_MOTOR                        0x2000012c   Data          12  xtask.o(.bss)
    Moment                                   0x20000138   Data          12  xtask.o(.bss)
    Moments                                  0x20000144   Data          12  xtask.o(.bss)
    PWM_MOTOR                                0x20000150   Data          12  xtask.o(.bss)
    .bss                                     0x2000015c   Section      200  tasks.o(.bss)
    pxReadyTasksLists                        0x2000015c   Data         100  tasks.o(.bss)
    xDelayedTaskList1                        0x200001c0   Data          20  tasks.o(.bss)
    xDelayedTaskList2                        0x200001d4   Data          20  tasks.o(.bss)
    xPendingReadyList                        0x200001e8   Data          20  tasks.o(.bss)
    xTasksWaitingTermination                 0x200001fc   Data          20  tasks.o(.bss)
    xSuspendedTaskList                       0x20000210   Data          20  tasks.o(.bss)
    .bss                                     0x20000224   Section    20480  heap_2.o(.bss)
    ucHeap                                   0x20000224   Data       20480  heap_2.o(.bss)
    .bss                                     0x20005228   Section     2576  ames_fir.o(.bss)
    HEAP                                     0x20005c38   Section      512  startup_stm32f10x_cl.o(HEAP)
    STACK                                    0x20005e38   Section     1024  startup_stm32f10x_cl.o(STACK)

    Global Symbols

    Symbol Name                              Value     Ov Type        Size  Object(Section)

    BuildAttributes$$THM_ISAv4$P$D$K$B$S$PE$A:L22UL41UL21$X:L11$S22US41US21$IEEE1$IW$USESV6$~STKCKD$USESV7$~SHL$OTIME$ROPI$IEEEX$EBA8$MICROLIB$REQ8$PRES8$EABIv2 0x00000000   Number         0  anon$$obj.o ABSOLUTE
    __ARM_use_no_argv                        0x00000000   Number         0  main.o ABSOLUTE
    _printf_a                                0x00000000   Number         0  stubs.o ABSOLUTE
    _printf_c                                0x00000000   Number         0  stubs.o ABSOLUTE
    _printf_charcount                        0x00000000   Number         0  stubs.o ABSOLUTE
    _printf_d                                0x00000000   Number         0  stubs.o ABSOLUTE
    _printf_e                                0x00000000   Number         0  stubs.o ABSOLUTE
    _printf_f                                0x00000000   Number         0  stubs.o ABSOLUTE
    _printf_flags                            0x00000000   Number         0  stubs.o ABSOLUTE
    _printf_fp_dec                           0x00000000   Number         0  stubs.o ABSOLUTE
    _printf_fp_hex                           0x00000000   Number         0  stubs.o ABSOLUTE
    _printf_g                                0x00000000   Number         0  stubs.o ABSOLUTE
    _printf_i                                0x00000000   Number         0  stubs.o ABSOLUTE
    _printf_int_dec                          0x00000000   Number         0  stubs.o ABSOLUTE
    _printf_l                                0x00000000   Number         0  stubs.o ABSOLUTE
    _printf_lc                               0x00000000   Number         0  stubs.o ABSOLUTE
    _printf_ll                               0x00000000   Number         0  stubs.o ABSOLUTE
    _printf_lld                              0x00000000   Number         0  stubs.o ABSOLUTE
    _printf_lli                              0x00000000   Number         0  stubs.o ABSOLUTE
    _printf_llo                              0x00000000   Number         0  stubs.o ABSOLUTE
    _printf_llu                              0x00000000   Number         0  stubs.o ABSOLUTE
    _printf_llx                              0x00000000   Number         0  stubs.o ABSOLUTE
    _printf_longlong_dec                     0x00000000   Number         0  stubs.o ABSOLUTE
    _printf_longlong_hex                     0x00000000   Number         0  stubs.o ABSOLUTE
    _printf_longlong_oct                     0x00000000   Number         0  stubs.o ABSOLUTE
    _printf_ls                               0x00000000   Number         0  stubs.o ABSOLUTE
    _printf_mbtowc                           0x00000000   Number         0  stubs.o ABSOLUTE
    _printf_n                                0x00000000   Number         0  stubs.o ABSOLUTE
    _printf_o                                0x00000000   Number         0  stubs.o ABSOLUTE
    _printf_p                                0x00000000   Number         0  stubs.o ABSOLUTE
    _printf_percent                          0x00000000   Number         0  stubs.o ABSOLUTE
    _printf_pre_padding                      0x00000000   Number         0  stubs.o ABSOLUTE
    _printf_return_value                     0x00000000   Number         0  stubs.o ABSOLUTE
    _printf_s                                0x00000000   Number         0  stubs.o ABSOLUTE
    _printf_sizespec                         0x00000000   Number         0  stubs.o ABSOLUTE
    _printf_str                              0x00000000   Number         0  stubs.o ABSOLUTE
    _printf_truncate_signed                  0x00000000   Number         0  stubs.o ABSOLUTE
    _printf_truncate_unsigned                0x00000000   Number         0  stubs.o ABSOLUTE
    _printf_u                                0x00000000   Number         0  stubs.o ABSOLUTE
    _printf_wc                               0x00000000   Number         0  stubs.o ABSOLUTE
    _printf_wctomb                           0x00000000   Number         0  stubs.o ABSOLUTE
    _printf_widthprec                        0x00000000   Number         0  stubs.o ABSOLUTE
    _printf_x                                0x00000000   Number         0  stubs.o ABSOLUTE
    __cpp_initialize__aeabi_                  - Undefined Weak Reference
    __cxa_finalize                            - Undefined Weak Reference
    _clock_init                               - Undefined Weak Reference
    _microlib_exit                            - Undefined Weak Reference
    __Vectors_Size                           0x00000150   Number         0  startup_stm32f10x_cl.o ABSOLUTE
    __Vectors                                0x08000000   Data           4  startup_stm32f10x_cl.o(RESET)
    __Vectors_End                            0x08000150   Data           0  startup_stm32f10x_cl.o(RESET)
    __main                                   0x08000151   Thumb Code     0  entry.o(.ARM.Collect$$$$00000000)
    _main_stk                                0x08000151   Thumb Code     0  entry2.o(.ARM.Collect$$$$00000001)
    _main_scatterload                        0x08000155   Thumb Code     0  entry5.o(.ARM.Collect$$$$00000004)
    __main_after_scatterload                 0x08000159   Thumb Code     0  entry5.o(.ARM.Collect$$$$00000004)
    _main_clock                              0x08000159   Thumb Code     0  entry7b.o(.ARM.Collect$$$$00000008)
    _main_cpp_init                           0x08000159   Thumb Code     0  entry8b.o(.ARM.Collect$$$$0000000A)
    _main_init                               0x08000159   Thumb Code     0  entry9a.o(.ARM.Collect$$$$0000000B)
    __rt_final_cpp                           0x08000161   Thumb Code     0  entry10a.o(.ARM.Collect$$$$0000000D)
    __rt_final_exit                          0x08000161   Thumb Code     0  entry11a.o(.ARM.Collect$$$$0000000F)
    SVC_Handler                              0x08000165   Thumb Code    32  port.o(.emb_text)
    __asm___6_port_c_39a90d8d__prvStartFirstTask 0x08000189   Thumb Code    28  port.o(.emb_text)
    PendSV_Handler                           0x080001a9   Thumb Code    64  port.o(.emb_text)
    ulPortSetInterruptMask                   0x080001ed   Thumb Code    14  port.o(.emb_text)
    vPortClearInterruptMask                  0x080001fb   Thumb Code     6  port.o(.emb_text)
    vPortGetIPSR                             0x08000201   Thumb Code     6  port.o(.emb_text)
    Det                                      0x08000209   Thumb Code   168  ames_matrix.o(.text)
    MultiplyMax                              0x080002b1   Thumb Code   502  ames_matrix.o(.text)
    Turn                                     0x080004a7   Thumb Code    38  ames_matrix.o(.text)
    Inv                                      0x080004cd   Thumb Code   488  ames_matrix.o(.text)
    Delta_CalcForward                        0x080006bd   Thumb Code   918  delta.o(.text)
    Delta_CalcAngleYZ                        0x08000a53   Thumb Code   428  delta.o(.text)
    Delta_CalcInverse                        0x08000bff   Thumb Code   146  delta.o(.text)
    DIR_Init                                 0x08000ca1   Thumb Code    66  hardware.o(.text)
    DIR_Change                               0x08000ce3   Thumb Code    68  hardware.o(.text)
    JacobianCalAngle                         0x08000d2d   Thumb Code   576  jacobian.o(.text)
    MomentCalculate                          0x08000f6d   Thumb Code  1392  jacobian.o(.text)
    main                                     0x080014e1   Thumb Code    14  main.o(.text)
    Application_Init                         0x080014f1   Thumb Code   274  xtask.o(.text)
    MOMENT_TASK                              0x08001603   Thumb Code   390  xtask.o(.text)
    TRANSFER_TASK                            0x08001789   Thumb Code   688  xtask.o(.text)
    POS_TASK                                 0x08001a39   Thumb Code   324  xtask.o(.text)
    Application_Run                          0x08001b7d   Thumb Code    84  xtask.o(.text)
    CAN1_RX0_IRQHandler                      0x08001bd1   Thumb Code    82  xtask.o(.text)
    USART1_IRQHandler                        0x08001c23   Thumb Code    72  xtask.o(.text)
    TIM6_IRQHandler                          0x08001c6b   Thumb Code   428  xtask.o(.text)
    vListInitialise                          0x08001e69   Thumb Code    22  list.o(.text)
    vListInitialiseItem                      0x08001e7f   Thumb Code     6  list.o(.text)
    vListInsertEnd                           0x08001e85   Thumb Code    24  list.o(.text)
    vListInsert                              0x08001e9d   Thumb Code    58  list.o(.text)
    uxListRemove                             0x08001ed7   Thumb Code    36  list.o(.text)
    xQueueGenericReset                       0x08001efb   Thumb Code    96  queue.o(.text)
    xQueueGenericCreate                      0x08001f5b   Thumb Code   110  queue.o(.text)
    xQueueCreateCountingSemaphore            0x08001fc9   Thumb Code   104  queue.o(.text)
    xQueueGenericSend                        0x08002031   Thumb Code   580  queue.o(.text)
    xQueueGenericSendFromISR                 0x08002275   Thumb Code   174  queue.o(.text)
    xQueueGiveFromISR                        0x08002323   Thumb Code    82  queue.o(.text)
    xQueueGenericReceive                     0x08002375   Thumb Code   542  queue.o(.text)
    xQueueReceiveFromISR                     0x08002593   Thumb Code   114  queue.o(.text)
    xQueuePeekFromISR                        0x08002605   Thumb Code    68  queue.o(.text)
    uxQueueMessagesWaiting                   0x08002649   Thumb Code    18  queue.o(.text)
    uxQueueSpacesAvailable                   0x0800265b   Thumb Code    22  queue.o(.text)
    uxQueueMessagesWaitingFromISR            0x08002671   Thumb Code     4  queue.o(.text)
    vQueueDelete                             0x08002675   Thumb Code     4  queue.o(.text)
    xQueueIsQueueEmptyFromISR                0x08002679   Thumb Code    12  queue.o(.text)
    xQueueIsQueueFullFromISR                 0x08002685   Thumb Code    14  queue.o(.text)
    xTaskGenericCreate                       0x08002695   Thumb Code   328  tasks.o(.text)
    vTaskDelete                              0x080027dd   Thumb Code   148  tasks.o(.text)
    xTaskIncrementTick                       0x08002871   Thumb Code   206  tasks.o(.text)
    xTaskResumeAll                           0x0800293f   Thumb Code   360  tasks.o(.text)
    vTaskSuspendAll                          0x08002aa7   Thumb Code    10  tasks.o(.text)
    vTaskDelayUntil                          0x08002ab1   Thumb Code   128  tasks.o(.text)
    vTaskDelay                               0x08002b31   Thumb Code    70  tasks.o(.text)
    uxTaskPriorityGet                        0x08002b77   Thumb Code    26  tasks.o(.text)
    uxTaskPriorityGetFromISR                 0x08002b91   Thumb Code    26  tasks.o(.text)
    vTaskPrioritySet                         0x08002bab   Thumb Code   160  tasks.o(.text)
    vTaskSwitchContext                       0x08002c4b   Thumb Code    62  tasks.o(.text)
    vTaskSuspend                             0x08002c89   Thumb Code   218  tasks.o(.text)
    vTaskResume                              0x08002d63   Thumb Code    96  tasks.o(.text)
    xTaskResumeFromISR                       0x08002dc3   Thumb Code   108  tasks.o(.text)
    vTaskStartScheduler                      0x08002e8b   Thumb Code    56  tasks.o(.text)
    vTaskEndScheduler                        0x08002ec3   Thumb Code    20  tasks.o(.text)
    xTaskGetTickCount                        0x08002ed7   Thumb Code     6  tasks.o(.text)
    xTaskGetTickCountFromISR                 0x08002edd   Thumb Code     6  tasks.o(.text)
    uxTaskGetNumberOfTasks                   0x08002ee3   Thumb Code     6  tasks.o(.text)
    vTaskPlaceOnEventList                    0x08002ee9   Thumb Code   112  tasks.o(.text)
    vTaskPlaceOnUnorderedEventList           0x08002f59   Thumb Code    84  tasks.o(.text)
    xTaskRemoveFromEventList                 0x08002fad   Thumb Code    86  tasks.o(.text)
    xTaskRemoveFromUnorderedEventList        0x08003003   Thumb Code    70  tasks.o(.text)
    vTaskSetTimeOutState                     0x08003049   Thumb Code    12  tasks.o(.text)
    xTaskCheckForTimeOut                     0x08003055   Thumb Code    76  tasks.o(.text)
    vTaskMissedYield                         0x080030a1   Thumb Code     8  tasks.o(.text)
    uxTaskResetEventItemValue                0x080030a9   Thumb Code    20  tasks.o(.text)
    ulTaskNotifyTake                         0x080030bd   Thumb Code   138  tasks.o(.text)
    xTaskNotifyWait                          0x08003147   Thumb Code   168  tasks.o(.text)
    xTaskGenericNotify                       0x080031ef   Thumb Code   140  tasks.o(.text)
    xTaskNotifyFromISR                       0x0800327b   Thumb Code   160  tasks.o(.text)
    vTaskNotifyGiveFromISR                   0x0800331b   Thumb Code   136  tasks.o(.text)
    pvPortMalloc                             0x080033dd   Thumb Code   190  heap_2.o(.text)
    vPortFree                                0x0800349b   Thumb Code    54  heap_2.o(.text)
    xPortGetFreeHeapSize                     0x080034d1   Thumb Code     6  heap_2.o(.text)
    vPortInitialiseBlocks                    0x080034d7   Thumb Code     2  heap_2.o(.text)
    pxPortInitialiseStack                    0x080034eb   Thumb Code    26  port.o(.text)
    vPortSetupTimerInterrupt                 0x08003505   Thumb Code    14  port.o(.text)
    xPortStartScheduler                      0x08003513   Thumb Code    46  port.o(.text)
    vPortEndScheduler                        0x08003541   Thumb Code     2  port.o(.text)
    vPortYield                               0x08003543   Thumb Code    18  port.o(.text)
    vPortEnterCritical                       0x08003555   Thumb Code    24  port.o(.text)
    vPortExitCritical                        0x0800356d   Thumb Code    18  port.o(.text)
    SysTick_Handler                          0x0800357f   Thumb Code    30  port.o(.text)
    __DMA_Init                               0x080035b1   Thumb Code    80  ames_acs712.o(.text)
    TSVN_ACS712_Init                         0x08003601   Thumb Code   276  ames_acs712.o(.text)
    TSVN_ACS712_Read_ADC                     0x08003715   Thumb Code    42  ames_acs712.o(.text)
    TSVN_ACS712_Read                         0x0800373f   Thumb Code   274  ames_acs712.o(.text)
    TSVN_CAN_Init                            0x08003879   Thumb Code   232  ames_can.o(.text)
    TSVN_CAN_Deinit                          0x08003961   Thumb Code     6  ames_can.o(.text)
    TSVN_FOSC_Init                           0x08003971   Thumb Code   164  ames_clock.o(.text)
    FIR_Init                                 0x08003a1d   Thumb Code    22  ames_fir.o(.text)
    Median_Filter                            0x08003a33   Thumb Code   276  ames_fir.o(.text)
    FIR_Filter                               0x08003b47   Thumb Code   142  ames_fir.o(.text)
    FIR_CollectData                          0x08003bd5   Thumb Code    38  ames_fir.o(.text)
    AMES_Filter                              0x08003bfb   Thumb Code    72  ames_fir.o(.text)
    TSVN_Led_Init                            0x08003c55   Thumb Code    82  ames_led.o(.text)
    TSVN_Led_On                              0x08003ca7   Thumb Code    50  ames_led.o(.text)
    TSVN_Led_Off                             0x08003cd9   Thumb Code    50  ames_led.o(.text)
    TSVN_Led_Toggle                          0x08003d0b   Thumb Code   130  ames_led.o(.text)
    TSVN_Led_Deinit                          0x08003d8d   Thumb Code     8  ames_led.o(.text)
    PID_Mem_Create                           0x08003d9d   Thumb Code   134  ames_pid.o(.text)
    PID_Free_Mem                             0x08003e23   Thumb Code    50  ames_pid.o(.text)
    PID_Reset                                0x08003e55   Thumb Code    48  ames_pid.o(.text)
    PID_Init                                 0x08003e85   Thumb Code    52  ames_pid.o(.text)
    PID_WindUp_Init                          0x08003eb9   Thumb Code    22  ames_pid.o(.text)
    PID_Calculate                            0x08003ecf   Thumb Code   280  ames_pid.o(.text)
    TSVN_PWM_TIM5_Init                       0x08003fed   Thumb Code   308  ames_pwm.o(.text)
    TSVN_PWM_TIM5_Set_Duty                   0x08004121   Thumb Code   112  ames_pwm.o(.text)
    TSVN_PWM_TIM5_Start                      0x08004191   Thumb Code     8  ames_pwm.o(.text)
    TSVN_PWM_TIM5_Stop                       0x08004199   Thumb Code     8  ames_pwm.o(.text)
    TSVN_QEI_TIM1_Init                       0x080041b1   Thumb Code   190  ames_qei.o(.text)
    TSVN_QEI_TIM1_Deinit                     0x0800426f   Thumb Code    30  ames_qei.o(.text)
    TIM1_UP_IRQHandler                       0x0800428d   Thumb Code    48  ames_qei.o(.text)
    TSVN_QEI_TIM1_Value                      0x080042bd   Thumb Code    20  ames_qei.o(.text)
    TSVN_QEI_TIM2_Init                       0x080042d1   Thumb Code   174  ames_qei.o(.text)
    TSVN_QEI_TIM2_Deinit                     0x0800437f   Thumb Code    28  ames_qei.o(.text)
    TIM2_IRQHandler                          0x0800439b   Thumb Code    50  ames_qei.o(.text)
    TSVN_QEI_TIM2_Value                      0x080043cd   Thumb Code    22  ames_qei.o(.text)
    TSVN_QEI_TIM3_Init                       0x080043e3   Thumb Code   184  ames_qei.o(.text)
    TSVN_QEI_TIM3_Deinit                     0x0800449b   Thumb Code    28  ames_qei.o(.text)
    TIM3_IRQHandler                          0x080044b7   Thumb Code    48  ames_qei.o(.text)
    TSVN_QEI_TIM3_Value                      0x080044e7   Thumb Code    20  ames_qei.o(.text)
    TSVN_QEI_TIM4_Init                       0x080044fb   Thumb Code   226  ames_qei.o(.text)
    TSVN_QEI_TIM4_Deinit                     0x080045dd   Thumb Code    28  ames_qei.o(.text)
    TIM4_IRQHandler                          0x080045f9   Thumb Code    48  ames_qei.o(.text)
    TSVN_QEI_TIM4_Value                      0x08004629   Thumb Code    20  ames_qei.o(.text)
    TSVN_TIM6_Init                           0x08004649   Thumb Code   244  ames_timer.o(.text)
    TSVN_TIM7_Init                           0x0800473d   Thumb Code   244  ames_timer.o(.text)
    TSVN_USART_Init                          0x08004845   Thumb Code   244  ames_usart.o(.text)
    TSVN_USART_Deinit                        0x08004939   Thumb Code    34  ames_usart.o(.text)
    TSVN_USART_Create_Frame                  0x0800495b   Thumb Code    84  ames_usart.o(.text)
    TSVN_USART_Get_Frame                     0x080049af   Thumb Code    16  ames_usart.o(.text)
    TSVN_Find                                0x080049bf   Thumb Code    60  ames_usart.o(.text)
    TSVN_Get_Parameters                      0x080049fb   Thumb Code   298  ames_usart.o(.text)
    fputc                                    0x08004b25   Thumb Code    30  ames_usart.o(.text)
    NVIC_PriorityGroupConfig                 0x08004b5d   Thumb Code    14  misc.o(.text)
    NVIC_Init                                0x08004b6b   Thumb Code   112  misc.o(.text)
    NVIC_SetVectorTable                      0x08004bdb   Thumb Code    16  misc.o(.text)
    NVIC_SystemLPConfig                      0x08004beb   Thumb Code    18  misc.o(.text)
    SysTick_CLKSourceConfig                  0x08004bfd   Thumb Code    22  misc.o(.text)
    ADC_DeInit                               0x08004c21   Thumb Code    92  stm32f10x_adc.o(.text)
    ADC_Init                                 0x08004c7d   Thumb Code    70  stm32f10x_adc.o(.text)
    ADC_StructInit                           0x08004cc3   Thumb Code    18  stm32f10x_adc.o(.text)
    ADC_Cmd                                  0x08004cd5   Thumb Code    18  stm32f10x_adc.o(.text)
    ADC_DMACmd                               0x08004ce7   Thumb Code    18  stm32f10x_adc.o(.text)
    ADC_ITConfig                             0x08004cf9   Thumb Code    18  stm32f10x_adc.o(.text)
    ADC_ResetCalibration                     0x08004d0b   Thumb Code    10  stm32f10x_adc.o(.text)
    ADC_GetResetCalibrationStatus            0x08004d15   Thumb Code    16  stm32f10x_adc.o(.text)
    ADC_StartCalibration                     0x08004d25   Thumb Code    10  stm32f10x_adc.o(.text)
    ADC_GetCalibrationStatus                 0x08004d2f   Thumb Code    16  stm32f10x_adc.o(.text)
    ADC_SoftwareStartConvCmd                 0x08004d3f   Thumb Code    18  stm32f10x_adc.o(.text)
    ADC_GetSoftwareStartConvStatus           0x08004d51   Thumb Code    16  stm32f10x_adc.o(.text)
    ADC_DiscModeChannelCountConfig           0x08004d61   Thumb Code    16  stm32f10x_adc.o(.text)
    ADC_DiscModeCmd                          0x08004d71   Thumb Code    18  stm32f10x_adc.o(.text)
    ADC_RegularChannelConfig                 0x08004d83   Thumb Code   146  stm32f10x_adc.o(.text)
    ADC_ExternalTrigConvCmd                  0x08004e15   Thumb Code    18  stm32f10x_adc.o(.text)
    ADC_GetConversionValue                   0x08004e27   Thumb Code     6  stm32f10x_adc.o(.text)
    ADC_GetDualModeConversionValue           0x08004e2d   Thumb Code     6  stm32f10x_adc.o(.text)
    ADC_AutoInjectedConvCmd                  0x08004e33   Thumb Code    18  stm32f10x_adc.o(.text)
    ADC_InjectedDiscModeCmd                  0x08004e45   Thumb Code    18  stm32f10x_adc.o(.text)
    ADC_ExternalTrigInjectedConvConfig       0x08004e57   Thumb Code    12  stm32f10x_adc.o(.text)
    ADC_ExternalTrigInjectedConvCmd          0x08004e63   Thumb Code    18  stm32f10x_adc.o(.text)
    ADC_SoftwareStartInjectedConvCmd         0x08004e75   Thumb Code    18  stm32f10x_adc.o(.text)
    ADC_GetSoftwareStartInjectedConvCmdStatus 0x08004e87   Thumb Code    16  stm32f10x_adc.o(.text)
    ADC_InjectedChannelConfig                0x08004e97   Thumb Code    96  stm32f10x_adc.o(.text)
    ADC_InjectedSequencerLengthConfig        0x08004ef7   Thumb Code    16  stm32f10x_adc.o(.text)
    ADC_SetInjectedOffset                    0x08004f07   Thumb Code    12  stm32f10x_adc.o(.text)
    ADC_GetInjectedConversionValue           0x08004f13   Thumb Code    16  stm32f10x_adc.o(.text)
    ADC_AnalogWatchdogCmd                    0x08004f23   Thumb Code    16  stm32f10x_adc.o(.text)
    ADC_AnalogWatchdogThresholdsConfig       0x08004f33   Thumb Code     6  stm32f10x_adc.o(.text)
    ADC_AnalogWatchdogSingleChannelConfig    0x08004f39   Thumb Code    12  stm32f10x_adc.o(.text)
    ADC_TempSensorVrefintCmd                 0x08004f45   Thumb Code    20  stm32f10x_adc.o(.text)
    ADC_GetFlagStatus                        0x08004f59   Thumb Code    14  stm32f10x_adc.o(.text)
    ADC_ClearFlag                            0x08004f67   Thumb Code     6  stm32f10x_adc.o(.text)
    ADC_GetITStatus                          0x08004f6d   Thumb Code    28  stm32f10x_adc.o(.text)
    ADC_ClearITPendingBit                    0x08004f89   Thumb Code     8  stm32f10x_adc.o(.text)
    CAN_DeInit                               0x08004f9d   Thumb Code    58  stm32f10x_can.o(.text)
    CAN_Init                                 0x08004fd7   Thumb Code   232  stm32f10x_can.o(.text)
    CAN_FilterInit                           0x080050bf   Thumb Code   218  stm32f10x_can.o(.text)
    CAN_StructInit                           0x08005199   Thumb Code    32  stm32f10x_can.o(.text)
    CAN_SlaveStartBank                       0x080051b9   Thumb Code    40  stm32f10x_can.o(.text)
    CAN_DBGFreeze                            0x080051e1   Thumb Code    18  stm32f10x_can.o(.text)
    CAN_TTComModeCmd                         0x080051f3   Thumb Code    90  stm32f10x_can.o(.text)
    CAN_Transmit                             0x0800524d   Thumb Code   194  stm32f10x_can.o(.text)
    CAN_TransmitStatus                       0x0800530f   Thumb Code   106  stm32f10x_can.o(.text)
    CAN_CancelTransmit                       0x08005379   Thumb Code    40  stm32f10x_can.o(.text)
    CAN_Receive                              0x080053a1   Thumb Code   180  stm32f10x_can.o(.text)
    CAN_FIFORelease                          0x08005455   Thumb Code    22  stm32f10x_can.o(.text)
    CAN_MessagePending                       0x0800546b   Thumb Code    26  stm32f10x_can.o(.text)
    CAN_OperatingModeRequest                 0x08005485   Thumb Code   176  stm32f10x_can.o(.text)
    CAN_Sleep                                0x08005535   Thumb Code    30  stm32f10x_can.o(.text)
    CAN_WakeUp                               0x08005553   Thumb Code    42  stm32f10x_can.o(.text)
    CAN_GetLastErrorCode                     0x0800557d   Thumb Code    10  stm32f10x_can.o(.text)
    CAN_GetReceiveErrorCounter               0x08005587   Thumb Code     6  stm32f10x_can.o(.text)
    CAN_GetLSBTransmitErrorCounter           0x0800558d   Thumb Code     8  stm32f10x_can.o(.text)
    CAN_ITConfig                             0x08005595   Thumb Code    16  stm32f10x_can.o(.text)
    CAN_GetFlagStatus                        0x080055a5   Thumb Code    82  stm32f10x_can.o(.text)
    CAN_ClearFlag                            0x080055f7   Thumb Code    48  stm32f10x_can.o(.text)
    CAN_GetITStatus                          0x08005627   Thumb Code   268  stm32f10x_can.o(.text)
    CAN_ClearITPendingBit                    0x08005733   Thumb Code   152  stm32f10x_can.o(.text)
    DMA_DeInit                               0x080057d5   Thumb Code   206  stm32f10x_dma.o(.text)
    DMA_Init                                 0x080058a3   Thumb Code    82  stm32f10x_dma.o(.text)
    DMA_StructInit                           0x080058f5   Thumb Code    26  stm32f10x_dma.o(.text)
    DMA_Cmd                                  0x0800590f   Thumb Code    20  stm32f10x_dma.o(.text)
    DMA_ITConfig                             0x08005923   Thumb Code    16  stm32f10x_dma.o(.text)
    DMA_SetCurrDataCounter                   0x08005933   Thumb Code     4  stm32f10x_dma.o(.text)
    DMA_GetCurrDataCounter                   0x08005937   Thumb Code     6  stm32f10x_dma.o(.text)
    DMA_GetFlagStatus                        0x0800593d   Thumb Code    24  stm32f10x_dma.o(.text)
    DMA_ClearFlag                            0x08005955   Thumb Code    16  stm32f10x_dma.o(.text)
    DMA_GetITStatus                          0x08005965   Thumb Code    24  stm32f10x_dma.o(.text)
    DMA_ClearITPendingBit                    0x0800597d   Thumb Code    16  stm32f10x_dma.o(.text)
    GPIO_DeInit                              0x080059c9   Thumb Code   192  stm32f10x_gpio.o(.text)
    GPIO_AFIODeInit                          0x08005a89   Thumb Code    22  stm32f10x_gpio.o(.text)
    GPIO_Init                                0x08005a9f   Thumb Code   186  stm32f10x_gpio.o(.text)
    GPIO_StructInit                          0x08005b59   Thumb Code    16  stm32f10x_gpio.o(.text)
    GPIO_ReadInputDataBit                    0x08005b69   Thumb Code    14  stm32f10x_gpio.o(.text)
    GPIO_ReadInputData                       0x08005b77   Thumb Code     6  stm32f10x_gpio.o(.text)
    GPIO_ReadOutputDataBit                   0x08005b7d   Thumb Code    14  stm32f10x_gpio.o(.text)
    GPIO_ReadOutputData                      0x08005b8b   Thumb Code     6  stm32f10x_gpio.o(.text)
    GPIO_SetBits                             0x08005b91   Thumb Code     4  stm32f10x_gpio.o(.text)
    GPIO_ResetBits                           0x08005b95   Thumb Code     4  stm32f10x_gpio.o(.text)
    GPIO_WriteBit                            0x08005b99   Thumb Code    10  stm32f10x_gpio.o(.text)
    GPIO_Write                               0x08005ba3   Thumb Code     4  stm32f10x_gpio.o(.text)
    GPIO_PinLockConfig                       0x08005ba7   Thumb Code    16  stm32f10x_gpio.o(.text)
    GPIO_EventOutputConfig                   0x08005bb7   Thumb Code    22  stm32f10x_gpio.o(.text)
    GPIO_EventOutputCmd                      0x08005bcd   Thumb Code     6  stm32f10x_gpio.o(.text)
    GPIO_PinRemapConfig                      0x08005bd3   Thumb Code   102  stm32f10x_gpio.o(.text)
    GPIO_EXTILineConfig                      0x08005c39   Thumb Code    40  stm32f10x_gpio.o(.text)
    GPIO_ETH_MediaInterfaceConfig            0x08005c61   Thumb Code     8  stm32f10x_gpio.o(.text)
    RCC_DeInit                               0x08005c71   Thumb Code    66  stm32f10x_rcc.o(.text)
    RCC_HSEConfig                            0x08005cb3   Thumb Code    50  stm32f10x_rcc.o(.text)
    RCC_GetFlagStatus                        0x08005ce5   Thumb Code    42  stm32f10x_rcc.o(.text)
    RCC_WaitForHSEStartUp                    0x08005d0f   Thumb Code    50  stm32f10x_rcc.o(.text)
    RCC_AdjustHSICalibrationValue            0x08005d41   Thumb Code    16  stm32f10x_rcc.o(.text)
    RCC_HSICmd                               0x08005d51   Thumb Code     6  stm32f10x_rcc.o(.text)
    RCC_PLLConfig                            0x08005d57   Thumb Code    16  stm32f10x_rcc.o(.text)
    RCC_PLLCmd                               0x08005d67   Thumb Code     6  stm32f10x_rcc.o(.text)
    RCC_PREDIV1Config                        0x08005d6d   Thumb Code    20  stm32f10x_rcc.o(.text)
    RCC_PREDIV2Config                        0x08005d81   Thumb Code    14  stm32f10x_rcc.o(.text)
    RCC_PLL2Config                           0x08005d8f   Thumb Code    14  stm32f10x_rcc.o(.text)
    RCC_PLL2Cmd                              0x08005d9d   Thumb Code     6  stm32f10x_rcc.o(.text)
    RCC_PLL3Config                           0x08005da3   Thumb Code    14  stm32f10x_rcc.o(.text)
    RCC_PLL3Cmd                              0x08005db1   Thumb Code     6  stm32f10x_rcc.o(.text)
    RCC_SYSCLKConfig                         0x08005db7   Thumb Code    14  stm32f10x_rcc.o(.text)
    RCC_GetSYSCLKSource                      0x08005dc5   Thumb Code    10  stm32f10x_rcc.o(.text)
    RCC_HCLKConfig                           0x08005dcf   Thumb Code    14  stm32f10x_rcc.o(.text)
    RCC_PCLK1Config                          0x08005ddd   Thumb Code    14  stm32f10x_rcc.o(.text)
    RCC_PCLK2Config                          0x08005deb   Thumb Code    16  stm32f10x_rcc.o(.text)
    RCC_ITConfig                             0x08005dfb   Thumb Code    18  stm32f10x_rcc.o(.text)
    RCC_OTGFSCLKConfig                       0x08005e0d   Thumb Code     8  stm32f10x_rcc.o(.text)
    RCC_ADCCLKConfig                         0x08005e15   Thumb Code    14  stm32f10x_rcc.o(.text)
    RCC_I2S2CLKConfig                        0x08005e23   Thumb Code     6  stm32f10x_rcc.o(.text)
    RCC_I2S3CLKConfig                        0x08005e29   Thumb Code     6  stm32f10x_rcc.o(.text)
    RCC_LSEConfig                            0x08005e2f   Thumb Code    30  stm32f10x_rcc.o(.text)
    RCC_LSICmd                               0x08005e4d   Thumb Code     6  stm32f10x_rcc.o(.text)
    RCC_RTCCLKConfig                         0x08005e53   Thumb Code    10  stm32f10x_rcc.o(.text)
    RCC_RTCCLKCmd                            0x08005e5d   Thumb Code     6  stm32f10x_rcc.o(.text)
    RCC_GetClocksFreq                        0x08005e63   Thumb Code   196  stm32f10x_rcc.o(.text)
    RCC_AHBPeriphClockCmd                    0x08005f27   Thumb Code    18  stm32f10x_rcc.o(.text)
    RCC_APB2PeriphClockCmd                   0x08005f39   Thumb Code    18  stm32f10x_rcc.o(.text)
    RCC_APB1PeriphClockCmd                   0x08005f4b   Thumb Code    18  stm32f10x_rcc.o(.text)
    RCC_AHBPeriphResetCmd                    0x08005f5d   Thumb Code    18  stm32f10x_rcc.o(.text)
    RCC_APB2PeriphResetCmd                   0x08005f6f   Thumb Code    18  stm32f10x_rcc.o(.text)
    RCC_APB1PeriphResetCmd                   0x08005f81   Thumb Code    18  stm32f10x_rcc.o(.text)
    RCC_BackupResetCmd                       0x08005f93   Thumb Code     6  stm32f10x_rcc.o(.text)
    RCC_ClockSecuritySystemCmd               0x08005f99   Thumb Code     6  stm32f10x_rcc.o(.text)
    RCC_MCOConfig                            0x08005f9f   Thumb Code     6  stm32f10x_rcc.o(.text)
    RCC_ClearFlag                            0x08005fa5   Thumb Code    12  stm32f10x_rcc.o(.text)
    RCC_GetITStatus                          0x08005fb1   Thumb Code    16  stm32f10x_rcc.o(.text)
    RCC_ClearITPendingBit                    0x08005fc1   Thumb Code     6  stm32f10x_rcc.o(.text)
    USART_DeInit                             0x08005ff9   Thumb Code   148  stm32f10x_usart.o(.text)
    USART_Init                               0x0800608d   Thumb Code   174  stm32f10x_usart.o(.text)
    USART_StructInit                         0x0800613b   Thumb Code    22  stm32f10x_usart.o(.text)
    USART_ClockInit                          0x08006151   Thumb Code    36  stm32f10x_usart.o(.text)
    USART_ClockStructInit                    0x08006175   Thumb Code    12  stm32f10x_usart.o(.text)
    USART_Cmd                                0x08006181   Thumb Code    18  stm32f10x_usart.o(.text)
    USART_ITConfig                           0x08006193   Thumb Code    48  stm32f10x_usart.o(.text)
    USART_DMACmd                             0x080061c3   Thumb Code    16  stm32f10x_usart.o(.text)
    USART_SetAddress                         0x080061d3   Thumb Code    16  stm32f10x_usart.o(.text)
    USART_WakeUpConfig                       0x080061e3   Thumb Code    16  stm32f10x_usart.o(.text)
    USART_ReceiverWakeUpCmd                  0x080061f3   Thumb Code    18  stm32f10x_usart.o(.text)
    USART_LINBreakDetectLengthConfig         0x08006205   Thumb Code    16  stm32f10x_usart.o(.text)
    USART_LINCmd                             0x08006215   Thumb Code    18  stm32f10x_usart.o(.text)
    USART_SendData                           0x08006227   Thumb Code     8  stm32f10x_usart.o(.text)
    USART_ReceiveData                        0x0800622f   Thumb Code     8  stm32f10x_usart.o(.text)
    USART_SendBreak                          0x08006237   Thumb Code    10  stm32f10x_usart.o(.text)
    USART_SetGuardTime                       0x08006241   Thumb Code    16  stm32f10x_usart.o(.text)
    USART_SetPrescaler                       0x08006251   Thumb Code    16  stm32f10x_usart.o(.text)
    USART_SmartCardCmd                       0x08006261   Thumb Code    18  stm32f10x_usart.o(.text)
    USART_SmartCardNACKCmd                   0x08006273   Thumb Code    18  stm32f10x_usart.o(.text)
    USART_HalfDuplexCmd                      0x08006285   Thumb Code    18  stm32f10x_usart.o(.text)
    USART_OverSampling8Cmd                   0x08006297   Thumb Code    18  stm32f10x_usart.o(.text)
    USART_OneBitMethodCmd                    0x080062a9   Thumb Code    18  stm32f10x_usart.o(.text)
    USART_IrDAConfig                         0x080062bb   Thumb Code    16  stm32f10x_usart.o(.text)
    USART_IrDACmd                            0x080062cb   Thumb Code    18  stm32f10x_usart.o(.text)
    USART_GetFlagStatus                      0x080062dd   Thumb Code    14  stm32f10x_usart.o(.text)
    USART_ClearFlag                          0x080062eb   Thumb Code     6  stm32f10x_usart.o(.text)
    USART_GetITStatus                        0x080062f1   Thumb Code    76  stm32f10x_usart.o(.text)
    USART_ClearITPendingBit                  0x0800633d   Thumb Code    14  stm32f10x_usart.o(.text)
    TIM_DeInit                               0x08006351   Thumb Code   482  stm32f10x_tim.o(.text)
    TIM_TimeBaseInit                         0x08006533   Thumb Code   148  stm32f10x_tim.o(.text)
    TIM_OC1Init                              0x080065c7   Thumb Code   132  stm32f10x_tim.o(.text)
    TIM_OC2Init                              0x0800664b   Thumb Code   138  stm32f10x_tim.o(.text)
    TIM_OC3Init                              0x080066d5   Thumb Code   140  stm32f10x_tim.o(.text)
    TIM_OC4Init                              0x08006761   Thumb Code   104  stm32f10x_tim.o(.text)
    TIM_SetIC4Prescaler                      0x080067c9   Thumb Code    24  stm32f10x_tim.o(.text)
    TIM_SetIC3Prescaler                      0x080067e1   Thumb Code    16  stm32f10x_tim.o(.text)
    TIM_SetIC2Prescaler                      0x080067f1   Thumb Code    24  stm32f10x_tim.o(.text)
    TIM_SetIC1Prescaler                      0x08006809   Thumb Code    16  stm32f10x_tim.o(.text)
    TIM_ICInit                               0x08006819   Thumb Code   428  stm32f10x_tim.o(.text)
    TIM_PWMIConfig                           0x080069c5   Thumb Code   332  stm32f10x_tim.o(.text)
    TIM_BDTRConfig                           0x08006b11   Thumb Code    36  stm32f10x_tim.o(.text)
    TIM_TimeBaseStructInit                   0x08006b35   Thumb Code    18  stm32f10x_tim.o(.text)
    TIM_OCStructInit                         0x08006b47   Thumb Code    20  stm32f10x_tim.o(.text)
    TIM_ICStructInit                         0x08006b5b   Thumb Code    16  stm32f10x_tim.o(.text)
    TIM_BDTRStructInit                       0x08006b6b   Thumb Code    18  stm32f10x_tim.o(.text)
    TIM_Cmd                                  0x08006b7d   Thumb Code    18  stm32f10x_tim.o(.text)
    TIM_CtrlPWMOutputs                       0x08006b8f   Thumb Code    22  stm32f10x_tim.o(.text)
    TIM_ITConfig                             0x08006ba5   Thumb Code    16  stm32f10x_tim.o(.text)
    TIM_GenerateEvent                        0x08006bb5   Thumb Code     4  stm32f10x_tim.o(.text)
    TIM_DMAConfig                            0x08006bb9   Thumb Code     8  stm32f10x_tim.o(.text)
    TIM_DMACmd                               0x08006bc1   Thumb Code    16  stm32f10x_tim.o(.text)
    TIM_InternalClockConfig                  0x08006bd1   Thumb Code    10  stm32f10x_tim.o(.text)
    TIM_SelectInputTrigger                   0x08006bdb   Thumb Code    12  stm32f10x_tim.o(.text)
    TIM_ITRxExternalClockConfig              0x08006be7   Thumb Code    20  stm32f10x_tim.o(.text)
    TIM_TIxExternalClockConfig               0x08006bfb   Thumb Code   158  stm32f10x_tim.o(.text)
    TIM_ETRConfig                            0x08006c99   Thumb Code    32  stm32f10x_tim.o(.text)
    TIM_ETRClockMode1Config                  0x08006cb9   Thumb Code    40  stm32f10x_tim.o(.text)
    TIM_ETRClockMode2Config                  0x08006ce1   Thumb Code    40  stm32f10x_tim.o(.text)
    TIM_PrescalerConfig                      0x08006d09   Thumb Code     6  stm32f10x_tim.o(.text)
    TIM_CounterModeConfig                    0x08006d0f   Thumb Code    12  stm32f10x_tim.o(.text)
    TIM_EncoderInterfaceConfig               0x08006d1b   Thumb Code    60  stm32f10x_tim.o(.text)
    TIM_ForcedOC1Config                      0x08006d57   Thumb Code    12  stm32f10x_tim.o(.text)
    TIM_ForcedOC2Config                      0x08006d63   Thumb Code    20  stm32f10x_tim.o(.text)
    TIM_ForcedOC3Config                      0x08006d77   Thumb Code    12  stm32f10x_tim.o(.text)
    TIM_ForcedOC4Config                      0x08006d83   Thumb Code    20  stm32f10x_tim.o(.text)
    TIM_ARRPreloadConfig                     0x08006d97   Thumb Code    18  stm32f10x_tim.o(.text)
    TIM_SelectCOM                            0x08006da9   Thumb Code    18  stm32f10x_tim.o(.text)
    TIM_SelectCCDMA                          0x08006dbb   Thumb Code    18  stm32f10x_tim.o(.text)
    TIM_CCPreloadControl                     0x08006dcd   Thumb Code    18  stm32f10x_tim.o(.text)
    TIM_OC1PreloadConfig                     0x08006ddf   Thumb Code    12  stm32f10x_tim.o(.text)
    TIM_OC2PreloadConfig                     0x08006deb   Thumb Code    20  stm32f10x_tim.o(.text)
    TIM_OC3PreloadConfig                     0x08006dff   Thumb Code    12  stm32f10x_tim.o(.text)
    TIM_OC4PreloadConfig                     0x08006e0b   Thumb Code    20  stm32f10x_tim.o(.text)
    TIM_OC1FastConfig                        0x08006e1f   Thumb Code    12  stm32f10x_tim.o(.text)
    TIM_OC2FastConfig                        0x08006e2b   Thumb Code    20  stm32f10x_tim.o(.text)
    TIM_OC3FastConfig                        0x08006e3f   Thumb Code    12  stm32f10x_tim.o(.text)
    TIM_OC4FastConfig                        0x08006e4b   Thumb Code    20  stm32f10x_tim.o(.text)
    TIM_ClearOC1Ref                          0x08006e5f   Thumb Code    12  stm32f10x_tim.o(.text)
    TIM_ClearOC2Ref                          0x08006e6b   Thumb Code    20  stm32f10x_tim.o(.text)
    TIM_ClearOC3Ref                          0x08006e7f   Thumb Code    12  stm32f10x_tim.o(.text)
    TIM_ClearOC4Ref                          0x08006e8b   Thumb Code    20  stm32f10x_tim.o(.text)
    TIM_OC1PolarityConfig                    0x08006e9f   Thumb Code    12  stm32f10x_tim.o(.text)
    TIM_OC1NPolarityConfig                   0x08006eab   Thumb Code    12  stm32f10x_tim.o(.text)
    TIM_OC2PolarityConfig                    0x08006eb7   Thumb Code    20  stm32f10x_tim.o(.text)
    TIM_OC2NPolarityConfig                   0x08006ecb   Thumb Code    20  stm32f10x_tim.o(.text)
    TIM_OC3PolarityConfig                    0x08006edf   Thumb Code    20  stm32f10x_tim.o(.text)
    TIM_OC3NPolarityConfig                   0x08006ef3   Thumb Code    20  stm32f10x_tim.o(.text)
    TIM_OC4PolarityConfig                    0x08006f07   Thumb Code    20  stm32f10x_tim.o(.text)
    TIM_CCxCmd                               0x08006f1b   Thumb Code    26  stm32f10x_tim.o(.text)
    TIM_CCxNCmd                              0x08006f35   Thumb Code    26  stm32f10x_tim.o(.text)
    TIM_SelectOCxM                           0x08006f4f   Thumb Code    88  stm32f10x_tim.o(.text)
    TIM_UpdateDisableConfig                  0x08006fa7   Thumb Code    18  stm32f10x_tim.o(.text)
    TIM_UpdateRequestConfig                  0x08006fb9   Thumb Code    18  stm32f10x_tim.o(.text)
    TIM_SelectHallSensor                     0x08006fcb   Thumb Code    18  stm32f10x_tim.o(.text)
    TIM_SelectOnePulseMode                   0x08006fdd   Thumb Code    16  stm32f10x_tim.o(.text)
    TIM_SelectOutputTrigger                  0x08006fed   Thumb Code    16  stm32f10x_tim.o(.text)
    TIM_SelectSlaveMode                      0x08006ffd   Thumb Code    16  stm32f10x_tim.o(.text)
    TIM_SelectMasterSlaveMode                0x0800700d   Thumb Code    16  stm32f10x_tim.o(.text)
    TIM_SetCounter                           0x0800701d   Thumb Code     4  stm32f10x_tim.o(.text)
    TIM_SetAutoreload                        0x08007021   Thumb Code     4  stm32f10x_tim.o(.text)
    TIM_SetCompare1                          0x08007025   Thumb Code     4  stm32f10x_tim.o(.text)
    TIM_SetCompare2                          0x08007029   Thumb Code     4  stm32f10x_tim.o(.text)
    TIM_SetCompare3                          0x0800702d   Thumb Code     4  stm32f10x_tim.o(.text)
    TIM_SetCompare4                          0x08007031   Thumb Code     6  stm32f10x_tim.o(.text)
    TIM_SetClockDivision                     0x08007037   Thumb Code    16  stm32f10x_tim.o(.text)
    TIM_GetCapture1                          0x08007047   Thumb Code     4  stm32f10x_tim.o(.text)
    TIM_GetCapture2                          0x0800704b   Thumb Code     4  stm32f10x_tim.o(.text)
    TIM_GetCapture3                          0x0800704f   Thumb Code     4  stm32f10x_tim.o(.text)
    TIM_GetCapture4                          0x08007053   Thumb Code     6  stm32f10x_tim.o(.text)
    TIM_GetCounter                           0x08007059   Thumb Code     4  stm32f10x_tim.o(.text)
    TIM_GetPrescaler                         0x0800705d   Thumb Code     4  stm32f10x_tim.o(.text)
    TIM_GetFlagStatus                        0x08007061   Thumb Code    14  stm32f10x_tim.o(.text)
    TIM_ClearFlag                            0x0800706f   Thumb Code     6  stm32f10x_tim.o(.text)
    TIM_GetITStatus                          0x08007075   Thumb Code    22  stm32f10x_tim.o(.text)
    TIM_ClearITPendingBit                    0x0800708b   Thumb Code     6  stm32f10x_tim.o(.text)
    SystemInit                               0x08007119   Thumb Code   268  system_stm32f10x.o(.text)
    SystemCoreClockUpdate                    0x08007225   Thumb Code   134  system_stm32f10x.o(.text)
    Reset_Handler                            0x080072d1   Thumb Code     8  startup_stm32f10x_cl.o(.text)
    NMI_Handler                              0x080072d9   Thumb Code     2  startup_stm32f10x_cl.o(.text)
    HardFault_Handler                        0x080072db   Thumb Code     2  startup_stm32f10x_cl.o(.text)
    MemManage_Handler                        0x080072dd   Thumb Code     2  startup_stm32f10x_cl.o(.text)
    BusFault_Handler                         0x080072df   Thumb Code     2  startup_stm32f10x_cl.o(.text)
    UsageFault_Handler                       0x080072e1   Thumb Code     2  startup_stm32f10x_cl.o(.text)
    DebugMon_Handler                         0x080072e5   Thumb Code     2  startup_stm32f10x_cl.o(.text)
    ADC1_2_IRQHandler                        0x080072eb   Thumb Code     0  startup_stm32f10x_cl.o(.text)
    CAN1_RX1_IRQHandler                      0x080072eb   Thumb Code     0  startup_stm32f10x_cl.o(.text)
    CAN1_SCE_IRQHandler                      0x080072eb   Thumb Code     0  startup_stm32f10x_cl.o(.text)
    CAN1_TX_IRQHandler                       0x080072eb   Thumb Code     0  startup_stm32f10x_cl.o(.text)
    CAN2_RX0_IRQHandler                      0x080072eb   Thumb Code     0  startup_stm32f10x_cl.o(.text)
    CAN2_RX1_IRQHandler                      0x080072eb   Thumb Code     0  startup_stm32f10x_cl.o(.text)
    CAN2_SCE_IRQHandler                      0x080072eb   Thumb Code     0  startup_stm32f10x_cl.o(.text)
    CAN2_TX_IRQHandler                       0x080072eb   Thumb Code     0  startup_stm32f10x_cl.o(.text)
    DMA1_Channel1_IRQHandler                 0x080072eb   Thumb Code     0  startup_stm32f10x_cl.o(.text)
    DMA1_Channel2_IRQHandler                 0x080072eb   Thumb Code     0  startup_stm32f10x_cl.o(.text)
    DMA1_Channel3_IRQHandler                 0x080072eb   Thumb Code     0  startup_stm32f10x_cl.o(.text)
    DMA1_Channel4_IRQHandler                 0x080072eb   Thumb Code     0  startup_stm32f10x_cl.o(.text)
    DMA1_Channel5_IRQHandler                 0x080072eb   Thumb Code     0  startup_stm32f10x_cl.o(.text)
    DMA1_Channel6_IRQHandler                 0x080072eb   Thumb Code     0  startup_stm32f10x_cl.o(.text)
    DMA1_Channel7_IRQHandler                 0x080072eb   Thumb Code     0  startup_stm32f10x_cl.o(.text)
    DMA2_Channel1_IRQHandler                 0x080072eb   Thumb Code     0  startup_stm32f10x_cl.o(.text)
    DMA2_Channel2_IRQHandler                 0x080072eb   Thumb Code     0  startup_stm32f10x_cl.o(.text)
    DMA2_Channel3_IRQHandler                 0x080072eb   Thumb Code     0  startup_stm32f10x_cl.o(.text)
    DMA2_Channel4_IRQHandler                 0x080072eb   Thumb Code     0  startup_stm32f10x_cl.o(.text)
    DMA2_Channel5_IRQHandler                 0x080072eb   Thumb Code     0  startup_stm32f10x_cl.o(.text)
    ETH_IRQHandler                           0x080072eb   Thumb Code     0  startup_stm32f10x_cl.o(.text)
    ETH_WKUP_IRQHandler                      0x080072eb   Thumb Code     0  startup_stm32f10x_cl.o(.text)
    EXTI0_IRQHandler                         0x080072eb   Thumb Code     0  startup_stm32f10x_cl.o(.text)
    EXTI15_10_IRQHandler                     0x080072eb   Thumb Code     0  startup_stm32f10x_cl.o(.text)
    EXTI1_IRQHandler                         0x080072eb   Thumb Code     0  startup_stm32f10x_cl.o(.text)
    EXTI2_IRQHandler                         0x080072eb   Thumb Code     0  startup_stm32f10x_cl.o(.text)
    EXTI3_IRQHandler                         0x080072eb   Thumb Code     0  startup_stm32f10x_cl.o(.text)
    EXTI4_IRQHandler                         0x080072eb   Thumb Code     0  startup_stm32f10x_cl.o(.text)
    EXTI9_5_IRQHandler                       0x080072eb   Thumb Code     0  startup_stm32f10x_cl.o(.text)
    FLASH_IRQHandler                         0x080072eb   Thumb Code     0  startup_stm32f10x_cl.o(.text)
    I2C1_ER_IRQHandler                       0x080072eb   Thumb Code     0  startup_stm32f10x_cl.o(.text)
    I2C1_EV_IRQHandler                       0x080072eb   Thumb Code     0  startup_stm32f10x_cl.o(.text)
    I2C2_ER_IRQHandler                       0x080072eb   Thumb Code     0  startup_stm32f10x_cl.o(.text)
    I2C2_EV_IRQHandler                       0x080072eb   Thumb Code     0  startup_stm32f10x_cl.o(.text)
    OTG_FS_IRQHandler                        0x080072eb   Thumb Code     0  startup_stm32f10x_cl.o(.text)
    OTG_FS_WKUP_IRQHandler                   0x080072eb   Thumb Code     0  startup_stm32f10x_cl.o(.text)
    PVD_IRQHandler                           0x080072eb   Thumb Code     0  startup_stm32f10x_cl.o(.text)
    RCC_IRQHandler                           0x080072eb   Thumb Code     0  startup_stm32f10x_cl.o(.text)
    RTCAlarm_IRQHandler                      0x080072eb   Thumb Code     0  startup_stm32f10x_cl.o(.text)
    RTC_IRQHandler                           0x080072eb   Thumb Code     0  startup_stm32f10x_cl.o(.text)
    SPI1_IRQHandler                          0x080072eb   Thumb Code     0  startup_stm32f10x_cl.o(.text)
    SPI2_IRQHandler                          0x080072eb   Thumb Code     0  startup_stm32f10x_cl.o(.text)
    SPI3_IRQHandler                          0x080072eb   Thumb Code     0  startup_stm32f10x_cl.o(.text)
    TAMPER_IRQHandler                        0x080072eb   Thumb Code     0  startup_stm32f10x_cl.o(.text)
    TIM1_BRK_IRQHandler                      0x080072eb   Thumb Code     0  startup_stm32f10x_cl.o(.text)
    TIM1_CC_IRQHandler                       0x080072eb   Thumb Code     0  startup_stm32f10x_cl.o(.text)
    TIM1_TRG_COM_IRQHandler                  0x080072eb   Thumb Code     0  startup_stm32f10x_cl.o(.text)
    TIM5_IRQHandler                          0x080072eb   Thumb Code     0  startup_stm32f10x_cl.o(.text)
    TIM7_IRQHandler                          0x080072eb   Thumb Code     0  startup_stm32f10x_cl.o(.text)
    UART4_IRQHandler                         0x080072eb   Thumb Code     0  startup_stm32f10x_cl.o(.text)
    UART5_IRQHandler                         0x080072eb   Thumb Code     0  startup_stm32f10x_cl.o(.text)
    USART2_IRQHandler                        0x080072eb   Thumb Code     0  startup_stm32f10x_cl.o(.text)
    USART3_IRQHandler                        0x080072eb   Thumb Code     0  startup_stm32f10x_cl.o(.text)
    WWDG_IRQHandler                          0x080072eb   Thumb Code     0  startup_stm32f10x_cl.o(.text)
    ___aeabi_memcpy8$move                    0x080072f5   Thumb Code     0  memmovea.o(.text)
    __aeabi_memcpy                           0x080072f5   Thumb Code    64  memmovea.o(.text)
    __aeabi_memcpy4                          0x080072f5   Thumb Code     0  memmovea.o(.text)
    __aeabi_memmove                          0x080072f5   Thumb Code     0  memmovea.o(.text)
    __aeabi_memmove4                         0x080072f5   Thumb Code     0  memmovea.o(.text)
    __aeabi_memmove8                         0x080072f5   Thumb Code     0  memmovea.o(.text)
    __aeabi_memset                           0x08007335   Thumb Code    14  memseta.o(.text)
    __aeabi_memset4                          0x08007335   Thumb Code     0  memseta.o(.text)
    __aeabi_memset8                          0x08007335   Thumb Code     0  memseta.o(.text)
    __aeabi_memclr                           0x08007343   Thumb Code     4  memseta.o(.text)
    __aeabi_memclr4                          0x08007343   Thumb Code     0  memseta.o(.text)
    __aeabi_memclr8                          0x08007343   Thumb Code     0  memseta.o(.text)
    _memset$wrapper                          0x08007347   Thumb Code    18  memseta.o(.text)
    strlen                                   0x08007359   Thumb Code    14  strlen.o(.text)
    strcmp                                   0x08007367   Thumb Code    28  strcmp.o(.text)
    calloc                                   0x08007383   Thumb Code    28  calloc.o(.text)
    __aeabi_fadd                             0x0800739f   Thumb Code   164  fadd.o(.text)
    __aeabi_fsub                             0x08007443   Thumb Code     6  fadd.o(.text)
    __aeabi_frsub                            0x08007449   Thumb Code     6  fadd.o(.text)
    __aeabi_fmul                             0x0800744f   Thumb Code   100  fmul.o(.text)
    __aeabi_fdiv                             0x080074b3   Thumb Code   124  fdiv.o(.text)
    __ARM_scalbnf                            0x0800752f   Thumb Code    24  fscalb.o(.text)
    scalbnf                                  0x0800752f   Thumb Code     0  fscalb.o(.text)
    __aeabi_dadd                             0x08007547   Thumb Code   322  dadd.o(.text)
    __aeabi_dsub                             0x08007689   Thumb Code     6  dadd.o(.text)
    __aeabi_drsub                            0x0800768f   Thumb Code     6  dadd.o(.text)
    __aeabi_dmul                             0x08007695   Thumb Code   228  dmul.o(.text)
    __aeabi_ddiv                             0x08007779   Thumb Code   222  ddiv.o(.text)
    __ARM_scalbn                             0x08007857   Thumb Code    46  dscalb.o(.text)
    scalbn                                   0x08007857   Thumb Code     0  dscalb.o(.text)
    __aeabi_i2f                              0x08007885   Thumb Code    18  fflti.o(.text)
    __aeabi_ui2f                             0x08007897   Thumb Code    10  ffltui.o(.text)
    __aeabi_ui2d                             0x080078a1   Thumb Code    26  dfltui.o(.text)
    __aeabi_f2iz                             0x080078bb   Thumb Code    50  ffixi.o(.text)
    __aeabi_f2uiz                            0x080078ed   Thumb Code    40  ffixui.o(.text)
    __aeabi_f2d                              0x08007915   Thumb Code    38  f2d.o(.text)
    __aeabi_cdcmpeq                          0x0800793d   Thumb Code     0  cdcmple.o(.text)
    __aeabi_cdcmple                          0x0800793d   Thumb Code    48  cdcmple.o(.text)
    __aeabi_d2f                              0x0800796d   Thumb Code    56  d2f.o(.text)
    __aeabi_cfcmpeq                          0x080079a5   Thumb Code     0  cfcmple.o(.text)
    __aeabi_cfcmple                          0x080079a5   Thumb Code    20  cfcmple.o(.text)
    __aeabi_cfrcmple                         0x080079b9   Thumb Code    20  cfrcmple.o(.text)
    __aeabi_uidiv                            0x080079cd   Thumb Code     0  uidiv.o(.text)
    __aeabi_uidivmod                         0x080079cd   Thumb Code    44  uidiv.o(.text)
    __aeabi_uldivmod                         0x080079f9   Thumb Code    98  uldiv.o(.text)
    __aeabi_llsl                             0x08007a5b   Thumb Code    30  llshl.o(.text)
    _ll_shift_l                              0x08007a5b   Thumb Code     0  llshl.o(.text)
    __aeabi_lasr                             0x08007a79   Thumb Code    36  llsshr.o(.text)
    _ll_sshift_r                             0x08007a79   Thumb Code     0  llsshr.o(.text)
    __strtod_int                             0x08007ad3   Thumb Code    88  strtod.o(.text)
    __I$use$fp                               0x08007b39   Thumb Code     0  iusefp.o(.text)
    _float_round                             0x08007b39   Thumb Code    18  fepilogue.o(.text)
    _float_epilogue                          0x08007b4b   Thumb Code    92  fepilogue.o(.text)
    _double_round                            0x08007ba7   Thumb Code    30  depilogue.o(.text)
    _double_epilogue                         0x08007bc5   Thumb Code   156  depilogue.o(.text)
    _dsqrt                                   0x08007c61   Thumb Code   162  dsqrt.o(.text)
    __aeabi_i2d                              0x08007d03   Thumb Code    34  dflti.o(.text)
    __aeabi_d2ulz                            0x08007d25   Thumb Code    48  dfixul.o(.text)
    __aeabi_cdrcmple                         0x08007d55   Thumb Code    48  cdrcmple.o(.text)
    __scatterload                            0x08007d85   Thumb Code    28  init.o(.text)
    __scatterload_rt2                        0x08007d85   Thumb Code     0  init.o(.text)
    __aeabi_llsr                             0x08007da9   Thumb Code    32  llushr.o(.text)
    _ll_ushift_r                             0x08007da9   Thumb Code     0  llushr.o(.text)
    isspace                                  0x08007dc9   Thumb Code    10  isspace_c.o(.text)
    _scanf_real                              0x08007ed5   Thumb Code     0  scanf_fp.o(.text)
    _scanf_really_real                       0x08007ed5   Thumb Code   556  scanf_fp.o(.text)
    _sgetc                                   0x0800810d   Thumb Code    30  _sgetc.o(.text)
    _sbackspace                              0x0800812b   Thumb Code    34  _sgetc.o(.text)
    __aeabi_d2iz                             0x0800814d   Thumb Code    62  dfixi.o(.text)
    __ctype_lookup                           0x0800818d   Thumb Code    34  ctype_c.o(.text)
    __aeabi_ul2d                             0x080081b5   Thumb Code    24  dfltul.o(.text)
    __decompress                             0x080081cd   Thumb Code     0  __dczerorl2.o(.text)
    __decompress1                            0x080081cd   Thumb Code    86  __dczerorl2.o(.text)
    __0printf                                0x08008225   Thumb Code    22  printfa.o(i.__0printf)
    __1printf                                0x08008225   Thumb Code     0  printfa.o(i.__0printf)
    __2printf                                0x08008225   Thumb Code     0  printfa.o(i.__0printf)
    __c89printf                              0x08008225   Thumb Code     0  printfa.o(i.__0printf)
    printf                                   0x08008225   Thumb Code     0  printfa.o(i.__0printf)
    __ARM_fpclassify                         0x08008245   Thumb Code    40  fpclassify.o(i.__ARM_fpclassify)
    __ieee754_rem_pio2                       0x0800826d   Thumb Code   828  rred.o(i.__ieee754_rem_pio2)
    __kernel_cos                             0x080085f5   Thumb Code   230  cos_i.o(i.__kernel_cos)
    __kernel_poly                            0x080086f1   Thumb Code   170  poly.o(i.__kernel_poly)
    __kernel_sin                             0x0800879d   Thumb Code   224  sin_i.o(i.__kernel_sin)
    __mathlib_dbl_divzero                    0x08008889   Thumb Code    12  dunder.o(i.__mathlib_dbl_divzero)
    __mathlib_dbl_infnan                     0x08008899   Thumb Code     6  dunder.o(i.__mathlib_dbl_infnan)
    __mathlib_dbl_infnan2                    0x0800889f   Thumb Code     4  dunder.o(i.__mathlib_dbl_infnan2)
    __mathlib_dbl_invalid                    0x080088a3   Thumb Code    12  dunder.o(i.__mathlib_dbl_invalid)
    __mathlib_dbl_overflow                   0x080088af   Thumb Code    14  dunder.o(i.__mathlib_dbl_overflow)
    __mathlib_dbl_underflow                  0x080088bd   Thumb Code    10  dunder.o(i.__mathlib_dbl_underflow)
    __read_errno                             0x080088cd   Thumb Code     6  errno.o(i.__read_errno)
    __scatterload_copy                       0x080088d9   Thumb Code    14  handlers.o(i.__scatterload_copy)
    __scatterload_null                       0x080088e7   Thumb Code     2  handlers.o(i.__scatterload_null)
    __scatterload_zeroinit                   0x080088e9   Thumb Code    14  handlers.o(i.__scatterload_zeroinit)
    __set_errno                              0x080088f9   Thumb Code     6  errno.o(i.__set_errno)
    _is_digit                                0x08008a69   Thumb Code    14  scanf_fp.o(i._is_digit)
    acos                                     0x080091a9   Thumb Code   574  acos.o(i.acos)
    atan                                     0x08009425   Thumb Code   474  atan.o(i.atan)
    atof                                     0x08009645   Thumb Code    42  atof.o(i.atof)
    cos                                      0x08009671   Thumb Code   148  cos.o(i.cos)
    free                                     0x0800970d   Thumb Code    76  malloc.o(i.free)
    malloc                                   0x0800975d   Thumb Code    92  malloc.o(i.malloc)
    pow                                      0x080097c9   Thumb Code  2478  pow.o(i.pow)
    sin                                      0x0800a181   Thumb Code   150  sin.o(i.sin)
    sqrt                                     0x0800a221   Thumb Code    76  sqrt.o(i.sqrt)
    __mathlib_zero                           0x0800a418   Data           8  qnan.o(.constdata)
    __ctype_categories                       0x0800a510   Data          64  ctype_c.o(.constdata)
    Region$$Table$$Base                      0x0800a550   Number         0  anon$$obj.o(Region$$Table)
    Region$$Table$$Limit                     0x0800a570   Number         0  anon$$obj.o(Region$$Table)
    Pos_Queue                                0x2000000c   Data           4  xtask.o(.data)
    CanRxQueue                               0x20000010   Data           4  xtask.o(.data)
    RxQueue                                  0x20000014   Data           4  xtask.o(.data)
    Moment_Queue                             0x20000018   Data           4  xtask.o(.data)
    UART_xCountingSemaphore                  0x2000001c   Data           4  xtask.o(.data)
    pxCurrentTCB                             0x20000020   Data           4  tasks.o(.data)
    ADC_Value                                0x20000088   Data           8  ames_acs712.o(.data)
    Toggle                                   0x20000090   Data           4  ames_led.o(.data)
    PID_Kp                                   0x20000094   Data           4  ames_pid.o(.data)
    PID_Ki                                   0x20000098   Data           4  ames_pid.o(.data)
    PID_Kd                                   0x2000009c   Data           4  ames_pid.o(.data)
    PID_MinOut                               0x200000a0   Data           4  ames_pid.o(.data)
    PID_MaxOut                               0x200000a4   Data           4  ames_pid.o(.data)
    PID_Integrated                           0x200000a8   Data           4  ames_pid.o(.data)
    PID_Prev_Input                           0x200000ac   Data           4  ames_pid.o(.data)
    Result                                   0x200000b0   Data           4  ames_pid.o(.data)
    TimerPeriod                              0x200000b4   Data           4  ames_pwm.o(.data)
    PrescaleValue                            0x200000b8   Data           4  ames_pwm.o(.data)
    TIM1_MAXCNT                              0x200000bc   Data           4  ames_qei.o(.data)
    TIM1_Over_Load                           0x200000c0   Data           4  ames_qei.o(.data)
    TIM2_MAXCNT                              0x200000c4   Data           4  ames_qei.o(.data)
    TIM2_Over_Load                           0x200000c8   Data           4  ames_qei.o(.data)
    TIM3_MAXCNT                              0x200000cc   Data           4  ames_qei.o(.data)
    TIM3_Over_Load                           0x200000d0   Data           4  ames_qei.o(.data)
    TIM4_MAXCNT                              0x200000d4   Data           4  ames_qei.o(.data)
    TIM4_Over_Load                           0x200000d8   Data           4  ames_qei.o(.data)
    Period                                   0x200000dc   Data           4  ames_timer.o(.data)
    Prescale                                 0x200000e0   Data           4  ames_timer.o(.data)
    Command                                  0x200000e8   Data           4  ames_usart.o(.data)
    Index                                    0x200000ec   Data           4  ames_usart.o(.data)
    EndCmd                                   0x200000f0   Data           4  ames_usart.o(.data)
    SystemCoreClock                          0x20000108   Data           4  system_stm32f10x.o(.data)
    AHBPrescTable                            0x2000010c   Data          16  system_stm32f10x.o(.data)
    __stdout                                 0x2000011c   Data           4  stdout.o(.data)
    __microlib_freelist                      0x20000120   Data           4  mvars.o(.data)
    __microlib_freelist_initialised          0x20000124   Data           4  mvars.o(.data)
    Input_SEN                                0x20005228   Data         960  ames_fir.o(.bss)
    Output                                   0x200055e8   Data         320  ames_fir.o(.bss)
    InputSample                              0x20005728   Data        1296  ames_fir.o(.bss)
    __heap_base                              0x20005c38   Data           0  startup_stm32f10x_cl.o(HEAP)
    __heap_limit                             0x20005e38   Data           0  startup_stm32f10x_cl.o(HEAP)
    __initial_sp                             0x20006238   Data           0  startup_stm32f10x_cl.o(STACK)



==============================================================================

Memory Map of the image

  Image Entry point : 0x08000151

  Load Region LR_IROM1 (Base: 0x08000000, Size: 0x0000a69c, Max: 0x00040000, ABSOLUTE, COMPRESSED[0x0000a598])

    Execution Region ER_IROM1 (Base: 0x08000000, Size: 0x0000a570, Max: 0x00040000, ABSOLUTE)

    Base Addr    Size         Type   Attr      Idx    E Section Name        Object

    0x08000000   0x00000150   Data   RO          742    RESET               startup_stm32f10x_cl.o
    0x08000150   0x00000000   Code   RO          805  * .ARM.Collect$$$$00000000  mc_w.l(entry.o)
    0x08000150   0x00000004   Code   RO         1182    .ARM.Collect$$$$00000001  mc_w.l(entry2.o)
    0x08000154   0x00000004   Code   RO         1185    .ARM.Collect$$$$00000004  mc_w.l(entry5.o)
    0x08000158   0x00000000   Code   RO         1187    .ARM.Collect$$$$00000008  mc_w.l(entry7b.o)
    0x08000158   0x00000000   Code   RO         1189    .ARM.Collect$$$$0000000A  mc_w.l(entry8b.o)
    0x08000158   0x00000008   Code   RO         1190    .ARM.Collect$$$$0000000B  mc_w.l(entry9a.o)
    0x08000160   0x00000000   Code   RO         1192    .ARM.Collect$$$$0000000D  mc_w.l(entry10a.o)
    0x08000160   0x00000000   Code   RO         1194    .ARM.Collect$$$$0000000F  mc_w.l(entry11a.o)
    0x08000160   0x00000004   Code   RO         1183    .ARM.Collect$$$$00002712  mc_w.l(entry2.o)
    0x08000164   0x000000a2   Code   RO          376    .emb_text           port.o
    0x08000206   0x00000002   PAD
    0x08000208   0x000004b4   Code   RO            1    .text               ames_matrix.o
    0x080006bc   0x000005e4   Code   RO           26    .text               delta.o
    0x08000ca0   0x0000008c   Code   RO           54    .text               hardware.o
    0x08000d2c   0x000007b4   Code   RO          155    .text               jacobian.o
    0x080014e0   0x0000000e   Code   RO          177    .text               main.o
    0x080014ee   0x00000002   PAD
    0x080014f0   0x00000978   Code   RO          280    .text               xtask.o
    0x08001e68   0x00000092   Code   RO          301    .text               list.o
    0x08001efa   0x00000798   Code   RO          319    .text               queue.o
    0x08002692   0x00000002   PAD
    0x08002694   0x00000d48   Code   RO          338    .text               tasks.o
    0x080033dc   0x00000108   Code   RO          361    .text               heap_2.o
    0x080034e4   0x000000cc   Code   RO          377    .text               port.o
    0x080035b0   0x000002c8   Code   RO          396    .text               ames_acs712.o
    0x08003878   0x000000f8   Code   RO          415    .text               ames_can.o
    0x08003970   0x000000ac   Code   RO          431    .text               ames_clock.o
    0x08003a1c   0x00000238   Code   RO          447    .text               ames_fir.o
    0x08003c54   0x00000148   Code   RO          474    .text               ames_led.o
    0x08003d9c   0x00000250   Code   RO          490    .text               ames_pid.o
    0x08003fec   0x000001c4   Code   RO          505    .text               ames_pwm.o
    0x080041b0   0x00000498   Code   RO          520    .text               ames_qei.o
    0x08004648   0x000001fc   Code   RO          535    .text               ames_timer.o
    0x08004844   0x00000318   Code   RO          553    .text               ames_usart.o
    0x08004b5c   0x000000c4   Code   RO          569    .text               misc.o
    0x08004c20   0x0000037c   Code   RO          581    .text               stm32f10x_adc.o
    0x08004f9c   0x00000838   Code   RO          593    .text               stm32f10x_can.o
    0x080057d4   0x000001f4   Code   RO          605    .text               stm32f10x_dma.o
    0x080059c8   0x000002a8   Code   RO          617    .text               stm32f10x_gpio.o
    0x08005c70   0x00000388   Code   RO          653    .text               stm32f10x_rcc.o
    0x08005ff8   0x00000358   Code   RO          668    .text               stm32f10x_usart.o
    0x08006350   0x00000dc8   Code   RO          680    .text               stm32f10x_tim.o
    0x08007118   0x000001b8   Code   RO          703    .text               system_stm32f10x.o
    0x080072d0   0x00000024   Code   RO          743    .text               startup_stm32f10x_cl.o
    0x080072f4   0x00000040   Code   RO          810    .text               mc_w.l(memmovea.o)
    0x08007334   0x00000024   Code   RO          812    .text               mc_w.l(memseta.o)
    0x08007358   0x0000000e   Code   RO          814    .text               mc_w.l(strlen.o)
    0x08007366   0x0000001c   Code   RO          816    .text               mc_w.l(strcmp.o)
    0x08007382   0x0000001c   Code   RO         1111    .text               mc_w.l(calloc.o)
    0x0800739e   0x000000b0   Code   RO         1113    .text               mf_w.l(fadd.o)
    0x0800744e   0x00000064   Code   RO         1115    .text               mf_w.l(fmul.o)
    0x080074b2   0x0000007c   Code   RO         1117    .text               mf_w.l(fdiv.o)
    0x0800752e   0x00000018   Code   RO         1119    .text               mf_w.l(fscalb.o)
    0x08007546   0x0000014e   Code   RO         1121    .text               mf_w.l(dadd.o)
    0x08007694   0x000000e4   Code   RO         1123    .text               mf_w.l(dmul.o)
    0x08007778   0x000000de   Code   RO         1125    .text               mf_w.l(ddiv.o)
    0x08007856   0x0000002e   Code   RO         1127    .text               mf_w.l(dscalb.o)
    0x08007884   0x00000012   Code   RO         1129    .text               mf_w.l(fflti.o)
    0x08007896   0x0000000a   Code   RO         1131    .text               mf_w.l(ffltui.o)
    0x080078a0   0x0000001a   Code   RO         1133    .text               mf_w.l(dfltui.o)
    0x080078ba   0x00000032   Code   RO         1135    .text               mf_w.l(ffixi.o)
    0x080078ec   0x00000028   Code   RO         1137    .text               mf_w.l(ffixui.o)
    0x08007914   0x00000026   Code   RO         1139    .text               mf_w.l(f2d.o)
    0x0800793a   0x00000002   PAD
    0x0800793c   0x00000030   Code   RO         1141    .text               mf_w.l(cdcmple.o)
    0x0800796c   0x00000038   Code   RO         1143    .text               mf_w.l(d2f.o)
    0x080079a4   0x00000014   Code   RO         1145    .text               mf_w.l(cfcmple.o)
    0x080079b8   0x00000014   Code   RO         1147    .text               mf_w.l(cfrcmple.o)
    0x080079cc   0x0000002c   Code   RO         1197    .text               mc_w.l(uidiv.o)
    0x080079f8   0x00000062   Code   RO         1199    .text               mc_w.l(uldiv.o)
    0x08007a5a   0x0000001e   Code   RO         1201    .text               mc_w.l(llshl.o)
    0x08007a78   0x00000024   Code   RO         1203    .text               mc_w.l(llsshr.o)
    0x08007a9c   0x0000009c   Code   RO         1214    .text               mc_w.l(strtod.o)
    0x08007b38   0x00000000   Code   RO         1216    .text               mc_w.l(iusefp.o)
    0x08007b38   0x0000006e   Code   RO         1217    .text               mf_w.l(fepilogue.o)
    0x08007ba6   0x000000ba   Code   RO         1219    .text               mf_w.l(depilogue.o)
    0x08007c60   0x000000a2   Code   RO         1221    .text               mf_w.l(dsqrt.o)
    0x08007d02   0x00000022   Code   RO         1223    .text               mf_w.l(dflti.o)
    0x08007d24   0x00000030   Code   RO         1225    .text               mf_w.l(dfixul.o)
    0x08007d54   0x00000030   Code   RO         1227    .text               mf_w.l(cdrcmple.o)
    0x08007d84   0x00000024   Code   RO         1229    .text               mc_w.l(init.o)
    0x08007da8   0x00000020   Code   RO         1231    .text               mc_w.l(llushr.o)
    0x08007dc8   0x0000000a   Code   RO         1233    .text               mc_w.l(isspace_c.o)
    0x08007dd2   0x00000002   PAD
    0x08007dd4   0x00000338   Code   RO         1235    .text               mc_w.l(scanf_fp.o)
    0x0800810c   0x00000040   Code   RO         1239    .text               mc_w.l(_sgetc.o)
    0x0800814c   0x0000003e   Code   RO         1241    .text               mf_w.l(dfixi.o)
    0x0800818a   0x00000002   PAD
    0x0800818c   0x00000028   Code   RO         1243    .text               mc_w.l(ctype_c.o)
    0x080081b4   0x00000018   Code   RO         1246    .text               mf_w.l(dfltul.o)
    0x080081cc   0x00000056   Code   RO         1256    .text               mc_w.l(__dczerorl2.o)
    0x08008222   0x00000002   PAD
    0x08008224   0x00000020   Code   RO         1055    i.__0printf         mc_w.l(printfa.o)
    0x08008244   0x00000028   Code   RO         1166    i.__ARM_fpclassify  m_ws.l(fpclassify.o)
    0x0800826c   0x00000388   Code   RO         1171    i.__ieee754_rem_pio2  m_ws.l(rred.o)
    0x080085f4   0x000000fc   Code   RO         1149    i.__kernel_cos      m_ws.l(cos_i.o)
    0x080086f0   0x000000aa   Code   RO         1168    i.__kernel_poly     m_ws.l(poly.o)
    0x0800879a   0x00000002   PAD
    0x0800879c   0x000000ec   Code   RO         1176    i.__kernel_sin      m_ws.l(sin_i.o)
    0x08008888   0x00000010   Code   RO         1152    i.__mathlib_dbl_divzero  m_ws.l(dunder.o)
    0x08008898   0x00000006   Code   RO         1153    i.__mathlib_dbl_infnan  m_ws.l(dunder.o)
    0x0800889e   0x00000004   Code   RO         1154    i.__mathlib_dbl_infnan2  m_ws.l(dunder.o)
    0x080088a2   0x0000000c   Code   RO         1155    i.__mathlib_dbl_invalid  m_ws.l(dunder.o)
    0x080088ae   0x0000000e   Code   RO         1156    i.__mathlib_dbl_overflow  m_ws.l(dunder.o)
    0x080088bc   0x00000010   Code   RO         1158    i.__mathlib_dbl_underflow  m_ws.l(dunder.o)
    0x080088cc   0x0000000c   Code   RO         1208    i.__read_errno      mc_w.l(errno.o)
    0x080088d8   0x0000000e   Code   RO         1250    i.__scatterload_copy  mc_w.l(handlers.o)
    0x080088e6   0x00000002   Code   RO         1251    i.__scatterload_null  mc_w.l(handlers.o)
    0x080088e8   0x0000000e   Code   RO         1252    i.__scatterload_zeroinit  mc_w.l(handlers.o)
    0x080088f6   0x00000002   PAD
    0x080088f8   0x0000000c   Code   RO         1209    i.__set_errno       mc_w.l(errno.o)
    0x08008904   0x00000164   Code   RO         1062    i._fp_digits        mc_w.l(printfa.o)
    0x08008a68   0x0000000e   Code   RO         1237    i._is_digit         mc_w.l(scanf_fp.o)
    0x08008a76   0x00000002   PAD
    0x08008a78   0x000006dc   Code   RO         1063    i._printf_core      mc_w.l(printfa.o)
    0x08009154   0x00000024   Code   RO         1064    i._printf_post_padding  mc_w.l(printfa.o)
    0x08009178   0x0000002e   Code   RO         1065    i._printf_pre_padding  mc_w.l(printfa.o)
    0x080091a6   0x00000002   PAD
    0x080091a8   0x0000027c   Code   RO          748    i.acos              m_ws.l(acos.o)
    0x08009424   0x00000220   Code   RO          758    i.atan              m_ws.l(atan.o)
    0x08009644   0x0000002a   Code   RO          768    i.atof              m_ws.l(atof.o)
    0x0800966e   0x00000002   PAD
    0x08009670   0x0000009c   Code   RO          772    i.cos               m_ws.l(cos.o)
    0x0800970c   0x00000050   Code   RO         1083    i.free              mc_w.l(malloc.o)
    0x0800975c   0x0000006c   Code   RO         1084    i.malloc            mc_w.l(malloc.o)
    0x080097c8   0x000009b8   Code   RO          780    i.pow               m_ws.l(pow.o)
    0x0800a180   0x000000a0   Code   RO          790    i.sin               m_ws.l(sin.o)
    0x0800a220   0x0000004c   Code   RO          798    i.sqrt              m_ws.l(sqrt.o)
    0x0800a26c   0x0000000c   Data   RO          286    .constdata          xtask.o
    0x0800a278   0x00000050   Data   RO          749    .constdata          m_ws.l(acos.o)
    0x0800a2c8   0x00000098   Data   RO          759    .constdata          m_ws.l(atan.o)
    0x0800a360   0x00000088   Data   RO          781    .constdata          m_ws.l(pow.o)
    0x0800a3e8   0x00000030   Data   RO         1150    .constdata          m_ws.l(cos_i.o)
    0x0800a418   0x00000008   Data   RO         1170    .constdata          m_ws.l(qnan.o)
    0x0800a420   0x000000c8   Data   RO         1173    .constdata          m_ws.l(rred.o)
    0x0800a4e8   0x00000028   Data   RO         1177    .constdata          m_ws.l(sin_i.o)
    0x0800a510   0x00000040   Data   RO         1244    .constdata          mc_w.l(ctype_c.o)
    0x0800a550   0x00000020   Data   RO         1248    Region$$Table       anon$$obj.o


    Execution Region RW_IRAM1 (Base: 0x20000000, Size: 0x00006238, Max: 0x00010000, ABSOLUTE, COMPRESSED[0x00000028])

    Base Addr    Size         Type   Attr      Idx    E Section Name        Object

    0x20000000   0x00000020   Data   RW          287    .data               xtask.o
    0x20000020   0x00000038   Data   RW          340    .data               tasks.o
    0x20000058   0x00000018   Data   RW          363    .data               heap_2.o
    0x20000070   0x00000004   Data   RW          378    .data               port.o
    0x20000074   0x00000004   PAD
    0x20000078   0x00000018   Data   RW          400    .data               ames_acs712.o
    0x20000090   0x00000004   Data   RW          475    .data               ames_led.o
    0x20000094   0x00000020   Data   RW          491    .data               ames_pid.o
    0x200000b4   0x00000008   Data   RW          506    .data               ames_pwm.o
    0x200000bc   0x00000020   Data   RW          521    .data               ames_qei.o
    0x200000dc   0x00000008   Data   RW          536    .data               ames_timer.o
    0x200000e4   0x00000010   Data   RW          554    .data               ames_usart.o
    0x200000f4   0x00000014   Data   RW          654    .data               stm32f10x_rcc.o
    0x20000108   0x00000014   Data   RW          704    .data               system_stm32f10x.o
    0x2000011c   0x00000004   Data   RW         1196    .data               mc_w.l(stdout.o)
    0x20000120   0x00000004   Data   RW         1205    .data               mc_w.l(mvars.o)
    0x20000124   0x00000004   Data   RW         1206    .data               mc_w.l(mvars.o)
    0x20000128   0x00000004   Data   RW         1210    .data               mc_w.l(errno.o)
    0x2000012c   0x00000030   Zero   RW          281    .bss                xtask.o
    0x2000015c   0x000000c8   Zero   RW          339    .bss                tasks.o
    0x20000224   0x00005000   Zero   RW          362    .bss                heap_2.o
    0x20005224   0x00000004   PAD
    0x20005228   0x00000a10   Zero   RW          448    .bss                ames_fir.o
    0x20005c38   0x00000200   Zero   RW          741    HEAP                startup_stm32f10x_cl.o
    0x20005e38   0x00000400   Zero   RW          740    STACK               startup_stm32f10x_cl.o


==============================================================================

Image component sizes


      Code (inc. data)   RO Data    RW Data    ZI Data      Debug   Object Name

       712         40          0         24          0       2367   ames_acs712.o
       248         10          0          0          0       2060   ames_can.o
       172          8          0          0          0      15720   ames_clock.o
       568         18          0          0       2576       2396   ames_fir.o
       328         38          0          4          0       1680   ames_led.o
      1204          8          0          0          0       4909   ames_matrix.o
       592          6          0         32          0       2009   ames_pid.o
       452         16          0          8          0       2091   ames_pwm.o
      1176         62          0         32          0       4179   ames_qei.o
       508         20          0          8          0       1774   ames_timer.o
       792         26          0         16          0       3238   ames_usart.o
      1508         68          0          0          0       1584   delta.o
       140          6          0          0          0     300642   hardware.o
       264         12          0         24      20480       2844   heap_2.o
      1972         52          0          0          0       1339   jacobian.o
       146          0          0          0          0       1618   list.o
        14          0          0          0          0      15707   main.o
       196         14          0          0          0       1745   misc.o
       366         32          0          4          0       4249   port.o
      1944          0          0          0          0      11986   queue.o
        36          8        336          0       1536        856   startup_stm32f10x_cl.o
       892         12          0          0          0       9441   stm32f10x_adc.o
      2104         48          0          0          0       8872   stm32f10x_can.o
       500         60          0          0          0       4158   stm32f10x_dma.o
       680          8          0          0          0       5169   stm32f10x_gpio.o
       904         50          0         20          0      10392   stm32f10x_rcc.o
      3528         32          0          0          0      19694   stm32f10x_tim.o
       856          6          0          0          0       7188   stm32f10x_usart.o
       440         38          0         20          0       2055   system_stm32f10x.o
      3400        100          0         56        200      15777   tasks.o
      2424        258         12         32         48       3800   xtask.o

    ----------------------------------------------------------------------
     29072       1056        380        284      24844     471539   Object Totals
         0          0         32          0          0          0   (incl. Generated)
         6          0          0          4          4          0   (incl. Padding)

    ----------------------------------------------------------------------

      Code (inc. data)   RO Data    RW Data    ZI Data      Debug   Library Member Name

       636         62         80          0          0        188   acos.o
       544         70        152          0          0        124   atan.o
        42          0          0          0          0         84   atof.o
       156          8          0          0          0        104   cos.o
       252         22         48          0          0        124   cos_i.o
        68         10          0          0          0        408   dunder.o
        40          0          0          0          0         68   fpclassify.o
       170          0          0          0          0         96   poly.o
      2488        190        136          0          0        300   pow.o
         0          0          8          0          0          0   qnan.o
       904         76        200          0          0        140   rred.o
       160         10          0          0          0        108   sin.o
       236         12         40          0          0        128   sin_i.o
        76          0          0          0          0         84   sqrt.o
        86          0          0          0          0          0   __dczerorl2.o
        64          0          0          0          0         84   _sgetc.o
        28          0          0          0          0         76   calloc.o
        40          6         64          0          0         68   ctype_c.o
         0          0          0          0          0          0   entry.o
         0          0          0          0          0          0   entry10a.o
         0          0          0          0          0          0   entry11a.o
         8          4          0          0          0          0   entry2.o
         4          0          0          0          0          0   entry5.o
         0          0          0          0          0          0   entry7b.o
         0          0          0          0          0          0   entry8b.o
         8          4          0          0          0          0   entry9a.o
        24         12          0          4          0        136   errno.o
        30          0          0          0          0          0   handlers.o
        36          8          0          0          0         68   init.o
        10          0          0          0          0         68   isspace_c.o
         0          0          0          0          0          0   iusefp.o
        30          0          0          0          0         68   llshl.o
        36          0          0          0          0         68   llsshr.o
        32          0          0          0          0         68   llushr.o
       188         20          0          0          0        160   malloc.o
        64          0          0          0          0         76   memmovea.o
        36          0          0          0          0        108   memseta.o
         0          0          0          8          0          0   mvars.o
      2226         90          0          0          0        444   printfa.o
       838         12          0          0          0        216   scanf_fp.o
         0          0          0          4          0          0   stdout.o
        28          0          0          0          0         76   strcmp.o
        14          0          0          0          0         68   strlen.o
       156         14          0          0          0        120   strtod.o
        44          0          0          0          0         80   uidiv.o
        98          0          0          0          0         92   uldiv.o
        48          0          0          0          0         68   cdcmple.o
        48          0          0          0          0         68   cdrcmple.o
        20          0          0          0          0         68   cfcmple.o
        20          0          0          0          0         68   cfrcmple.o
        56          0          0          0          0         88   d2f.o
       334          0          0          0          0        148   dadd.o
       222          0          0          0          0        100   ddiv.o
       186          0          0          0          0        176   depilogue.o
        62          0          0          0          0         80   dfixi.o
        48          0          0          0          0         68   dfixul.o
        34          0          0          0          0         76   dflti.o
        26          0          0          0          0         76   dfltui.o
        24          0          0          0          0         76   dfltul.o
       228          0          0          0          0         96   dmul.o
        46          0          0          0          0         80   dscalb.o
       162          0          0          0          0        100   dsqrt.o
        38          0          0          0          0         68   f2d.o
       176          0          0          0          0        140   fadd.o
       124          0          0          0          0         88   fdiv.o
       110          0          0          0          0        168   fepilogue.o
        50          0          0          0          0         68   ffixi.o
        40          0          0          0          0         68   ffixui.o
        18          0          0          0          0         68   fflti.o
        10          0          0          0          0         68   ffltui.o
       100          0          0          0          0         76   fmul.o
        24          0          0          0          0         68   fscalb.o

    ----------------------------------------------------------------------
     12172        630        728         16          0       6416   Library Totals
        18          0          0          0          0          0   (incl. Padding)

    ----------------------------------------------------------------------

      Code (inc. data)   RO Data    RW Data    ZI Data      Debug   Library Name

      5772        460        664          0          0       1956   m_ws.l
      4128        170         64         16          0       2144   mc_w.l
      2254          0          0          0          0       2316   mf_w.l

    ----------------------------------------------------------------------
     12172        630        728         16          0       6416   Library Totals

    ----------------------------------------------------------------------

==============================================================================


      Code (inc. data)   RO Data    RW Data    ZI Data      Debug   

     41244       1686       1108        300      24844     470855   Grand Totals
     41244       1686       1108         40      24844     470855   ELF Image Totals (compressed)
     41244       1686       1108         40          0          0   ROM Totals

==============================================================================

    Total RO  Size (Code + RO Data)                42352 (  41.36kB)
    Total RW  Size (RW Data + ZI Data)             25144 (  24.55kB)
    Total ROM Size (Code + RO Data + RW Data)      42392 (  41.40kB)

==============================================================================

