Component: ARM Compiler 5.05 (build 41) Tool: armlink [4d0eb9]

==============================================================================

Section Cross References

    main.o(.text) refers to deltatask.o(.text) for Application_Init
    deltatask.o(.text) refers to ames_clock.o(.text) for TSVN_FOSC_Init
    deltatask.o(.text) refers to ames_acs712.o(.text) for TSVN_ACS712_Init
    deltatask.o(.text) refers to ames_fir.o(.text) for FIR_Init
    deltatask.o(.text) refers to ames_led.o(.text) for TSVN_Led_Init
    deltatask.o(.text) refers to ames_pwm.o(.text) for TSVN_PWM_TIM5_Init
    deltatask.o(.text) refers to hardware.o(.text) for DIR_Init
    deltatask.o(.text) refers to ames_pid.o(.text) for PID_Mem_Create
    deltatask.o(.text) refers to ffltui.o(.text) for __aeabi_ui2f
    deltatask.o(.text) refers to ames_usart.o(.text) for TSVN_USART_Init
    deltatask.o(.text) refers to ames_can.o(.text) for TSVN_CAN_Init
    deltatask.o(.text) refers to ames_qei.o(.text) for TSVN_QEI_TIM1_Init
    deltatask.o(.text) refers to queue.o(.text) for xQueueCreate
    deltatask.o(.text) refers to fflti.o(.text) for __aeabi_i2f
    deltatask.o(.text) refers to f2d.o(.text) for __aeabi_f2d
    deltatask.o(.text) refers to dmul.o(.text) for __aeabi_dmul
    deltatask.o(.text) refers to ddiv.o(.text) for __aeabi_ddiv
    deltatask.o(.text) refers to d2f.o(.text) for __aeabi_d2f
    deltatask.o(.text) refers to delta.o(.text) for Delta_CalcForward
    deltatask.o(.text) refers to jacobian.o(.text) for MomentCalculate
    deltatask.o(.text) refers to ffixui.o(.text) for __aeabi_f2uiz
    deltatask.o(.text) refers to stm32f10x_can.o(.text) for CAN_Transmit
    deltatask.o(.text) refers to tasks.o(.text) for vTaskDelay
    deltatask.o(.text) refers to printfa.o(i.__0printf) for __2printf
    deltatask.o(.text) refers to dfixui.o(.text) for __aeabi_d2uiz
    deltatask.o(.text) refers to strcmp.o(.text) for strcmp
    deltatask.o(.text) refers to deltatask.o(.data) for .data
    deltatask.o(.text) refers to deltatask.o(.constdata) for .constdata
    deltatask.o(.text) refers to atof.o(i.atof) for atof
    deltatask.o(.text) refers to atol.o(.text) for atol
    deltatask.o(.text) refers to dflti.o(.text) for __aeabi_i2d
    deltatask.o(.text) refers to atoi.o(.text) for atoi
    deltatask.o(.text) refers to stm32f10x_usart.o(.text) for USART_GetITStatus
    deltatask.o(.text) refers to dfltui.o(.text) for __aeabi_ui2d
    deltatask.o(.text) refers to port.o(.text) for vPortYieldFromISR
    delta.o(.text) refers to fmul.o(.text) for __aeabi_fmul
    delta.o(.text) refers to f2d.o(.text) for __aeabi_f2d
    delta.o(.text) refers to cos.o(i.cos) for cos
    delta.o(.text) refers to dmul.o(.text) for __aeabi_dmul
    delta.o(.text) refers to dadd.o(.text) for __aeabi_dsub
    delta.o(.text) refers to d2f.o(.text) for __aeabi_d2f
    delta.o(.text) refers to sin.o(i.sin) for sin
    delta.o(.text) refers to dscalb.o(.text) for __ARM_scalbn
    delta.o(.text) refers to fadd.o(.text) for __aeabi_fsub
    delta.o(.text) refers to fscalb.o(.text) for __ARM_scalbnf
    delta.o(.text) refers to sqrt.o(i.sqrt) for sqrt
    delta.o(.text) refers to ddiv.o(.text) for __aeabi_ddiv
    delta.o(.text) refers to fdiv.o(.text) for __aeabi_fdiv
    delta.o(.text) refers to cfrcmple.o(.text) for __aeabi_cfrcmple
    delta.o(.text) refers to atan.o(i.atan) for atan
    hardware.o(.text) refers to stm32f10x_rcc.o(.text) for RCC_APB2PeriphClockCmd
    hardware.o(.text) refers to stm32f10x_gpio.o(.text) for GPIO_Init
    jacobian.o(.text) refers to fmul.o(.text) for __aeabi_fmul
    jacobian.o(.text) refers to fdiv.o(.text) for __aeabi_fdiv
    jacobian.o(.text) refers to f2d.o(.text) for __aeabi_f2d
    jacobian.o(.text) refers to sin.o(i.sin) for sin
    jacobian.o(.text) refers to dmul.o(.text) for __aeabi_dmul
    jacobian.o(.text) refers to cos.o(i.cos) for cos
    jacobian.o(.text) refers to dadd.o(.text) for __aeabi_dsub
    jacobian.o(.text) refers to d2f.o(.text) for __aeabi_d2f
    jacobian.o(.text) refers to pow.o(i.pow) for pow
    jacobian.o(.text) refers to sqrt.o(i.sqrt) for sqrt
    jacobian.o(.text) refers to ffixi.o(.text) for __aeabi_f2iz
    jacobian.o(.text) refers to fflti.o(.text) for __aeabi_i2f
    jacobian.o(.text) refers to acos.o(i.acos) for acos
    jacobian.o(.text) refers to dscalb.o(.text) for __ARM_scalbn
    jacobian.o(.text) refers to ddiv.o(.text) for __aeabi_ddiv
    jacobian.o(.text) refers to fadd.o(.text) for __aeabi_fadd
    queue.o(.text) refers to heap_2.o(.text) for pvPortMalloc
    queue.o(.text) refers to list.o(.text) for vListInitialise
    queue.o(.text) refers to port.o(.text) for vPortEnterCritical
    queue.o(.text) refers to memmovea.o(.text) for __aeabi_memcpy
    queue.o(.text) refers to tasks.o(.text) for xTaskRemoveFromEventList
    queue.o(.text) refers to port.o(.emb_text) for vPortSetInterruptMask
    tasks.o(.text) refers to heap_2.o(.text) for pvPortMalloc
[...]
    uxMissedTicks                            0x2000005c   Data           4  tasks.o(.data)
    xMissedYield                             0x20000060   Data           4  tasks.o(.data)
    xNumOfOverflows                          0x20000064   Data           4  tasks.o(.data)
    uxTaskNumber                             0x20000068   Data           4  tasks.o(.data)
    pxDelayedTaskList                        0x2000006c   Data           4  tasks.o(.data)
    pxOverflowDelayedTaskList                0x20000070   Data           4  tasks.o(.data)
    .data                                    0x20000074   Section       24  heap_2.o(.data)
    xFreeBytesRemaining                      0x20000074   Data           4  heap_2.o(.data)
    xHeapHasBeenInitialised                  0x20000078   Data           4  heap_2.o(.data)
    xStart                                   0x2000007c   Data           8  heap_2.o(.data)
    xEnd                                     0x20000084   Data           8  heap_2.o(.data)
    .data                                    0x2000008c   Section        4  port.o(.data)
    uxCriticalNesting                        0x2000008c   Data           4  port.o(.data)
    .data                                    0x20000090   Section        4  ames_led.o(.data)
    .data                                    0x20000094   Section        8  ames_pwm.o(.data)
    .data                                    0x2000009c   Section       16  ames_usart.o(.data)
    ReturnValue                              0x2000009c   Data           4  ames_usart.o(.data)
    .data                                    0x200000ac   Section       32  ames_qei.o(.data)
    .data                                    0x200000cc   Section       32  ames_pid.o(.data)
    .data                                    0x200000f0   Section       24  ames_acs712.o(.data)
    Voltage                                  0x200000f0   Data           8  ames_acs712.o(.data)
    Amps                                     0x200000f8   Data           8  ames_acs712.o(.data)
    .data                                    0x20000108   Section      504  ames_fir.o(.data)
    .data                                    0x20000300   Section       20  stm32f10x_rcc.o(.data)
    ADCPrescTable                            0x20000300   Data           4  stm32f10x_rcc.o(.data)
    APBAHBPrescTable                         0x20000304   Data          16  stm32f10x_rcc.o(.data)
    .data                                    0x20000314   Section       20  system_stm32f10x.o(.data)
    .data                                    0x20000328   Section        4  stdout.o(.data)
    .data                                    0x2000032c   Section        4  mvars.o(.data)
    .data                                    0x20000330   Section        4  mvars.o(.data)
    .data                                    0x20000334   Section        4  errno.o(.data)
    _errno                                   0x20000334   Data           4  errno.o(.data)
    .bss                                     0x20000338   Section     2100  tasks.o(.bss)
    pxReadyTasksLists                        0x20000338   Data        2000  tasks.o(.bss)
    xDelayedTaskList1                        0x20000b08   Data          20  tasks.o(.bss)
    xDelayedTaskList2                        0x20000b1c   Data          20  tasks.o(.bss)
    xPendingReadyList                        0x20000b30   Data          20  tasks.o(.bss)
    xTasksWaitingTermination                 0x20000b44   Data          20  tasks.o(.bss)
    xSuspendedTaskList                       0x20000b58   Data          20  tasks.o(.bss)
    .bss                                     0x20000b70   Section    15360  heap_2.o(.bss)
    xHeap                                    0x20000b70   Data       15360  heap_2.o(.bss)
    .bss                                     0x20004770   Section     4336  ames_fir.o(.bss)
    HEAP                                     0x20005860   Section      512  startup_stm32f10x_cl.o(HEAP)
    STACK                                    0x20005a60   Section     1024  startup_stm32f10x_cl.o(STACK)

    Global Symbols

    Symbol Name                              Value     Ov Type        Size  Object(Section)

    BuildAttributes$$THM_ISAv4$P$D$K$B$S$PE$A:L22UL41UL21$X:L11$S22US41US21$IEEE1$IW$USESV6$~STKCKD$USESV7$~SHL$OTIME$ROPI$IEEEX$EBA8$MICROLIB$REQ8$PRES8$EABIv2 0x00000000   Number         0  anon$$obj.o ABSOLUTE
    __ARM_use_no_argv                        0x00000000   Number         0  main.o ABSOLUTE
    _printf_a                                0x00000000   Number         0  stubs.o ABSOLUTE
    _printf_c                                0x00000000   Number         0  stubs.o ABSOLUTE
    _printf_charcount                        0x00000000   Number         0  stubs.o ABSOLUTE
    _printf_d                                0x00000000   Number         0  stubs.o ABSOLUTE
    _printf_e                                0x00000000   Number         0  stubs.o ABSOLUTE
    _printf_f                                0x00000000   Number         0  stubs.o ABSOLUTE
    _printf_flags                            0x00000000   Number         0  stubs.o ABSOLUTE
    _printf_fp_dec                           0x00000000   Number         0  stubs.o ABSOLUTE
    _printf_fp_hex                           0x00000000   Number         0  stubs.o ABSOLUTE
    _printf_g                                0x00000000   Number         0  stubs.o ABSOLUTE
    _printf_i                                0x00000000   Number         0  stubs.o ABSOLUTE
    _printf_int_dec                          0x00000000   Number         0  stubs.o ABSOLUTE
    _printf_l                                0x00000000   Number         0  stubs.o ABSOLUTE
    _printf_lc                               0x00000000   Number         0  stubs.o ABSOLUTE
    _printf_ll                               0x00000000   Number         0  stubs.o ABSOLUTE
    _printf_lld                              0x00000000   Number         0  stubs.o ABSOLUTE
    _printf_lli                              0x00000000   Number         0  stubs.o ABSOLUTE
    _printf_llo                              0x00000000   Number         0  stubs.o ABSOLUTE
    _printf_llu                              0x00000000   Number         0  stubs.o ABSOLUTE
    _printf_llx                              0x00000000   Number         0  stubs.o ABSOLUTE
    _printf_longlong_dec                     0x00000000   Number         0  stubs.o ABSOLUTE
    _printf_longlong_hex                     0x00000000   Number         0  stubs.o ABSOLUTE
    _printf_longlong_oct                     0x00000000   Number         0  stubs.o ABSOLUTE
    _printf_ls                               0x00000000   Number         0  stubs.o ABSOLUTE
    _printf_mbtowc                           0x00000000   Number         0  stubs.o ABSOLUTE
    _printf_n                                0x00000000   Number         0  stubs.o ABSOLUTE
    _printf_o                                0x00000000   Number         0  stubs.o ABSOLUTE
    _printf_p                                0x00000000   Number         0  stubs.o ABSOLUTE
    _printf_percent                          0x00000000   Number         0  stubs.o ABSOLUTE
    _printf_pre_padding                      0x00000000   Number         0  stubs.o ABSOLUTE
    _printf_return_value                     0x00000000   Number         0  stubs.o ABSOLUTE
    _printf_s                                0x00000000   Number         0  stubs.o ABSOLUTE
    _printf_sizespec                         0x00000000   Number         0  stubs.o ABSOLUTE
    _printf_str                              0x00000000   Number         0  stubs.o ABSOLUTE
    _printf_truncate_signed                  0x00000000   Number         0  stubs.o ABSOLUTE
    _printf_truncate_unsigned                0x00000000   Number         0  stubs.o ABSOLUTE
    _printf_u                                0x00000000   Number         0  stubs.o ABSOLUTE
    _printf_wc                               0x00000000   Number         0  stubs.o ABSOLUTE
    _printf_wctomb                           0x00000000   Number         0  stubs.o ABSOLUTE
    _printf_widthprec                        0x00000000   Number         0  stubs.o ABSOLUTE
    _printf_x                                0x00000000   Number         0  stubs.o ABSOLUTE
    __cpp_initialize__aeabi_                  - Undefined Weak Reference
    __cxa_finalize                            - Undefined Weak Reference
    _clock_init                               - Undefined Weak Reference
    _microlib_exit                            - Undefined Weak Reference
    __Vectors_Size                           0x00000150   Number         0  startup_stm32f10x_cl.o ABSOLUTE
    __Vectors                                0x08000000   Data           4  startup_stm32f10x_cl.o(RESET)
    __Vectors_End                            0x08000150   Data           0  startup_stm32f10x_cl.o(RESET)
    __main                                   0x08000151   Thumb Code     0  entry.o(.ARM.Collect$$$$00000000)
    _main_stk                                0x08000151   Thumb Code     0  entry2.o(.ARM.Collect$$$$00000001)
    _main_scatterload                        0x08000155   Thumb Code     0  entry5.o(.ARM.Collect$$$$00000004)
    __main_after_scatterload                 0x08000159   Thumb Code     0  entry5.o(.ARM.Collect$$$$00000004)
    _main_clock                              0x08000159   Thumb Code     0  entry7b.o(.ARM.Collect$$$$00000008)
    _main_cpp_init                           0x08000159   Thumb Code     0  entry8b.o(.ARM.Collect$$$$0000000A)
    _main_init                               0x08000159   Thumb Code     0  entry9a.o(.ARM.Collect$$$$0000000B)
    __rt_final_cpp                           0x08000161   Thumb Code     0  entry10a.o(.ARM.Collect$$$$0000000D)
    __rt_final_exit                          0x08000161   Thumb Code     0  entry11a.o(.ARM.Collect$$$$0000000F)
    SVC_Handler                              0x08000165   Thumb Code    28  port.o(.emb_text)
    vPortStartFirstTask                      0x08000185   Thumb Code    12  port.o(.emb_text)
    PendSV_Handler                           0x08000195   Thumb Code    56  port.o(.emb_text)
    vPortSetInterruptMask                    0x080001d1   Thumb Code    14  port.o(.emb_text)
    vPortClearInterruptMask                  0x080001df   Thumb Code    14  port.o(.emb_text)
    main                                     0x080001ed   Thumb Code    14  main.o(.text)
    Application_Init                         0x080001fd   Thumb Code   270  deltatask.o(.text)
    ENCODER_TASK                             0x0800030b   Thumb Code   498  deltatask.o(.text)
    LED_TASK                                 0x080004fd   Thumb Code    28  deltatask.o(.text)
    PID_TASK                                 0x08000519   Thumb Code   176  deltatask.o(.text)
    UART_TASK                                0x080005c9   Thumb Code  1140  deltatask.o(.text)
    Application_Run                          0x08000a3d   Thumb Code   114  deltatask.o(.text)
    USART1_IRQHandler                        0x08000aaf   Thumb Code    84  deltatask.o(.text)
    CAN1_RX0_IRQHandler                      0x08000b03   Thumb Code   462  deltatask.o(.text)
    NMI_Handler                              0x08000cd5   Thumb Code     2  stm32f10x_it.o(.text)
    HardFault_Handler                        0x08000cd7   Thumb Code     2  stm32f10x_it.o(.text)
    MemManage_Handler                        0x08000cd9   Thumb Code     2  stm32f10x_it.o(.text)
    BusFault_Handler                         0x08000cdb   Thumb Code     2  stm32f10x_it.o(.text)
    UsageFault_Handler                       0x08000cdd   Thumb Code     2  stm32f10x_it.o(.text)
    DebugMon_Handler                         0x08000cdf   Thumb Code     2  stm32f10x_it.o(.text)
    Delta_CalcForward                        0x08000ce1   Thumb Code   918  delta.o(.text)
    Delta_CalcAngleYZ                        0x08001077   Thumb Code   428  delta.o(.text)
    Delta_CalcInverse                        0x08001223   Thumb Code   146  delta.o(.text)
    DIR_Init                                 0x080012c5   Thumb Code    66  hardware.o(.text)
    DIR_Change                               0x08001307   Thumb Code    68  hardware.o(.text)
    JacobianCalAngle                         0x08001351   Thumb Code   576  jacobian.o(.text)
    Det                                      0x08001591   Thumb Code   168  jacobian.o(.text)
    Glosbe                                   0x08001639   Thumb Code   172  jacobian.o(.text)
    MomentCalculate                          0x080016e5   Thumb Code  2254  jacobian.o(.text)
    vListInitialise                          0x08001fb3   Thumb Code    22  list.o(.text)
    vListInitialiseItem                      0x08001fc9   Thumb Code     6  list.o(.text)
    vListInsertEnd                           0x08001fcf   Thumb Code    28  list.o(.text)
    vListInsert                              0x08001feb   Thumb Code    52  list.o(.text)
    vListRemove                              0x0800201f   Thumb Code    36  list.o(.text)
    xQueueCreate                             0x08002043   Thumb Code    94  queue.o(.text)
    xQueueCreateCountingSemaphore            0x080020a1   Thumb Code   100  queue.o(.text)
    xQueueGenericSend                        0x08002105   Thumb Code   544  queue.o(.text)
    xQueueGenericSendFromISR                 0x08002325   Thumb Code   144  queue.o(.text)
    xQueueGenericReceive                     0x080023b5   Thumb Code   530  queue.o(.text)
    xQueueReceiveFromISR                     0x080025c7   Thumb Code   106  queue.o(.text)
    uxQueueMessagesWaiting                   0x08002631   Thumb Code    18  queue.o(.text)
    uxQueueMessagesWaitingFromISR            0x08002643   Thumb Code     4  queue.o(.text)
    vQueueDelete                             0x08002647   Thumb Code    20  queue.o(.text)
    xQueueIsQueueEmptyFromISR                0x0800265b   Thumb Code    12  queue.o(.text)
    xQueueIsQueueFullFromISR                 0x08002667   Thumb Code    14  queue.o(.text)
    xTaskGenericCreate                       0x08002675   Thumb Code   336  tasks.o(.text)
    vTaskDelete                              0x080027c5   Thumb Code    98  tasks.o(.text)
    vTaskIncrementTick                       0x08002827   Thumb Code   142  tasks.o(.text)
    xTaskResumeAll                           0x080028b5   Thumb Code   312  tasks.o(.text)
    vTaskSuspendAll                          0x080029ed   Thumb Code    10  tasks.o(.text)
    vTaskDelayUntil                          0x080029f7   Thumb Code    98  tasks.o(.text)
    vTaskDelay                               0x08002a59   Thumb Code    66  tasks.o(.text)
    uxTaskPriorityGet                        0x08002a9b   Thumb Code    26  tasks.o(.text)
    vTaskPrioritySet                         0x08002ab5   Thumb Code   172  tasks.o(.text)
    vTaskSwitchContext                       0x08002b61   Thumb Code    82  tasks.o(.text)
    vTaskSuspend                             0x08002bb3   Thumb Code   172  tasks.o(.text)
    xTaskIsTaskSuspended                     0x08002c5f   Thumb Code    30  tasks.o(.text)
    vTaskResume                              0x08002c7d   Thumb Code    98  tasks.o(.text)
    xTaskResumeFromISR                       0x08002cdf   Thumb Code    94  tasks.o(.text)
    vTaskStartScheduler                      0x08002d9b   Thumb Code    56  tasks.o(.text)
    vTaskEndScheduler                        0x08002dd3   Thumb Code    20  tasks.o(.text)
    xTaskGetTickCount                        0x08002de7   Thumb Code    18  tasks.o(.text)
    xTaskGetTickCountFromISR                 0x08002df9   Thumb Code     6  tasks.o(.text)
    uxTaskGetNumberOfTasks                   0x08002dff   Thumb Code     6  tasks.o(.text)
    vTaskPlaceOnEventList                    0x08002e05   Thumb Code    82  tasks.o(.text)
    xTaskRemoveFromEventList                 0x08002e57   Thumb Code    90  tasks.o(.text)
    vTaskSetTimeOutState                     0x08002eb1   Thumb Code    12  tasks.o(.text)
    xTaskCheckForTimeOut                     0x08002ebd   Thumb Code   114  tasks.o(.text)
    vTaskMissedYield                         0x08002f2f   Thumb Code     8  tasks.o(.text)
    pvPortMalloc                             0x08002f3d   Thumb Code   184  heap_2.o(.text)
    vPortFree                                0x08002ff5   Thumb Code    54  heap_2.o(.text)
    xPortGetFreeHeapSize                     0x0800302b   Thumb Code     6  heap_2.o(.text)
    vPortInitialiseBlocks                    0x08003031   Thumb Code     2  heap_2.o(.text)
    pxPortInitialiseStack                    0x08003041   Thumb Code    26  port.o(.text)
    xPortStartScheduler                      0x0800305b   Thumb Code    46  port.o(.text)
    vPortEndScheduler                        0x08003089   Thumb Code     2  port.o(.text)
    vPortYieldFromISR                        0x0800308b   Thumb Code    10  port.o(.text)
    vPortEnterCritical                       0x08003095   Thumb Code    16  port.o(.text)
    vPortExitCritical                        0x080030a5   Thumb Code    16  port.o(.text)
    SysTick_Handler                          0x080030b5   Thumb Code    26  port.o(.text)
    TSVN_FOSC_Init                           0x080030e1   Thumb Code   176  ames_clock.o(.text)
    TSVN_Led_Init                            0x08003199   Thumb Code    82  ames_led.o(.text)
    TSVN_Led_On                              0x080031eb   Thumb Code    50  ames_led.o(.text)
    TSVN_Led_Off                             0x0800321d   Thumb Code    50  ames_led.o(.text)
    TSVN_Led_Toggle                          0x0800324f   Thumb Code   130  ames_led.o(.text)
    TSVN_Led_Deinit                          0x080032d1   Thumb Code     8  ames_led.o(.text)
    TSVN_PWM_TIM5_Init                       0x080032e1   Thumb Code   308  ames_pwm.o(.text)
    TSVN_PWM_TIM5_Set_Duty                   0x08003415   Thumb Code   112  ames_pwm.o(.text)
    TSVN_PWM_TIM5_Start                      0x08003485   Thumb Code     8  ames_pwm.o(.text)
    TSVN_PWM_TIM5_Stop                       0x0800348d   Thumb Code     8  ames_pwm.o(.text)
    TSVN_USART_Init                          0x080034a5   Thumb Code   242  ames_usart.o(.text)
    TSVN_USART_Deinit                        0x08003597   Thumb Code    34  ames_usart.o(.text)
    TSVN_USART_Create_Frame                  0x080035b9   Thumb Code    84  ames_usart.o(.text)
    TSVN_USART_Get_Frame                     0x0800360d   Thumb Code    16  ames_usart.o(.text)
    TSVN_Find                                0x0800361d   Thumb Code    62  ames_usart.o(.text)
    TSVN_Get_Parameters                      0x0800365b   Thumb Code   298  ames_usart.o(.text)
    fputc                                    0x08003785   Thumb Code    30  ames_usart.o(.text)
    TSVN_QEI_TIM1_Init                       0x080037bd   Thumb Code   190  ames_qei.o(.text)
    TSVN_QEI_TIM1_Deinit                     0x0800387b   Thumb Code    30  ames_qei.o(.text)
    TIM1_UP_IRQHandler                       0x08003899   Thumb Code    48  ames_qei.o(.text)
    TSVN_QEI_TIM1_Value                      0x080038c9   Thumb Code    20  ames_qei.o(.text)
    TSVN_QEI_TIM2_Init                       0x080038dd   Thumb Code   176  ames_qei.o(.text)
    TSVN_QEI_TIM2_Deinit                     0x0800398d   Thumb Code    28  ames_qei.o(.text)
    TIM2_IRQHandler                          0x080039a9   Thumb Code    50  ames_qei.o(.text)
    TSVN_QEI_TIM2_Value                      0x080039db   Thumb Code    22  ames_qei.o(.text)
    TSVN_QEI_TIM3_Init                       0x080039f1   Thumb Code   184  ames_qei.o(.text)
    TSVN_QEI_TIM3_Deinit                     0x08003aa9   Thumb Code    28  ames_qei.o(.text)
    TIM3_IRQHandler                          0x08003ac5   Thumb Code    48  ames_qei.o(.text)
    TSVN_QEI_TIM3_Value                      0x08003af5   Thumb Code    20  ames_qei.o(.text)
    TSVN_QEI_TIM4_Init                       0x08003b09   Thumb Code   224  ames_qei.o(.text)
    TSVN_QEI_TIM4_Deinit                     0x08003be9   Thumb Code    28  ames_qei.o(.text)
    TIM4_IRQHandler                          0x08003c05   Thumb Code    48  ames_qei.o(.text)
    TSVN_QEI_TIM4_Value                      0x08003c35   Thumb Code    20  ames_qei.o(.text)
    PID_Mem_Create                           0x08003c55   Thumb Code   134  ames_pid.o(.text)
    PID_Free_Mem                             0x08003cdb   Thumb Code    50  ames_pid.o(.text)
    PID_Reset                                0x08003d0d   Thumb Code    48  ames_pid.o(.text)
    PID_Init                                 0x08003d3d   Thumb Code    52  ames_pid.o(.text)
    PID_WindUp_Init                          0x08003d71   Thumb Code    22  ames_pid.o(.text)
    PID_Calculate                            0x08003d87   Thumb Code   280  ames_pid.o(.text)
    TSVN_CAN_Init                            0x08003ea5   Thumb Code   232  ames_can.o(.text)
    TSVN_CAN_Deinit                          0x08003f8d   Thumb Code     6  ames_can.o(.text)
    __DMA_Init                               0x08003f9d   Thumb Code    80  ames_acs712.o(.text)
    TSVN_ACS712_Init                         0x08003fed   Thumb Code   276  ames_acs712.o(.text)
    TSVN_ACS712_Read_ADC                     0x08004101   Thumb Code    42  ames_acs712.o(.text)
    TSVN_ACS712_Read                         0x0800412b   Thumb Code   274  ames_acs712.o(.text)
    FIR_Init                                 0x08004265   Thumb Code    26  ames_fir.o(.text)
    Median_Filter                            0x0800427f   Thumb Code   276  ames_fir.o(.text)
    FIR_Filter                               0x08004393   Thumb Code   142  ames_fir.o(.text)
    FIR_CollectData                          0x08004421   Thumb Code    42  ames_fir.o(.text)
    AMES_Filter                              0x0800444b   Thumb Code   202  ames_fir.o(.text)
    NVIC_PriorityGroupConfig                 0x08004531   Thumb Code    14  misc.o(.text)
    NVIC_Init                                0x0800453f   Thumb Code   112  misc.o(.text)
    NVIC_SetVectorTable                      0x080045af   Thumb Code    16  misc.o(.text)
    NVIC_SystemLPConfig                      0x080045bf   Thumb Code    18  misc.o(.text)
    SysTick_CLKSourceConfig                  0x080045d1   Thumb Code    22  misc.o(.text)
    GPIO_DeInit                              0x080045f5   Thumb Code   192  stm32f10x_gpio.o(.text)
    GPIO_AFIODeInit                          0x080046b5   Thumb Code    22  stm32f10x_gpio.o(.text)
    GPIO_Init                                0x080046cb   Thumb Code   186  stm32f10x_gpio.o(.text)
    GPIO_StructInit                          0x08004785   Thumb Code    16  stm32f10x_gpio.o(.text)
    GPIO_ReadInputDataBit                    0x08004795   Thumb Code    14  stm32f10x_gpio.o(.text)
    GPIO_ReadInputData                       0x080047a3   Thumb Code     6  stm32f10x_gpio.o(.text)
    GPIO_ReadOutputDataBit                   0x080047a9   Thumb Code    14  stm32f10x_gpio.o(.text)
    GPIO_ReadOutputData                      0x080047b7   Thumb Code     6  stm32f10x_gpio.o(.text)
    GPIO_SetBits                             0x080047bd   Thumb Code     4  stm32f10x_gpio.o(.text)
    GPIO_ResetBits                           0x080047c1   Thumb Code     4  stm32f10x_gpio.o(.text)
    GPIO_WriteBit                            0x080047c5   Thumb Code    10  stm32f10x_gpio.o(.text)
    GPIO_Write                               0x080047cf   Thumb Code     4  stm32f10x_gpio.o(.text)
    GPIO_PinLockConfig                       0x080047d3   Thumb Code    16  stm32f10x_gpio.o(.text)
    GPIO_EventOutputConfig                   0x080047e3   Thumb Code    22  stm32f10x_gpio.o(.text)
    GPIO_EventOutputCmd                      0x080047f9   Thumb Code     6  stm32f10x_gpio.o(.text)
    GPIO_PinRemapConfig                      0x080047ff   Thumb Code   102  stm32f10x_gpio.o(.text)
    GPIO_EXTILineConfig                      0x08004865   Thumb Code    40  stm32f10x_gpio.o(.text)
    GPIO_ETH_MediaInterfaceConfig            0x0800488d   Thumb Code     8  stm32f10x_gpio.o(.text)
    RCC_DeInit                               0x0800489d   Thumb Code    66  stm32f10x_rcc.o(.text)
    RCC_HSEConfig                            0x080048df   Thumb Code    50  stm32f10x_rcc.o(.text)
    RCC_GetFlagStatus                        0x08004911   Thumb Code    42  stm32f10x_rcc.o(.text)
    RCC_WaitForHSEStartUp                    0x0800493b   Thumb Code    50  stm32f10x_rcc.o(.text)
    RCC_AdjustHSICalibrationValue            0x0800496d   Thumb Code    16  stm32f10x_rcc.o(.text)
    RCC_HSICmd                               0x0800497d   Thumb Code     6  stm32f10x_rcc.o(.text)
    RCC_PLLConfig                            0x08004983   Thumb Code    16  stm32f10x_rcc.o(.text)
    RCC_PLLCmd                               0x08004993   Thumb Code     6  stm32f10x_rcc.o(.text)
    RCC_PREDIV1Config                        0x08004999   Thumb Code    20  stm32f10x_rcc.o(.text)
    RCC_PREDIV2Config                        0x080049ad   Thumb Code    14  stm32f10x_rcc.o(.text)
    RCC_PLL2Config                           0x080049bb   Thumb Code    14  stm32f10x_rcc.o(.text)
    RCC_PLL2Cmd                              0x080049c9   Thumb Code     6  stm32f10x_rcc.o(.text)
    RCC_PLL3Config                           0x080049cf   Thumb Code    14  stm32f10x_rcc.o(.text)
    RCC_PLL3Cmd                              0x080049dd   Thumb Code     6  stm32f10x_rcc.o(.text)
    RCC_SYSCLKConfig                         0x080049e3   Thumb Code    14  stm32f10x_rcc.o(.text)
    RCC_GetSYSCLKSource                      0x080049f1   Thumb Code    10  stm32f10x_rcc.o(.text)
    RCC_HCLKConfig                           0x080049fb   Thumb Code    14  stm32f10x_rcc.o(.text)
    RCC_PCLK1Config                          0x08004a09   Thumb Code    14  stm32f10x_rcc.o(.text)
    RCC_PCLK2Config                          0x08004a17   Thumb Code    16  stm32f10x_rcc.o(.text)
    RCC_ITConfig                             0x08004a27   Thumb Code    18  stm32f10x_rcc.o(.text)
    RCC_OTGFSCLKConfig                       0x08004a39   Thumb Code     8  stm32f10x_rcc.o(.text)
    RCC_ADCCLKConfig                         0x08004a41   Thumb Code    14  stm32f10x_rcc.o(.text)
    RCC_I2S2CLKConfig                        0x08004a4f   Thumb Code     6  stm32f10x_rcc.o(.text)
    RCC_I2S3CLKConfig                        0x08004a55   Thumb Code     6  stm32f10x_rcc.o(.text)
    RCC_LSEConfig                            0x08004a5b   Thumb Code    30  stm32f10x_rcc.o(.text)
    RCC_LSICmd                               0x08004a79   Thumb Code     6  stm32f10x_rcc.o(.text)
    RCC_RTCCLKConfig                         0x08004a7f   Thumb Code    10  stm32f10x_rcc.o(.text)
    RCC_RTCCLKCmd                            0x08004a89   Thumb Code     6  stm32f10x_rcc.o(.text)
    RCC_GetClocksFreq                        0x08004a8f   Thumb Code   206  stm32f10x_rcc.o(.text)
    RCC_AHBPeriphClockCmd                    0x08004b5d   Thumb Code    18  stm32f10x_rcc.o(.text)
    RCC_APB2PeriphClockCmd                   0x08004b6f   Thumb Code    18  stm32f10x_rcc.o(.text)
    RCC_APB1PeriphClockCmd                   0x08004b81   Thumb Code    18  stm32f10x_rcc.o(.text)
    RCC_AHBPeriphResetCmd                    0x08004b93   Thumb Code    18  stm32f10x_rcc.o(.text)
    RCC_APB2PeriphResetCmd                   0x08004ba5   Thumb Code    18  stm32f10x_rcc.o(.text)
    RCC_APB1PeriphResetCmd                   0x08004bb7   Thumb Code    18  stm32f10x_rcc.o(.text)
    RCC_BackupResetCmd                       0x08004bc9   Thumb Code     6  stm32f10x_rcc.o(.text)
    RCC_ClockSecuritySystemCmd               0x08004bcf   Thumb Code     6  stm32f10x_rcc.o(.text)
    RCC_MCOConfig                            0x08004bd5   Thumb Code     6  stm32f10x_rcc.o(.text)
    RCC_ClearFlag                            0x08004bdb   Thumb Code    12  stm32f10x_rcc.o(.text)
    RCC_GetITStatus                          0x08004be7   Thumb Code    16  stm32f10x_rcc.o(.text)
    RCC_ClearITPendingBit                    0x08004bf7   Thumb Code     6  stm32f10x_rcc.o(.text)
    USART_DeInit                             0x08004c31   Thumb Code   148  stm32f10x_usart.o(.text)
    USART_Init                               0x08004cc5   Thumb Code   174  stm32f10x_usart.o(.text)
    USART_StructInit                         0x08004d73   Thumb Code    22  stm32f10x_usart.o(.text)
    USART_ClockInit                          0x08004d89   Thumb Code    36  stm32f10x_usart.o(.text)
    USART_ClockStructInit                    0x08004dad   Thumb Code    12  stm32f10x_usart.o(.text)
    USART_Cmd                                0x08004db9   Thumb Code    18  stm32f10x_usart.o(.text)
    USART_ITConfig                           0x08004dcb   Thumb Code    48  stm32f10x_usart.o(.text)
    USART_DMACmd                             0x08004dfb   Thumb Code    16  stm32f10x_usart.o(.text)
    USART_SetAddress                         0x08004e0b   Thumb Code    16  stm32f10x_usart.o(.text)
    USART_WakeUpConfig                       0x08004e1b   Thumb Code    16  stm32f10x_usart.o(.text)
    USART_ReceiverWakeUpCmd                  0x08004e2b   Thumb Code    18  stm32f10x_usart.o(.text)
    USART_LINBreakDetectLengthConfig         0x08004e3d   Thumb Code    16  stm32f10x_usart.o(.text)
    USART_LINCmd                             0x08004e4d   Thumb Code    18  stm32f10x_usart.o(.text)
    USART_SendData                           0x08004e5f   Thumb Code     8  stm32f10x_usart.o(.text)
    USART_ReceiveData                        0x08004e67   Thumb Code     8  stm32f10x_usart.o(.text)
    USART_SendBreak                          0x08004e6f   Thumb Code    10  stm32f10x_usart.o(.text)
    USART_SetGuardTime                       0x08004e79   Thumb Code    16  stm32f10x_usart.o(.text)
    USART_SetPrescaler                       0x08004e89   Thumb Code    16  stm32f10x_usart.o(.text)
    USART_SmartCardCmd                       0x08004e99   Thumb Code    18  stm32f10x_usart.o(.text)
    USART_SmartCardNACKCmd                   0x08004eab   Thumb Code    18  stm32f10x_usart.o(.text)
    USART_HalfDuplexCmd                      0x08004ebd   Thumb Code    18  stm32f10x_usart.o(.text)
    USART_OverSampling8Cmd                   0x08004ecf   Thumb Code    18  stm32f10x_usart.o(.text)
    USART_OneBitMethodCmd                    0x08004ee1   Thumb Code    18  stm32f10x_usart.o(.text)
    USART_IrDAConfig                         0x08004ef3   Thumb Code    16  stm32f10x_usart.o(.text)
    USART_IrDACmd                            0x08004f03   Thumb Code    18  stm32f10x_usart.o(.text)
    USART_GetFlagStatus                      0x08004f15   Thumb Code    14  stm32f10x_usart.o(.text)
    USART_ClearFlag                          0x08004f23   Thumb Code     6  stm32f10x_usart.o(.text)
    USART_GetITStatus                        0x08004f29   Thumb Code    76  stm32f10x_usart.o(.text)
    USART_ClearITPendingBit                  0x08004f75   Thumb Code    14  stm32f10x_usart.o(.text)
    TIM_DeInit                               0x08004f89   Thumb Code   482  stm32f10x_tim.o(.text)
    TIM_TimeBaseInit                         0x0800516b   Thumb Code   148  stm32f10x_tim.o(.text)
    TIM_OC1Init                              0x080051ff   Thumb Code   132  stm32f10x_tim.o(.text)
    TIM_OC2Init                              0x08005283   Thumb Code   138  stm32f10x_tim.o(.text)
    TIM_OC3Init                              0x0800530d   Thumb Code   140  stm32f10x_tim.o(.text)
    TIM_OC4Init                              0x08005399   Thumb Code   104  stm32f10x_tim.o(.text)
    TIM_SetIC4Prescaler                      0x08005401   Thumb Code    24  stm32f10x_tim.o(.text)
    TIM_SetIC3Prescaler                      0x08005419   Thumb Code    16  stm32f10x_tim.o(.text)
    TIM_SetIC2Prescaler                      0x08005429   Thumb Code    24  stm32f10x_tim.o(.text)
    TIM_SetIC1Prescaler                      0x08005441   Thumb Code    16  stm32f10x_tim.o(.text)
    TIM_ICInit                               0x08005451   Thumb Code   428  stm32f10x_tim.o(.text)
    TIM_PWMIConfig                           0x080055fd   Thumb Code   332  stm32f10x_tim.o(.text)
    TIM_BDTRConfig                           0x08005749   Thumb Code    36  stm32f10x_tim.o(.text)
    TIM_TimeBaseStructInit                   0x0800576d   Thumb Code    18  stm32f10x_tim.o(.text)
    TIM_OCStructInit                         0x0800577f   Thumb Code    20  stm32f10x_tim.o(.text)
    TIM_ICStructInit                         0x08005793   Thumb Code    16  stm32f10x_tim.o(.text)
    TIM_BDTRStructInit                       0x080057a3   Thumb Code    18  stm32f10x_tim.o(.text)
    TIM_Cmd                                  0x080057b5   Thumb Code    18  stm32f10x_tim.o(.text)
    TIM_CtrlPWMOutputs                       0x080057c7   Thumb Code    22  stm32f10x_tim.o(.text)
    TIM_ITConfig                             0x080057dd   Thumb Code    16  stm32f10x_tim.o(.text)
    TIM_GenerateEvent                        0x080057ed   Thumb Code     4  stm32f10x_tim.o(.text)
    TIM_DMAConfig                            0x080057f1   Thumb Code     8  stm32f10x_tim.o(.text)
    TIM_DMACmd                               0x080057f9   Thumb Code    16  stm32f10x_tim.o(.text)
    TIM_InternalClockConfig                  0x08005809   Thumb Code    10  stm32f10x_tim.o(.text)
    TIM_SelectInputTrigger                   0x08005813   Thumb Code    12  stm32f10x_tim.o(.text)
    TIM_ITRxExternalClockConfig              0x0800581f   Thumb Code    20  stm32f10x_tim.o(.text)
    TIM_TIxExternalClockConfig               0x08005833   Thumb Code   158  stm32f10x_tim.o(.text)
    TIM_ETRConfig                            0x080058d1   Thumb Code    32  stm32f10x_tim.o(.text)
    TIM_ETRClockMode1Config                  0x080058f1   Thumb Code    40  stm32f10x_tim.o(.text)
    TIM_ETRClockMode2Config                  0x08005919   Thumb Code    40  stm32f10x_tim.o(.text)
    TIM_PrescalerConfig                      0x08005941   Thumb Code     6  stm32f10x_tim.o(.text)
    TIM_CounterModeConfig                    0x08005947   Thumb Code    12  stm32f10x_tim.o(.text)
    TIM_EncoderInterfaceConfig               0x08005953   Thumb Code    60  stm32f10x_tim.o(.text)
    TIM_ForcedOC1Config                      0x0800598f   Thumb Code    12  stm32f10x_tim.o(.text)
    TIM_ForcedOC2Config                      0x0800599b   Thumb Code    20  stm32f10x_tim.o(.text)
    TIM_ForcedOC3Config                      0x080059af   Thumb Code    12  stm32f10x_tim.o(.text)
    TIM_ForcedOC4Config                      0x080059bb   Thumb Code    20  stm32f10x_tim.o(.text)
    TIM_ARRPreloadConfig                     0x080059cf   Thumb Code    18  stm32f10x_tim.o(.text)
    TIM_SelectCOM                            0x080059e1   Thumb Code    18  stm32f10x_tim.o(.text)
    TIM_SelectCCDMA                          0x080059f3   Thumb Code    18  stm32f10x_tim.o(.text)
    TIM_CCPreloadControl                     0x08005a05   Thumb Code    18  stm32f10x_tim.o(.text)
    TIM_OC1PreloadConfig                     0x08005a17   Thumb Code    12  stm32f10x_tim.o(.text)
    TIM_OC2PreloadConfig                     0x08005a23   Thumb Code    20  stm32f10x_tim.o(.text)
    TIM_OC3PreloadConfig                     0x08005a37   Thumb Code    12  stm32f10x_tim.o(.text)
    TIM_OC4PreloadConfig                     0x08005a43   Thumb Code    20  stm32f10x_tim.o(.text)
    TIM_OC1FastConfig                        0x08005a57   Thumb Code    12  stm32f10x_tim.o(.text)
    TIM_OC2FastConfig                        0x08005a63   Thumb Code    20  stm32f10x_tim.o(.text)
    TIM_OC3FastConfig                        0x08005a77   Thumb Code    12  stm32f10x_tim.o(.text)
    TIM_OC4FastConfig                        0x08005a83   Thumb Code    20  stm32f10x_tim.o(.text)
    TIM_ClearOC1Ref                          0x08005a97   Thumb Code    12  stm32f10x_tim.o(.text)
    TIM_ClearOC2Ref                          0x08005aa3   Thumb Code    20  stm32f10x_tim.o(.text)
    TIM_ClearOC3Ref                          0x08005ab7   Thumb Code    12  stm32f10x_tim.o(.text)
    TIM_ClearOC4Ref                          0x08005ac3   Thumb Code    20  stm32f10x_tim.o(.text)
    TIM_OC1PolarityConfig                    0x08005ad7   Thumb Code    12  stm32f10x_tim.o(.text)
    TIM_OC1NPolarityConfig                   0x08005ae3   Thumb Code    12  stm32f10x_tim.o(.text)
    TIM_OC2PolarityConfig                    0x08005aef   Thumb Code    20  stm32f10x_tim.o(.text)
    TIM_OC2NPolarityConfig                   0x08005b03   Thumb Code    20  stm32f10x_tim.o(.text)
    TIM_OC3PolarityConfig                    0x08005b17   Thumb Code    20  stm32f10x_tim.o(.text)
    TIM_OC3NPolarityConfig                   0x08005b2b   Thumb Code    20  stm32f10x_tim.o(.text)
    TIM_OC4PolarityConfig                    0x08005b3f   Thumb Code    20  stm32f10x_tim.o(.text)
    TIM_CCxCmd                               0x08005b53   Thumb Code    26  stm32f10x_tim.o(.text)
    TIM_CCxNCmd                              0x08005b6d   Thumb Code    26  stm32f10x_tim.o(.text)
    TIM_SelectOCxM                           0x08005b87   Thumb Code    88  stm32f10x_tim.o(.text)
    TIM_UpdateDisableConfig                  0x08005bdf   Thumb Code    18  stm32f10x_tim.o(.text)
    TIM_UpdateRequestConfig                  0x08005bf1   Thumb Code    18  stm32f10x_tim.o(.text)
    TIM_SelectHallSensor                     0x08005c03   Thumb Code    18  stm32f10x_tim.o(.text)
    TIM_SelectOnePulseMode                   0x08005c15   Thumb Code    16  stm32f10x_tim.o(.text)
    TIM_SelectOutputTrigger                  0x08005c25   Thumb Code    16  stm32f10x_tim.o(.text)
    TIM_SelectSlaveMode                      0x08005c35   Thumb Code    16  stm32f10x_tim.o(.text)
    TIM_SelectMasterSlaveMode                0x08005c45   Thumb Code    16  stm32f10x_tim.o(.text)
    TIM_SetCounter                           0x08005c55   Thumb Code     4  stm32f10x_tim.o(.text)
    TIM_SetAutoreload                        0x08005c59   Thumb Code     4  stm32f10x_tim.o(.text)
    TIM_SetCompare1                          0x08005c5d   Thumb Code     4  stm32f10x_tim.o(.text)
    TIM_SetCompare2                          0x08005c61   Thumb Code     4  stm32f10x_tim.o(.text)
    TIM_SetCompare3                          0x08005c65   Thumb Code     4  stm32f10x_tim.o(.text)
    TIM_SetCompare4                          0x08005c69   Thumb Code     6  stm32f10x_tim.o(.text)
    TIM_SetClockDivision                     0x08005c6f   Thumb Code    16  stm32f10x_tim.o(.text)
    TIM_GetCapture1                          0x08005c7f   Thumb Code     4  stm32f10x_tim.o(.text)
    TIM_GetCapture2                          0x08005c83   Thumb Code     4  stm32f10x_tim.o(.text)
    TIM_GetCapture3                          0x08005c87   Thumb Code     4  stm32f10x_tim.o(.text)
    TIM_GetCapture4                          0x08005c8b   Thumb Code     6  stm32f10x_tim.o(.text)
    TIM_GetCounter                           0x08005c91   Thumb Code     4  stm32f10x_tim.o(.text)
    TIM_GetPrescaler                         0x08005c95   Thumb Code     4  stm32f10x_tim.o(.text)
    TIM_GetFlagStatus                        0x08005c99   Thumb Code    14  stm32f10x_tim.o(.text)
    TIM_ClearFlag                            0x08005ca7   Thumb Code     6  stm32f10x_tim.o(.text)
    TIM_GetITStatus                          0x08005cad   Thumb Code    22  stm32f10x_tim.o(.text)
    TIM_ClearITPendingBit                    0x08005cc3   Thumb Code     6  stm32f10x_tim.o(.text)
    CAN_DeInit                               0x08005d51   Thumb Code    58  stm32f10x_can.o(.text)
    CAN_Init                                 0x08005d8b   Thumb Code   232  stm32f10x_can.o(.text)
    CAN_FilterInit                           0x08005e73   Thumb Code   218  stm32f10x_can.o(.text)
    CAN_StructInit                           0x08005f4d   Thumb Code    32  stm32f10x_can.o(.text)
    CAN_SlaveStartBank                       0x08005f6d   Thumb Code    40  stm32f10x_can.o(.text)
    CAN_DBGFreeze                            0x08005f95   Thumb Code    18  stm32f10x_can.o(.text)
    CAN_TTComModeCmd                         0x08005fa7   Thumb Code    90  stm32f10x_can.o(.text)
    CAN_Transmit                             0x08006001   Thumb Code   194  stm32f10x_can.o(.text)
    CAN_TransmitStatus                       0x080060c3   Thumb Code   106  stm32f10x_can.o(.text)
    CAN_CancelTransmit                       0x0800612d   Thumb Code    40  stm32f10x_can.o(.text)
    CAN_Receive                              0x08006155   Thumb Code   180  stm32f10x_can.o(.text)
    CAN_FIFORelease                          0x08006209   Thumb Code    22  stm32f10x_can.o(.text)
    CAN_MessagePending                       0x0800621f   Thumb Code    26  stm32f10x_can.o(.text)
    CAN_OperatingModeRequest                 0x08006239   Thumb Code   176  stm32f10x_can.o(.text)
    CAN_Sleep                                0x080062e9   Thumb Code    30  stm32f10x_can.o(.text)
    CAN_WakeUp                               0x08006307   Thumb Code    42  stm32f10x_can.o(.text)
    CAN_GetLastErrorCode                     0x08006331   Thumb Code    10  stm32f10x_can.o(.text)
    CAN_GetReceiveErrorCounter               0x0800633b   Thumb Code     6  stm32f10x_can.o(.text)
    CAN_GetLSBTransmitErrorCounter           0x08006341   Thumb Code     8  stm32f10x_can.o(.text)
    CAN_ITConfig                             0x08006349   Thumb Code    16  stm32f10x_can.o(.text)
    CAN_GetFlagStatus                        0x08006359   Thumb Code    82  stm32f10x_can.o(.text)
    CAN_ClearFlag                            0x080063ab   Thumb Code    48  stm32f10x_can.o(.text)
    CAN_GetITStatus                          0x080063db   Thumb Code   268  stm32f10x_can.o(.text)
    CAN_ClearITPendingBit                    0x080064e7   Thumb Code   152  stm32f10x_can.o(.text)
    ADC_DeInit                               0x08006589   Thumb Code    92  stm32f10x_adc.o(.text)
    ADC_Init                                 0x080065e5   Thumb Code    70  stm32f10x_adc.o(.text)
    ADC_StructInit                           0x0800662b   Thumb Code    18  stm32f10x_adc.o(.text)
    ADC_Cmd                                  0x0800663d   Thumb Code    18  stm32f10x_adc.o(.text)
    ADC_DMACmd                               0x0800664f   Thumb Code    18  stm32f10x_adc.o(.text)
    ADC_ITConfig                             0x08006661   Thumb Code    18  stm32f10x_adc.o(.text)
    ADC_ResetCalibration                     0x08006673   Thumb Code    10  stm32f10x_adc.o(.text)
    ADC_GetResetCalibrationStatus            0x0800667d   Thumb Code    16  stm32f10x_adc.o(.text)
    ADC_StartCalibration                     0x0800668d   Thumb Code    10  stm32f10x_adc.o(.text)
    ADC_GetCalibrationStatus                 0x08006697   Thumb Code    16  stm32f10x_adc.o(.text)
    ADC_SoftwareStartConvCmd                 0x080066a7   Thumb Code    18  stm32f10x_adc.o(.text)
    ADC_GetSoftwareStartConvStatus           0x080066b9   Thumb Code    16  stm32f10x_adc.o(.text)
    ADC_DiscModeChannelCountConfig           0x080066c9   Thumb Code    16  stm32f10x_adc.o(.text)
    ADC_DiscModeCmd                          0x080066d9   Thumb Code    18  stm32f10x_adc.o(.text)
    ADC_RegularChannelConfig                 0x080066eb   Thumb Code   146  stm32f10x_adc.o(.text)
    ADC_ExternalTrigConvCmd                  0x0800677d   Thumb Code    18  stm32f10x_adc.o(.text)
    ADC_GetConversionValue                   0x0800678f   Thumb Code     6  stm32f10x_adc.o(.text)
    ADC_GetDualModeConversionValue           0x08006795   Thumb Code     6  stm32f10x_adc.o(.text)
    ADC_AutoInjectedConvCmd                  0x0800679b   Thumb Code    18  stm32f10x_adc.o(.text)
    ADC_InjectedDiscModeCmd                  0x080067ad   Thumb Code    18  stm32f10x_adc.o(.text)
    ADC_ExternalTrigInjectedConvConfig       0x080067bf   Thumb Code    12  stm32f10x_adc.o(.text)
    ADC_ExternalTrigInjectedConvCmd          0x080067cb   Thumb Code    18  stm32f10x_adc.o(.text)
    ADC_SoftwareStartInjectedConvCmd         0x080067dd   Thumb Code    18  stm32f10x_adc.o(.text)
    ADC_GetSoftwareStartInjectedConvCmdStatus 0x080067ef   Thumb Code    16  stm32f10x_adc.o(.text)
    ADC_InjectedChannelConfig                0x080067ff   Thumb Code    96  stm32f10x_adc.o(.text)
    ADC_InjectedSequencerLengthConfig        0x0800685f   Thumb Code    16  stm32f10x_adc.o(.text)
    ADC_SetInjectedOffset                    0x0800686f   Thumb Code    12  stm32f10x_adc.o(.text)
    ADC_GetInjectedConversionValue           0x0800687b   Thumb Code    16  stm32f10x_adc.o(.text)
    ADC_AnalogWatchdogCmd                    0x0800688b   Thumb Code    16  stm32f10x_adc.o(.text)
    ADC_AnalogWatchdogThresholdsConfig       0x0800689b   Thumb Code     6  stm32f10x_adc.o(.text)
    ADC_AnalogWatchdogSingleChannelConfig    0x080068a1   Thumb Code    12  stm32f10x_adc.o(.text)
    ADC_TempSensorVrefintCmd                 0x080068ad   Thumb Code    20  stm32f10x_adc.o(.text)
    ADC_GetFlagStatus                        0x080068c1   Thumb Code    14  stm32f10x_adc.o(.text)
    ADC_ClearFlag                            0x080068cf   Thumb Code     6  stm32f10x_adc.o(.text)
    ADC_GetITStatus                          0x080068d5   Thumb Code    28  stm32f10x_adc.o(.text)
    ADC_ClearITPendingBit                    0x080068f1   Thumb Code     8  stm32f10x_adc.o(.text)
    DMA_DeInit                               0x08006905   Thumb Code   206  stm32f10x_dma.o(.text)
    DMA_Init                                 0x080069d3   Thumb Code    82  stm32f10x_dma.o(.text)
    DMA_StructInit                           0x08006a25   Thumb Code    26  stm32f10x_dma.o(.text)
    DMA_Cmd                                  0x08006a3f   Thumb Code    20  stm32f10x_dma.o(.text)
    DMA_ITConfig                             0x08006a53   Thumb Code    16  stm32f10x_dma.o(.text)
    DMA_SetCurrDataCounter                   0x08006a63   Thumb Code     4  stm32f10x_dma.o(.text)
    DMA_GetCurrDataCounter                   0x08006a67   Thumb Code     6  stm32f10x_dma.o(.text)
    DMA_GetFlagStatus                        0x08006a6d   Thumb Code    24  stm32f10x_dma.o(.text)
    DMA_ClearFlag                            0x08006a85   Thumb Code    16  stm32f10x_dma.o(.text)
    DMA_GetITStatus                          0x08006a95   Thumb Code    24  stm32f10x_dma.o(.text)
    DMA_ClearITPendingBit                    0x08006aad   Thumb Code    16  stm32f10x_dma.o(.text)
    SystemInit                               0x08006af9   Thumb Code   268  system_stm32f10x.o(.text)
    SystemCoreClockUpdate                    0x08006c05   Thumb Code   142  system_stm32f10x.o(.text)
    Reset_Handler                            0x08006cbd   Thumb Code     8  startup_stm32f10x_cl.o(.text)
    ADC1_2_IRQHandler                        0x08006cd7   Thumb Code     0  startup_stm32f10x_cl.o(.text)
    CAN1_RX1_IRQHandler                      0x08006cd7   Thumb Code     0  startup_stm32f10x_cl.o(.text)
    CAN1_SCE_IRQHandler                      0x08006cd7   Thumb Code     0  startup_stm32f10x_cl.o(.text)
    CAN1_TX_IRQHandler                       0x08006cd7   Thumb Code     0  startup_stm32f10x_cl.o(.text)
    CAN2_RX0_IRQHandler                      0x08006cd7   Thumb Code     0  startup_stm32f10x_cl.o(.text)
    CAN2_RX1_IRQHandler                      0x08006cd7   Thumb Code     0  startup_stm32f10x_cl.o(.text)
    CAN2_SCE_IRQHandler                      0x08006cd7   Thumb Code     0  startup_stm32f10x_cl.o(.text)
    CAN2_TX_IRQHandler                       0x08006cd7   Thumb Code     0  startup_stm32f10x_cl.o(.text)
    DMA1_Channel1_IRQHandler                 0x08006cd7   Thumb Code     0  startup_stm32f10x_cl.o(.text)
    DMA1_Channel2_IRQHandler                 0x08006cd7   Thumb Code     0  startup_stm32f10x_cl.o(.text)
    DMA1_Channel3_IRQHandler                 0x08006cd7   Thumb Code     0  startup_stm32f10x_cl.o(.text)
    DMA1_Channel4_IRQHandler                 0x08006cd7   Thumb Code     0  startup_stm32f10x_cl.o(.text)
    DMA1_Channel5_IRQHandler                 0x08006cd7   Thumb Code     0  startup_stm32f10x_cl.o(.text)
    DMA1_Channel6_IRQHandler                 0x08006cd7   Thumb Code     0  startup_stm32f10x_cl.o(.text)
    DMA1_Channel7_IRQHandler                 0x08006cd7   Thumb Code     0  startup_stm32f10x_cl.o(.text)
    DMA2_Channel1_IRQHandler                 0x08006cd7   Thumb Code     0  startup_stm32f10x_cl.o(.text)
    DMA2_Channel2_IRQHandler                 0x08006cd7   Thumb Code     0  startup_stm32f10x_cl.o(.text)
    DMA2_Channel3_IRQHandler                 0x08006cd7   Thumb Code     0  startup_stm32f10x_cl.o(.text)
    DMA2_Channel4_IRQHandler                 0x08006cd7   Thumb Code     0  startup_stm32f10x_cl.o(.text)
    DMA2_Channel5_IRQHandler                 0x08006cd7   Thumb Code     0  startup_stm32f10x_cl.o(.text)
    ETH_IRQHandler                           0x08006cd7   Thumb Code     0  startup_stm32f10x_cl.o(.text)
    ETH_WKUP_IRQHandler                      0x08006cd7   Thumb Code     0  startup_stm32f10x_cl.o(.text)
    EXTI0_IRQHandler                         0x08006cd7   Thumb Code     0  startup_stm32f10x_cl.o(.text)
    EXTI15_10_IRQHandler                     0x08006cd7   Thumb Code     0  startup_stm32f10x_cl.o(.text)
    EXTI1_IRQHandler                         0x08006cd7   Thumb Code     0  startup_stm32f10x_cl.o(.text)
    EXTI2_IRQHandler                         0x08006cd7   Thumb Code     0  startup_stm32f10x_cl.o(.text)
    EXTI3_IRQHandler                         0x08006cd7   Thumb Code     0  startup_stm32f10x_cl.o(.text)
    EXTI4_IRQHandler                         0x08006cd7   Thumb Code     0  startup_stm32f10x_cl.o(.text)
    EXTI9_5_IRQHandler                       0x08006cd7   Thumb Code     0  startup_stm32f10x_cl.o(.text)
    FLASH_IRQHandler                         0x08006cd7   Thumb Code     0  startup_stm32f10x_cl.o(.text)
    I2C1_ER_IRQHandler                       0x08006cd7   Thumb Code     0  startup_stm32f10x_cl.o(.text)
    I2C1_EV_IRQHandler                       0x08006cd7   Thumb Code     0  startup_stm32f10x_cl.o(.text)
    I2C2_ER_IRQHandler                       0x08006cd7   Thumb Code     0  startup_stm32f10x_cl.o(.text)
    I2C2_EV_IRQHandler                       0x08006cd7   Thumb Code     0  startup_stm32f10x_cl.o(.text)
    OTG_FS_IRQHandler                        0x08006cd7   Thumb Code     0  startup_stm32f10x_cl.o(.text)
    OTG_FS_WKUP_IRQHandler                   0x08006cd7   Thumb Code     0  startup_stm32f10x_cl.o(.text)
    PVD_IRQHandler                           0x08006cd7   Thumb Code     0  startup_stm32f10x_cl.o(.text)
    RCC_IRQHandler                           0x08006cd7   Thumb Code     0  startup_stm32f10x_cl.o(.text)
    RTCAlarm_IRQHandler                      0x08006cd7   Thumb Code     0  startup_stm32f10x_cl.o(.text)
    RTC_IRQHandler                           0x08006cd7   Thumb Code     0  startup_stm32f10x_cl.o(.text)
    SPI1_IRQHandler                          0x08006cd7   Thumb Code     0  startup_stm32f10x_cl.o(.text)
    SPI2_IRQHandler                          0x08006cd7   Thumb Code     0  startup_stm32f10x_cl.o(.text)
    SPI3_IRQHandler                          0x08006cd7   Thumb Code     0  startup_stm32f10x_cl.o(.text)
    TAMPER_IRQHandler                        0x08006cd7   Thumb Code     0  startup_stm32f10x_cl.o(.text)
    TIM1_BRK_IRQHandler                      0x08006cd7   Thumb Code     0  startup_stm32f10x_cl.o(.text)
    TIM1_CC_IRQHandler                       0x08006cd7   Thumb Code     0  startup_stm32f10x_cl.o(.text)
    TIM1_TRG_COM_IRQHandler                  0x08006cd7   Thumb Code     0  startup_stm32f10x_cl.o(.text)
    TIM5_IRQHandler                          0x08006cd7   Thumb Code     0  startup_stm32f10x_cl.o(.text)
    TIM6_IRQHandler                          0x08006cd7   Thumb Code     0  startup_stm32f10x_cl.o(.text)
    TIM7_IRQHandler                          0x08006cd7   Thumb Code     0  startup_stm32f10x_cl.o(.text)
    UART4_IRQHandler                         0x08006cd7   Thumb Code     0  startup_stm32f10x_cl.o(.text)
    UART5_IRQHandler                         0x08006cd7   Thumb Code     0  startup_stm32f10x_cl.o(.text)
    USART2_IRQHandler                        0x08006cd7   Thumb Code     0  startup_stm32f10x_cl.o(.text)
    USART3_IRQHandler                        0x08006cd7   Thumb Code     0  startup_stm32f10x_cl.o(.text)
    WWDG_IRQHandler                          0x08006cd7   Thumb Code     0  startup_stm32f10x_cl.o(.text)
    ___aeabi_memcpy8$move                    0x08006ce1   Thumb Code     0  memmovea.o(.text)
    __aeabi_memcpy                           0x08006ce1   Thumb Code    64  memmovea.o(.text)
    __aeabi_memcpy4                          0x08006ce1   Thumb Code     0  memmovea.o(.text)
    __aeabi_memmove                          0x08006ce1   Thumb Code     0  memmovea.o(.text)
    __aeabi_memmove4                         0x08006ce1   Thumb Code     0  memmovea.o(.text)
    __aeabi_memmove8                         0x08006ce1   Thumb Code     0  memmovea.o(.text)
    __aeabi_memset                           0x08006d21   Thumb Code    14  memseta.o(.text)
    __aeabi_memset4                          0x08006d21   Thumb Code     0  memseta.o(.text)
    __aeabi_memset8                          0x08006d21   Thumb Code     0  memseta.o(.text)
    __aeabi_memclr                           0x08006d2f   Thumb Code     4  memseta.o(.text)
    __aeabi_memclr4                          0x08006d2f   Thumb Code     0  memseta.o(.text)
    __aeabi_memclr8                          0x08006d2f   Thumb Code     0  memseta.o(.text)
    _memset$wrapper                          0x08006d33   Thumb Code    18  memseta.o(.text)
    strncpy                                  0x08006d45   Thumb Code    24  strncpy.o(.text)
    strlen                                   0x08006d5d   Thumb Code    14  strlen.o(.text)
    strcmp                                   0x08006d6b   Thumb Code    28  strcmp.o(.text)
    calloc                                   0x08006d87   Thumb Code    28  calloc.o(.text)
    atoi                                     0x08006da3   Thumb Code    26  atoi.o(.text)
    atol                                     0x08006dbd   Thumb Code    26  atol.o(.text)
    __aeabi_fadd                             0x08006dd7   Thumb Code   164  fadd.o(.text)
    __aeabi_fsub                             0x08006e7b   Thumb Code     6  fadd.o(.text)
    __aeabi_frsub                            0x08006e81   Thumb Code     6  fadd.o(.text)
    __aeabi_fmul                             0x08006e87   Thumb Code   100  fmul.o(.text)
    __aeabi_fdiv                             0x08006eeb   Thumb Code   124  fdiv.o(.text)
    __ARM_scalbnf                            0x08006f67   Thumb Code    24  fscalb.o(.text)
    scalbnf                                  0x08006f67   Thumb Code     0  fscalb.o(.text)
    __aeabi_dadd                             0x08006f7f   Thumb Code   322  dadd.o(.text)
    __aeabi_dsub                             0x080070c1   Thumb Code     6  dadd.o(.text)
    __aeabi_drsub                            0x080070c7   Thumb Code     6  dadd.o(.text)
    __aeabi_dmul                             0x080070cd   Thumb Code   228  dmul.o(.text)
    __aeabi_ddiv                             0x080071b1   Thumb Code   222  ddiv.o(.text)
    __ARM_scalbn                             0x0800728f   Thumb Code    46  dscalb.o(.text)
    scalbn                                   0x0800728f   Thumb Code     0  dscalb.o(.text)
    __aeabi_i2f                              0x080072bd   Thumb Code    18  fflti.o(.text)
    __aeabi_ui2f                             0x080072cf   Thumb Code    10  ffltui.o(.text)
    __aeabi_i2d                              0x080072d9   Thumb Code    34  dflti.o(.text)
    __aeabi_ui2d                             0x080072fb   Thumb Code    26  dfltui.o(.text)
    __aeabi_f2iz                             0x08007315   Thumb Code    50  ffixi.o(.text)
    __aeabi_f2uiz                            0x08007347   Thumb Code    40  ffixui.o(.text)
    __aeabi_d2uiz                            0x0800736f   Thumb Code    50  dfixui.o(.text)
    __aeabi_f2d                              0x080073a1   Thumb Code    38  f2d.o(.text)
    __aeabi_cdcmpeq                          0x080073c9   Thumb Code     0  cdcmple.o(.text)
    __aeabi_cdcmple                          0x080073c9   Thumb Code    48  cdcmple.o(.text)
    __aeabi_d2f                              0x080073f9   Thumb Code    56  d2f.o(.text)
    __aeabi_cfcmpeq                          0x08007431   Thumb Code     0  cfcmple.o(.text)
    __aeabi_cfcmple                          0x08007431   Thumb Code    20  cfcmple.o(.text)
    __aeabi_cfrcmple                         0x08007445   Thumb Code    20  cfrcmple.o(.text)
    __aeabi_uidiv                            0x08007459   Thumb Code     0  uidiv.o(.text)
    __aeabi_uidivmod                         0x08007459   Thumb Code    44  uidiv.o(.text)
    __aeabi_uldivmod                         0x08007485   Thumb Code    98  uldiv.o(.text)
    __aeabi_llsl                             0x080074e7   Thumb Code    30  llshl.o(.text)
    _ll_shift_l                              0x080074e7   Thumb Code     0  llshl.o(.text)
    __aeabi_llsr                             0x08007505   Thumb Code    32  llushr.o(.text)
    _ll_ushift_r                             0x08007505   Thumb Code     0  llushr.o(.text)
    __aeabi_lasr                             0x08007525   Thumb Code    36  llsshr.o(.text)
    _ll_sshift_r                             0x08007525   Thumb Code     0  llsshr.o(.text)
    __strtod_int                             0x0800757f   Thumb Code    88  strtod.o(.text)
    strtol                                   0x080075e5   Thumb Code   112  strtol.o(.text)
    __I$use$fp                               0x08007655   Thumb Code     0  iusefp.o(.text)
    _float_round                             0x08007655   Thumb Code    18  fepilogue.o(.text)
    _float_epilogue                          0x08007667   Thumb Code    92  fepilogue.o(.text)
    _double_round                            0x080076c3   Thumb Code    30  depilogue.o(.text)
    _double_epilogue                         0x080076e1   Thumb Code   156  depilogue.o(.text)
    _dsqrt                                   0x0800777d   Thumb Code   162  dsqrt.o(.text)
    __aeabi_d2ulz                            0x0800781f   Thumb Code    48  dfixul.o(.text)
    __aeabi_cdrcmple                         0x08007851   Thumb Code    48  cdrcmple.o(.text)
    __scatterload                            0x08007881   Thumb Code    28  init.o(.text)
    __scatterload_rt2                        0x08007881   Thumb Code     0  init.o(.text)
    __rt_ctype_table                         0x080078a5   Thumb Code     4  ctype_o.o(.text)
    isspace                                  0x080078ad   Thumb Code    18  isspace_o.o(.text)
    _scanf_real                              0x080079c1   Thumb Code     0  scanf_fp.o(.text)
    _scanf_really_real                       0x080079c1   Thumb Code   556  scanf_fp.o(.text)
    _sgetc                                   0x08007bf9   Thumb Code    30  _sgetc.o(.text)
    _sbackspace                              0x08007c17   Thumb Code    34  _sgetc.o(.text)
    _strtoul                                 0x08007c39   Thumb Code   158  _strtoul.o(.text)
    __aeabi_d2iz                             0x08007cd7   Thumb Code    62  dfixi.o(.text)
    _chval                                   0x08007d15   Thumb Code    28  _chval.o(.text)
    __aeabi_ul2d                             0x08007d31   Thumb Code    24  dfltul.o(.text)
    __decompress                             0x08007d49   Thumb Code     0  __dclz77c.o(.text)
    __decompress2                            0x08007d49   Thumb Code    94  __dclz77c.o(.text)
    __0printf                                0x08007da9   Thumb Code    22  printfa.o(i.__0printf)
    __1printf                                0x08007da9   Thumb Code     0  printfa.o(i.__0printf)
    __2printf                                0x08007da9   Thumb Code     0  printfa.o(i.__0printf)
    __c89printf                              0x08007da9   Thumb Code     0  printfa.o(i.__0printf)
    printf                                   0x08007da9   Thumb Code     0  printfa.o(i.__0printf)
    __ARM_fpclassify                         0x08007dc9   Thumb Code    40  fpclassify.o(i.__ARM_fpclassify)
    __aeabi_errno_addr                       0x08007df1   Thumb Code     4  errno.o(i.__aeabi_errno_addr)
    __rt_errno_addr                          0x08007df1   Thumb Code     0  errno.o(i.__aeabi_errno_addr)
    __ieee754_rem_pio2                       0x08007df9   Thumb Code   828  rred.o(i.__ieee754_rem_pio2)
    __kernel_cos                             0x08008181   Thumb Code   230  cos_i.o(i.__kernel_cos)
    __kernel_poly                            0x0800827d   Thumb Code   170  poly.o(i.__kernel_poly)
    __kernel_sin                             0x08008329   Thumb Code   224  sin_i.o(i.__kernel_sin)
    __mathlib_dbl_divzero                    0x08008415   Thumb Code    12  dunder.o(i.__mathlib_dbl_divzero)
    __mathlib_dbl_infnan                     0x08008425   Thumb Code     6  dunder.o(i.__mathlib_dbl_infnan)
    __mathlib_dbl_infnan2                    0x0800842b   Thumb Code     4  dunder.o(i.__mathlib_dbl_infnan2)
    __mathlib_dbl_invalid                    0x0800842f   Thumb Code    12  dunder.o(i.__mathlib_dbl_invalid)
    __mathlib_dbl_overflow                   0x0800843b   Thumb Code    14  dunder.o(i.__mathlib_dbl_overflow)
    __mathlib_dbl_underflow                  0x08008449   Thumb Code    10  dunder.o(i.__mathlib_dbl_underflow)
    __read_errno                             0x08008459   Thumb Code     6  errno.o(i.__read_errno)
    __scatterload_copy                       0x08008465   Thumb Code    14  handlers.o(i.__scatterload_copy)
    __scatterload_null                       0x08008473   Thumb Code     2  handlers.o(i.__scatterload_null)
    __scatterload_zeroinit                   0x08008475   Thumb Code    14  handlers.o(i.__scatterload_zeroinit)
    __set_errno                              0x08008485   Thumb Code     6  errno.o(i.__set_errno)
    _is_digit                                0x080085f5   Thumb Code    14  scanf_fp.o(i._is_digit)
    acos                                     0x08008d35   Thumb Code   574  acos.o(i.acos)
    atan                                     0x08008fb1   Thumb Code   474  atan.o(i.atan)
    atof                                     0x080091d1   Thumb Code    42  atof.o(i.atof)
    cos                                      0x080091fd   Thumb Code   148  cos.o(i.cos)
    free                                     0x08009299   Thumb Code    76  malloc.o(i.free)
    malloc                                   0x080092e9   Thumb Code    92  malloc.o(i.malloc)
    pow                                      0x08009355   Thumb Code  2478  pow.o(i.pow)
    sin                                      0x08009d0d   Thumb Code   150  sin.o(i.sin)
    sqrt                                     0x08009dad   Thumb Code    76  sqrt.o(i.sqrt)
    __mathlib_zero                           0x08009fa8   Data           8  qnan.o(.constdata)
    __ctype_table                            0x0800a0a0   Data         129  ctype_o.o(.constdata)
    Region$$Table$$Base                      0x0800a128   Number         0  anon$$obj.o(Region$$Table)
    Region$$Table$$Limit                     0x0800a148   Number         0  anon$$obj.o(Region$$Table)
    LED_TASK_HANDLER                         0x20000014   Data           4  deltatask.o(.data)
    UART_TASK_HANDLER                        0x20000018   Data           4  deltatask.o(.data)
    PID_TASK_HANDLER                         0x2000001c   Data           4  deltatask.o(.data)
    ENCODER_TASK_HANDLER                     0x20000020   Data           4  deltatask.o(.data)
    RxQueue                                  0x20000024   Data           4  deltatask.o(.data)
    PidQueue                                 0x20000028   Data           4  deltatask.o(.data)
    CanRxQueue                               0x2000002c   Data           4  deltatask.o(.data)
    UART_xCountingSemaphore                  0x20000030   Data           4  deltatask.o(.data)
    PID_xCountingSemaphore                   0x20000034   Data           4  deltatask.o(.data)
    CANRx_xCountingSemaphore                 0x20000038   Data           4  deltatask.o(.data)
    pxCurrentTCB                             0x2000003c   Data           4  tasks.o(.data)
    Toggle                                   0x20000090   Data           4  ames_led.o(.data)
    TimerPeriod                              0x20000094   Data           4  ames_pwm.o(.data)
    PrescaleValue                            0x20000098   Data           4  ames_pwm.o(.data)
    Command                                  0x200000a0   Data           4  ames_usart.o(.data)
    Index                                    0x200000a4   Data           4  ames_usart.o(.data)
    EndCmd                                   0x200000a8   Data           4  ames_usart.o(.data)
    TIM1_MAXCNT                              0x200000ac   Data           4  ames_qei.o(.data)
    TIM1_Over_Load                           0x200000b0   Data           4  ames_qei.o(.data)
    TIM2_MAXCNT                              0x200000b4   Data           4  ames_qei.o(.data)
    TIM2_Over_Load                           0x200000b8   Data           4  ames_qei.o(.data)
    TIM3_MAXCNT                              0x200000bc   Data           4  ames_qei.o(.data)
    TIM3_Over_Load                           0x200000c0   Data           4  ames_qei.o(.data)
    TIM4_MAXCNT                              0x200000c4   Data           4  ames_qei.o(.data)
    TIM4_Over_Load                           0x200000c8   Data           4  ames_qei.o(.data)
    PID_Kp                                   0x200000cc   Data           4  ames_pid.o(.data)
    PID_Ki                                   0x200000d0   Data           4  ames_pid.o(.data)
    PID_Kd                                   0x200000d4   Data           4  ames_pid.o(.data)
    PID_MinOut                               0x200000d8   Data           4  ames_pid.o(.data)
    PID_MaxOut                               0x200000dc   Data           4  ames_pid.o(.data)
    PID_Integrated                           0x200000e0   Data           4  ames_pid.o(.data)
    PID_Prev_Input                           0x200000e4   Data           4  ames_pid.o(.data)
    Result                                   0x200000e8   Data           4  ames_pid.o(.data)
    ADC_Value                                0x20000100   Data           8  ames_acs712.o(.data)
    coeffs                                   0x20000108   Data         504  ames_fir.o(.data)
    SystemCoreClock                          0x20000314   Data           4  system_stm32f10x.o(.data)
    AHBPrescTable                            0x20000318   Data          16  system_stm32f10x.o(.data)
    __stdout                                 0x20000328   Data           4  stdout.o(.data)
    __microlib_freelist                      0x2000032c   Data           4  mvars.o(.data)
    __microlib_freelist_initialised          0x20000330   Data           4  mvars.o(.data)
    Input_SEN                                0x20004770   Data        2400  ames_fir.o(.bss)
    Output                                   0x200050d0   Data         800  ames_fir.o(.bss)
    InputSample                              0x200053f0   Data        1136  ames_fir.o(.bss)
    __heap_base                              0x20005860   Data           0  startup_stm32f10x_cl.o(HEAP)
    __heap_limit                             0x20005a60   Data           0  startup_stm32f10x_cl.o(HEAP)
    __initial_sp                             0x20005e60   Data           0  startup_stm32f10x_cl.o(STACK)



==============================================================================

Memory Map of the image

  Image Entry point : 0x08000151

  Load Region LR_IROM1 (Base: 0x08000000, Size: 0x0000a480, Max: 0x00040000, ABSOLUTE, COMPRESSED[0x0000a2bc])

    Execution Region ER_IROM1 (Base: 0x08000000, Size: 0x0000a148, Max: 0x00040000, ABSOLUTE)

    Base Addr    Size         Type   Attr      Idx    E Section Name        Object

    0x08000000   0x00000150   Data   RO          752    RESET               startup_stm32f10x_cl.o
    0x08000150   0x00000000   Code   RO          815  * .ARM.Collect$$$$00000000  mc_w.l(entry.o)
    0x08000150   0x00000004   Code   RO         1202    .ARM.Collect$$$$00000001  mc_w.l(entry2.o)
    0x08000154   0x00000004   Code   RO         1205    .ARM.Collect$$$$00000004  mc_w.l(entry5.o)
    0x08000158   0x00000000   Code   RO         1207    .ARM.Collect$$$$00000008  mc_w.l(entry7b.o)
    0x08000158   0x00000000   Code   RO         1209    .ARM.Collect$$$$0000000A  mc_w.l(entry8b.o)
    0x08000158   0x00000008   Code   RO         1210    .ARM.Collect$$$$0000000B  mc_w.l(entry9a.o)
    0x08000160   0x00000000   Code   RO         1212    .ARM.Collect$$$$0000000D  mc_w.l(entry10a.o)
    0x08000160   0x00000000   Code   RO         1214    .ARM.Collect$$$$0000000F  mc_w.l(entry11a.o)
    0x08000160   0x00000004   Code   RO         1203    .ARM.Collect$$$$00002712  mc_w.l(entry2.o)
    0x08000164   0x00000088   Code   RO          367    .emb_text           port.o
    0x080001ec   0x0000000e   Code   RO            1    .text               main.o
    0x080001fa   0x00000002   PAD
    0x080001fc   0x00000ad8   Code   RO          193    .text               deltatask.o
    0x08000cd4   0x0000000c   Code   RO          209    .text               stm32f10x_it.o
    0x08000ce0   0x000005e4   Code   RO          225    .text               delta.o
    0x080012c4   0x0000008c   Code   RO          256    .text               hardware.o
    0x08001350   0x00000c62   Code   RO          268    .text               jacobian.o
    0x08001fb2   0x00000090   Code   RO          288    .text               list.o
    0x08002042   0x00000632   Code   RO          303    .text               queue.o
    0x08002674   0x000008c8   Code   RO          319    .text               tasks.o
    0x08002f3c   0x00000104   Code   RO          352    .text               heap_2.o
    0x08003040   0x000000a0   Code   RO          368    .text               port.o
    0x080030e0   0x000000b8   Code   RO          401    .text               ames_clock.o
    0x08003198   0x00000148   Code   RO          417    .text               ames_led.o
    0x080032e0   0x000001c4   Code   RO          433    .text               ames_pwm.o
    0x080034a4   0x00000318   Code   RO          452    .text               ames_usart.o
    0x080037bc   0x00000498   Code   RO          468    .text               ames_qei.o
    0x08003c54   0x00000250   Code   RO          483    .text               ames_pid.o
    0x08003ea4   0x000000f8   Code   RO          531    .text               ames_can.o
    0x08003f9c   0x000002c8   Code   RO          543    .text               ames_acs712.o
    0x08004264   0x000002cc   Code   RO          562    .text               ames_fir.o
    0x08004530   0x000000c4   Code   RO          579    .text               misc.o
    0x080045f4   0x000002a8   Code   RO          591    .text               stm32f10x_gpio.o
    0x0800489c   0x00000394   Code   RO          603    .text               stm32f10x_rcc.o
    0x08004c30   0x00000358   Code   RO          630    .text               stm32f10x_usart.o
    0x08004f88   0x00000dc8   Code   RO          642    .text               stm32f10x_tim.o
    0x08005d50   0x00000838   Code   RO          667    .text               stm32f10x_can.o
    0x08006588   0x0000037c   Code   RO          679    .text               stm32f10x_adc.o
    0x08006904   0x000001f4   Code   RO          691    .text               stm32f10x_dma.o
    0x08006af8   0x000001c4   Code   RO          713    .text               system_stm32f10x.o
    0x08006cbc   0x00000024   Code   RO          753    .text               startup_stm32f10x_cl.o
    0x08006ce0   0x00000040   Code   RO          820    .text               mc_w.l(memmovea.o)
    0x08006d20   0x00000024   Code   RO          822    .text               mc_w.l(memseta.o)
    0x08006d44   0x00000018   Code   RO          824    .text               mc_w.l(strncpy.o)
    0x08006d5c   0x0000000e   Code   RO          826    .text               mc_w.l(strlen.o)
    0x08006d6a   0x0000001c   Code   RO          828    .text               mc_w.l(strcmp.o)
    0x08006d86   0x0000001c   Code   RO         1123    .text               mc_w.l(calloc.o)
    0x08006da2   0x0000001a   Code   RO         1125    .text               mc_w.l(atoi.o)
    0x08006dbc   0x0000001a   Code   RO         1127    .text               mc_w.l(atol.o)
    0x08006dd6   0x000000b0   Code   RO         1129    .text               mf_w.l(fadd.o)
    0x08006e86   0x00000064   Code   RO         1131    .text               mf_w.l(fmul.o)
    0x08006eea   0x0000007c   Code   RO         1133    .text               mf_w.l(fdiv.o)
    0x08006f66   0x00000018   Code   RO         1135    .text               mf_w.l(fscalb.o)
    0x08006f7e   0x0000014e   Code   RO         1137    .text               mf_w.l(dadd.o)
    0x080070cc   0x000000e4   Code   RO         1139    .text               mf_w.l(dmul.o)
    0x080071b0   0x000000de   Code   RO         1141    .text               mf_w.l(ddiv.o)
    0x0800728e   0x0000002e   Code   RO         1143    .text               mf_w.l(dscalb.o)
    0x080072bc   0x00000012   Code   RO         1145    .text               mf_w.l(fflti.o)
    0x080072ce   0x0000000a   Code   RO         1147    .text               mf_w.l(ffltui.o)
    0x080072d8   0x00000022   Code   RO         1149    .text               mf_w.l(dflti.o)
    0x080072fa   0x0000001a   Code   RO         1151    .text               mf_w.l(dfltui.o)
    0x08007314   0x00000032   Code   RO         1153    .text               mf_w.l(ffixi.o)
    0x08007346   0x00000028   Code   RO         1155    .text               mf_w.l(ffixui.o)
    0x0800736e   0x00000032   Code   RO         1157    .text               mf_w.l(dfixui.o)
    0x080073a0   0x00000026   Code   RO         1159    .text               mf_w.l(f2d.o)
    0x080073c6   0x00000002   PAD
    0x080073c8   0x00000030   Code   RO         1161    .text               mf_w.l(cdcmple.o)
    0x080073f8   0x00000038   Code   RO         1163    .text               mf_w.l(d2f.o)
    0x08007430   0x00000014   Code   RO         1165    .text               mf_w.l(cfcmple.o)
    0x08007444   0x00000014   Code   RO         1167    .text               mf_w.l(cfrcmple.o)
    0x08007458   0x0000002c   Code   RO         1217    .text               mc_w.l(uidiv.o)
    0x08007484   0x00000062   Code   RO         1219    .text               mc_w.l(uldiv.o)
    0x080074e6   0x0000001e   Code   RO         1221    .text               mc_w.l(llshl.o)
    0x08007504   0x00000020   Code   RO         1223    .text               mc_w.l(llushr.o)
    0x08007524   0x00000024   Code   RO         1225    .text               mc_w.l(llsshr.o)
    0x08007548   0x0000009c   Code   RO         1236    .text               mc_w.l(strtod.o)
    0x080075e4   0x00000070   Code   RO         1238    .text               mc_w.l(strtol.o)
    0x08007654   0x00000000   Code   RO         1240    .text               mc_w.l(iusefp.o)
    0x08007654   0x0000006e   Code   RO         1241    .text               mf_w.l(fepilogue.o)
    0x080076c2   0x000000ba   Code   RO         1243    .text               mf_w.l(depilogue.o)
    0x0800777c   0x000000a2   Code   RO         1245    .text               mf_w.l(dsqrt.o)
    0x0800781e   0x00000030   Code   RO         1247    .text               mf_w.l(dfixul.o)
    0x0800784e   0x00000002   PAD
    0x08007850   0x00000030   Code   RO         1249    .text               mf_w.l(cdrcmple.o)
    0x08007880   0x00000024   Code   RO         1251    .text               mc_w.l(init.o)
    0x080078a4   0x00000008   Code   RO         1255    .text               mc_w.l(ctype_o.o)
    0x080078ac   0x00000012   Code   RO         1277    .text               mc_w.l(isspace_o.o)
    0x080078be   0x00000002   PAD
    0x080078c0   0x00000338   Code   RO         1283    .text               mc_w.l(scanf_fp.o)
    0x08007bf8   0x00000040   Code   RO         1287    .text               mc_w.l(_sgetc.o)
    0x08007c38   0x0000009e   Code   RO         1289    .text               mc_w.l(_strtoul.o)
    0x08007cd6   0x0000003e   Code   RO         1291    .text               mf_w.l(dfixi.o)
    0x08007d14   0x0000001c   Code   RO         1296    .text               mc_w.l(_chval.o)
    0x08007d30   0x00000018   Code   RO         1298    .text               mf_w.l(dfltul.o)
    0x08007d48   0x0000005e   Code   RO         1308    .text               mc_w.l(__dclz77c.o)
    0x08007da6   0x00000002   PAD
    0x08007da8   0x00000020   Code   RO         1067    i.__0printf         mc_w.l(printfa.o)
    0x08007dc8   0x00000028   Code   RO         1186    i.__ARM_fpclassify  m_ws.l(fpclassify.o)
    0x08007df0   0x00000008   Code   RO         1229    i.__aeabi_errno_addr  mc_w.l(errno.o)
    0x08007df8   0x00000388   Code   RO         1191    i.__ieee754_rem_pio2  m_ws.l(rred.o)
    0x08008180   0x000000fc   Code   RO         1169    i.__kernel_cos      m_ws.l(cos_i.o)
    0x0800827c   0x000000aa   Code   RO         1188    i.__kernel_poly     m_ws.l(poly.o)
    0x08008326   0x00000002   PAD
    0x08008328   0x000000ec   Code   RO         1196    i.__kernel_sin      m_ws.l(sin_i.o)
    0x08008414   0x00000010   Code   RO         1172    i.__mathlib_dbl_divzero  m_ws.l(dunder.o)
    0x08008424   0x00000006   Code   RO         1173    i.__mathlib_dbl_infnan  m_ws.l(dunder.o)
    0x0800842a   0x00000004   Code   RO         1174    i.__mathlib_dbl_infnan2  m_ws.l(dunder.o)
    0x0800842e   0x0000000c   Code   RO         1175    i.__mathlib_dbl_invalid  m_ws.l(dunder.o)
    0x0800843a   0x0000000e   Code   RO         1176    i.__mathlib_dbl_overflow  m_ws.l(dunder.o)
    0x08008448   0x00000010   Code   RO         1178    i.__mathlib_dbl_underflow  m_ws.l(dunder.o)
    0x08008458   0x0000000c   Code   RO         1230    i.__read_errno      mc_w.l(errno.o)
    0x08008464   0x0000000e   Code   RO         1302    i.__scatterload_copy  mc_w.l(handlers.o)
    0x08008472   0x00000002   Code   RO         1303    i.__scatterload_null  mc_w.l(handlers.o)
    0x08008474   0x0000000e   Code   RO         1304    i.__scatterload_zeroinit  mc_w.l(handlers.o)
    0x08008482   0x00000002   PAD
    0x08008484   0x0000000c   Code   RO         1231    i.__set_errno       mc_w.l(errno.o)
    0x08008490   0x00000164   Code   RO         1074    i._fp_digits        mc_w.l(printfa.o)
    0x080085f4   0x0000000e   Code   RO         1285    i._is_digit         mc_w.l(scanf_fp.o)
    0x08008602   0x00000002   PAD
    0x08008604   0x000006dc   Code   RO         1075    i._printf_core      mc_w.l(printfa.o)
    0x08008ce0   0x00000024   Code   RO         1076    i._printf_post_padding  mc_w.l(printfa.o)
    0x08008d04   0x0000002e   Code   RO         1077    i._printf_pre_padding  mc_w.l(printfa.o)
    0x08008d32   0x00000002   PAD
    0x08008d34   0x0000027c   Code   RO          758    i.acos              m_ws.l(acos.o)
    0x08008fb0   0x00000220   Code   RO          768    i.atan              m_ws.l(atan.o)
    0x080091d0   0x0000002a   Code   RO          778    i.atof              m_ws.l(atof.o)
    0x080091fa   0x00000002   PAD
    0x080091fc   0x0000009c   Code   RO          782    i.cos               m_ws.l(cos.o)
    0x08009298   0x00000050   Code   RO         1095    i.free              mc_w.l(malloc.o)
    0x080092e8   0x0000006c   Code   RO         1096    i.malloc            mc_w.l(malloc.o)
    0x08009354   0x000009b8   Code   RO          790    i.pow               m_ws.l(pow.o)
    0x08009d0c   0x000000a0   Code   RO          800    i.sin               m_ws.l(sin.o)
    0x08009dac   0x0000004c   Code   RO          808    i.sqrt              m_ws.l(sqrt.o)
    0x08009df8   0x0000000c   Data   RO          194    .constdata          deltatask.o
    0x08009e04   0x00000004   PAD
    0x08009e08   0x00000050   Data   RO          759    .constdata          m_ws.l(acos.o)
    0x08009e58   0x00000098   Data   RO          769    .constdata          m_ws.l(atan.o)
    0x08009ef0   0x00000088   Data   RO          791    .constdata          m_ws.l(pow.o)
    0x08009f78   0x00000030   Data   RO         1170    .constdata          m_ws.l(cos_i.o)
    0x08009fa8   0x00000008   Data   RO         1190    .constdata          m_ws.l(qnan.o)
    0x08009fb0   0x000000c8   Data   RO         1193    .constdata          m_ws.l(rred.o)
    0x0800a078   0x00000028   Data   RO         1197    .constdata          m_ws.l(sin_i.o)
    0x0800a0a0   0x00000081   Data   RO         1256    .constdata          mc_w.l(ctype_o.o)
    0x0800a121   0x00000003   PAD
    0x0800a124   0x00000004   Data   RO         1257    .constdata          mc_w.l(ctype_o.o)
    0x0800a128   0x00000020   Data   RO         1300    Region$$Table       anon$$obj.o


    Execution Region RW_IRAM1 (Base: 0x20000000, Size: 0x00005e60, Max: 0x00010000, ABSOLUTE, COMPRESSED[0x00000174])

    Base Addr    Size         Type   Attr      Idx    E Section Name        Object

    0x20000000   0x0000003c   Data   RW          195    .data               deltatask.o
    0x2000003c   0x00000038   Data   RW          321    .data               tasks.o
    0x20000074   0x00000018   Data   RW          354    .data               heap_2.o
    0x2000008c   0x00000004   Data   RW          369    .data               port.o
    0x20000090   0x00000004   Data   RW          418    .data               ames_led.o
    0x20000094   0x00000008   Data   RW          434    .data               ames_pwm.o
    0x2000009c   0x00000010   Data   RW          453    .data               ames_usart.o
    0x200000ac   0x00000020   Data   RW          469    .data               ames_qei.o
    0x200000cc   0x00000020   Data   RW          484    .data               ames_pid.o
    0x200000ec   0x00000004   PAD
    0x200000f0   0x00000018   Data   RW          547    .data               ames_acs712.o
    0x20000108   0x000001f8   Data   RW          564    .data               ames_fir.o
    0x20000300   0x00000014   Data   RW          604    .data               stm32f10x_rcc.o
    0x20000314   0x00000014   Data   RW          714    .data               system_stm32f10x.o
    0x20000328   0x00000004   Data   RW         1216    .data               mc_w.l(stdout.o)
    0x2000032c   0x00000004   Data   RW         1227    .data               mc_w.l(mvars.o)
    0x20000330   0x00000004   Data   RW         1228    .data               mc_w.l(mvars.o)
    0x20000334   0x00000004   Data   RW         1232    .data               mc_w.l(errno.o)
    0x20000338   0x00000834   Zero   RW          320    .bss                tasks.o
    0x20000b6c   0x00000004   PAD
    0x20000b70   0x00003c00   Zero   RW          353    .bss                heap_2.o
    0x20004770   0x000010f0   Zero   RW          563    .bss                ames_fir.o
    0x20005860   0x00000200   Zero   RW          751    HEAP                startup_stm32f10x_cl.o
    0x20005a60   0x00000400   Zero   RW          750    STACK               startup_stm32f10x_cl.o


==============================================================================

Image component sizes


      Code (inc. data)   RO Data    RW Data    ZI Data      Debug   Object Name

       712         40          0         24          0       2363   ames_acs712.o
       248         10          0          0          0        832   ames_can.o
       184          8          0          0          0      15720   ames_clock.o
       716         28          0        504       4336       2568   ames_fir.o
       328         38          0          4          0       1676   ames_led.o
       592          6          0         32          0       2009   ames_pid.o
       452         16          0          8          0       3315   ames_pwm.o
      1176         60          0         32          0       4171   ames_qei.o
       792         26          0         16          0       3226   ames_usart.o
      1508         68          0          0          0       3028   delta.o
      2776        522         12         60          0       3889   deltatask.o
       140          6          0          0          0        642   hardware.o
       260         14          0         24      15360       3176   heap_2.o
      3170         62          0          0          0       3052   jacobian.o
       144          0          0          0          0       1585   list.o
        14          0          0          0          0     312195   main.o
       196         14          0          0          0       1745   misc.o
       296         30          0          4          0       3313   port.o
      1586          0          0          0          0       7185   queue.o
        36          8        336          0       1536        856   startup_stm32f10x_cl.o
       892         12          0          0          0       9441   stm32f10x_adc.o
      2104         48          0          0          0       8868   stm32f10x_can.o
       500         60          0          0          0       4154   stm32f10x_dma.o
       680          8          0          0          0       5165   stm32f10x_gpio.o
        12          0          0          0          0        855   stm32f10x_it.o
       916         52          0         20          0      10400   stm32f10x_rcc.o
      3528         32          0          0          0      19690   stm32f10x_tim.o
       856          6          0          0          0       7184   stm32f10x_usart.o
       452         42          0         20          0       2067   system_stm32f10x.o
      2248         68          0         56       2100      10976   tasks.o

    ----------------------------------------------------------------------
     27516       1284        384        808      23336     455346   Object Totals
         0          0         32          0          0          0   (incl. Generated)
         2          0          4          4          4          0   (incl. Padding)

    ----------------------------------------------------------------------

      Code (inc. data)   RO Data    RW Data    ZI Data      Debug   Library Member Name

       636         62         80          0          0        188   acos.o
       544         70        152          0          0        124   atan.o
        42          0          0          0          0         84   atof.o
       156          8          0          0          0        104   cos.o
       252         22         48          0          0        124   cos_i.o
        68         10          0          0          0        408   dunder.o
        40          0          0          0          0         68   fpclassify.o
       170          0          0          0          0         96   poly.o
      2488        190        136          0          0        300   pow.o
         0          0          8          0          0          0   qnan.o
       904         76        200          0          0        140   rred.o
       160         10          0          0          0        108   sin.o
       236         12         40          0          0        128   sin_i.o
        76          0          0          0          0         84   sqrt.o
        94          0          0          0          0          0   __dclz77c.o
        28          0          0          0          0         68   _chval.o
        64          0          0          0          0         84   _sgetc.o
       158          0          0          0          0         92   _strtoul.o
        26          0          0          0          0         80   atoi.o
        26          0          0          0          0         80   atol.o
        28          0          0          0          0         76   calloc.o
         8          4        133          0          0         68   ctype_o.o
         0          0          0          0          0          0   entry.o
         0          0          0          0          0          0   entry10a.o
         0          0          0          0          0          0   entry11a.o
         8          4          0          0          0          0   entry2.o
         4          0          0          0          0          0   entry5.o
         0          0          0          0          0          0   entry7b.o
         0          0          0          0          0          0   entry8b.o
         8          4          0          0          0          0   entry9a.o
        32         16          0          4          0        204   errno.o
        30          0          0          0          0          0   handlers.o
        36          8          0          0          0         68   init.o
        18          0          0          0          0         76   isspace_o.o
         0          0          0          0          0          0   iusefp.o
        30          0          0          0          0         68   llshl.o
        36          0          0          0          0         68   llsshr.o
        32          0          0          0          0         68   llushr.o
       188         20          0          0          0        160   malloc.o
        64          0          0          0          0         76   memmovea.o
        36          0          0          0          0        108   memseta.o
         0          0          0          8          0          0   mvars.o
      2226         90          0          0          0        444   printfa.o
       838         12          0          0          0        216   scanf_fp.o
         0          0          0          4          0          0   stdout.o
        28          0          0          0          0         76   strcmp.o
        14          0          0          0          0         68   strlen.o
        24          0          0          0          0         76   strncpy.o
       156         14          0          0          0        120   strtod.o
       112          0          0          0          0         88   strtol.o
        44          0          0          0          0         80   uidiv.o
        98          0          0          0          0         92   uldiv.o
        48          0          0          0          0         68   cdcmple.o
        48          0          0          0          0         68   cdrcmple.o
        20          0          0          0          0         68   cfcmple.o
        20          0          0          0          0         68   cfrcmple.o
        56          0          0          0          0         88   d2f.o
       334          0          0          0          0        148   dadd.o
       222          0          0          0          0        100   ddiv.o
       186          0          0          0          0        176   depilogue.o
        62          0          0          0          0         80   dfixi.o
        50          0          0          0          0         76   dfixui.o
        48          0          0          0          0         68   dfixul.o
        34          0          0          0          0         76   dflti.o
        26          0          0          0          0         76   dfltui.o
        24          0          0          0          0         76   dfltul.o
       228          0          0          0          0         96   dmul.o
        46          0          0          0          0         80   dscalb.o
       162          0          0          0          0        100   dsqrt.o
        38          0          0          0          0         68   f2d.o
       176          0          0          0          0        140   fadd.o
       124          0          0          0          0         88   fdiv.o
       110          0          0          0          0        168   fepilogue.o
        50          0          0          0          0         68   ffixi.o
        40          0          0          0          0         68   ffixui.o
        18          0          0          0          0         68   fflti.o
        10          0          0          0          0         68   ffltui.o
       100          0          0          0          0         76   fmul.o
        24          0          0          0          0         68   fscalb.o

    ----------------------------------------------------------------------
     12588        632        800         16          0       7052   Library Totals
        18          0          3          0          0          0   (incl. Padding)

    ----------------------------------------------------------------------

      Code (inc. data)   RO Data    RW Data    ZI Data      Debug   Library Name

      5772        460        664          0          0       1956   m_ws.l
      4494        172        133         16          0       2704   mc_w.l
      2304          0          0          0          0       2392   mf_w.l

    ----------------------------------------------------------------------
     12588        632        800         16          0       7052   Library Totals

    ----------------------------------------------------------------------

==============================================================================


      Code (inc. data)   RO Data    RW Data    ZI Data      Debug   

     40104       1916       1184        824      23336     454986   Grand Totals
     40104       1916       1184        372      23336     454986   ELF Image Totals (compressed)
     40104       1916       1184        372          0          0   ROM Totals

==============================================================================

    Total RO  Size (Code + RO Data)                41288 (  40.32kB)
    Total RW  Size (RW Data + ZI Data)             24160 (  23.59kB)
    Total ROM Size (Code + RO Data + RW Data)      41660 (  40.68kB)

==============================================================================

